CallSite.makeSite;java.lang.Module.implAddExportsOrOpens;956;MethodHandle(Lookup,String,MethodType,MethodType,MethodHandle,MethodType)CallSite;MethodHandle()BiFunction;info{[(Object,Object)Object, MethodHandle(Module,Module)Map, (Module,Module)Map]}
CallSite.makeSite;java.lang.WeakPairMap.computeIfAbsent;157;MethodHandle(Lookup,String,MethodType,MethodType,MethodHandle,MethodType)CallSite;MethodHandle(BiFunction)Function;info{[(Object)Object, MethodHandle(BiFunction,Pair)Object, (Pair)Object]}
CallSite.makeSite;java.lang.invoke.VarHandleByteArrayAsInts$ArrayHandle.<clinit>;99;MethodHandle(Lookup,String,MethodType,MethodType,MethodHandle,MethodType)CallSite;MethodHandle()Function;info{[(Object)Object, MethodHandle(String)ArrayIndexOutOfBoundsException, (String)ArrayIndexOutOfBoundsException]}
CallSite.makeSite;java.lang.invoke.VarHandleByteArrayAsLongs$ArrayHandle.<clinit>;99;MethodHandle(Lookup,String,MethodType,MethodType,MethodHandle,MethodType)CallSite;MethodHandle()Function;info{[(Object)Object, MethodHandle(String)ArrayIndexOutOfBoundsException, (String)ArrayIndexOutOfBoundsException]}
CallSite.makeSite;java.nio.file.Files.walk;3923;MethodHandle(Lookup,String,MethodType,MethodType,MethodHandle,MethodType)CallSite;MethodHandle()Function;info{[(Object)Object, MethodHandle(Event)Path, (Event)Path]}
CallSite.makeSite;java.nio.file.Files.walk;3923;MethodHandle(Lookup,String,MethodType,MethodType,MethodHandle,MethodType)CallSite;MethodHandle(FileTreeIterator)Runnable;info{[()void, MethodHandle(FileTreeIterator)void, ()void]}
CallSite.makeSite;java.util.function.Function.identity;98;MethodHandle(Lookup,String,MethodType,MethodType,MethodHandle,MethodType)CallSite;MethodHandle()Function;info{[(Object)Object, MethodHandle(Object)Object, (Object)Object]}
CallSite.makeSite;java.util.regex.Pattern$CharPredicate.negate;5613;MethodHandle(Lookup,String,MethodType,MethodType,MethodHandle,MethodType)CallSite;MethodHandle(CharPredicate)CharPredicate;info{[(int)boolean, MethodHandle(CharPredicate,int)boolean, (int)boolean]}
CallSite.makeSite;java.util.regex.Pattern.DOT;5675;MethodHandle(Lookup,String,MethodType,MethodType,MethodHandle,MethodType)CallSite;MethodHandle()CharPredicate;info{[(int)boolean, MethodHandle(int)boolean, (int)boolean]}
CallSite.makeSite;java.util.stream.Collectors.castingIdentity;188;MethodHandle(Lookup,String,MethodType,MethodType,MethodHandle,MethodType)CallSite;MethodHandle()Function;info{[(Object)Object, MethodHandle(Object)Object, (Object)Object]}
CallSite.makeSite;java.util.stream.Collectors.toList;280;MethodHandle(Lookup,String,MethodType,MethodType,MethodHandle,MethodType)CallSite;MethodHandle()BiConsumer;info{[(Object,Object)void, MethodHandle(List,Object)boolean, (ArrayList,Object)void]}
CallSite.makeSite;java.util.stream.Collectors.toList;280;MethodHandle(Lookup,String,MethodType,MethodType,MethodHandle,MethodType)CallSite;MethodHandle()BinaryOperator;info{[(Object,Object)Object, MethodHandle(ArrayList,ArrayList)ArrayList, (ArrayList,ArrayList)ArrayList]}
CallSite.makeSite;java.util.stream.Collectors.toList;280;MethodHandle(Lookup,String,MethodType,MethodType,MethodHandle,MethodType)CallSite;MethodHandle()Supplier;info{[()Object, MethodHandle()ArrayList, ()ArrayList]}
CallSite.makeSite;javax.xml.datatype.FactoryFinder.find;222;MethodHandle(Lookup,String,MethodType,MethodType,MethodHandle,MethodType)CallSite;MethodHandle(String)Supplier;info{[()Object, MethodHandle(String)String, ()String]}
CallSite.makeSite;javax.xml.datatype.FactoryFinder.find;241;MethodHandle(Lookup,String,MethodType,String,Object[])CallSite;MethodHandle(String,String,String)String;info{confjaxp.properties}
CallSite.makeSite;javax.xml.datatype.FactoryFinder.find;273;MethodHandle(Lookup,String,MethodType,MethodType,MethodHandle,MethodType)CallSite;MethodHandle(String)Supplier;info{[()Object, MethodHandle(String)String, ()String]}
CallSite.makeSite;javax.xml.datatype.FactoryFinder.newInstance;191;MethodHandle(Lookup,String,MethodType,MethodType,MethodHandle,MethodType)CallSite;MethodHandle(Class,ClassLoader)Supplier;info{[()Object, MethodHandle(Class,ClassLoader)String, ()String]}
CallSite.makeSite;jdk.nio.zipfs.ZipFileSystem.<clinit>;86;MethodHandle(Lookup,String,MethodType,MethodType,MethodHandle,MethodType)CallSite;MethodHandle()PrivilegedAction;info{[()Object, MethodHandle()Boolean, ()Boolean]}
CallSite.makeSite;jdk.nio.zipfs.ZipFileSystem.<init>;172;MethodHandle(Lookup,String,MethodType,MethodType,MethodHandle,MethodType)CallSite;MethodHandle(Path)PrivilegedAction;info{[()Object, MethodHandle(Path)Boolean, ()Boolean]}
CallSite.makeSite;jdk.xml.internal.SecuritySupport.doesFileExist;294;MethodHandle(Lookup,String,MethodType,MethodType,MethodHandle,MethodType)CallSite;MethodHandle(File)PrivilegedAction;info{[()Object, MethodHandle(File)Boolean, ()Boolean]}
CallSite.makeSite;jdk.xml.internal.SecuritySupport.getContextClassLoader;386;MethodHandle(Lookup,String,MethodType,MethodType,MethodHandle,MethodType)CallSite;MethodHandle()PrivilegedAction;info{[()Object, MethodHandle()ClassLoader, ()ClassLoader]}
CallSite.makeSite;jdk.xml.internal.SecuritySupport.getSystemProperty;86;MethodHandle(Lookup,String,MethodType,MethodType,MethodHandle,MethodType)CallSite;MethodHandle(String)PrivilegedAction;info{[()Object, MethodHandle(String)String, ()String]}
CallSite.makeSite;org.dacapo.harness.Benchmark.getDeps;359;MethodHandle(Lookup,String,MethodType,MethodType,MethodHandle,MethodType)CallSite;MethodHandle(Benchmark)Function;info{[(Object)Object, MethodHandle(Benchmark,String)Boolean, (String)Boolean]}
CallSite.makeSite;org.dacapo.harness.Benchmark.getDeps;386;MethodHandle(Lookup,String,MethodType,MethodType,MethodHandle,MethodType)CallSite;MethodHandle()BinaryOperator;info{[(Object,Object)Object, MethodHandle(Boolean,Boolean)Boolean, (Boolean,Boolean)Boolean]}
CallSite.makeSite;org.dacapo.harness.CommandLineArgs.extractBenchmarkSet;291;MethodHandle(Lookup,String,MethodType,MethodType,MethodHandle,MethodType)CallSite;MethodHandle()Function;info{[(Object)Object, MethodHandle(Path)String, (Path)String]}
CallSite.makeSite;org.dacapo.harness.CommandLineArgs.extractBenchmarkSet;292;MethodHandle(Lookup,String,MethodType,MethodType,MethodHandle,MethodType)CallSite;MethodHandle()Predicate;info{[(Object)boolean, MethodHandle(String)boolean, (String)boolean]}
CallSite.makeSite;org.dacapo.harness.CommandLineArgs.extractBenchmarkSet;293;MethodHandle(Lookup,String,MethodType,MethodType,MethodHandle,MethodType)CallSite;MethodHandle()Function;info{[(Object)Object, MethodHandle(String)String, (String)String]}
CallSite.makeSite;sun.launcher.LauncherHelper.addExportsOrOpens;623;MethodHandle(Lookup,String,MethodType,MethodType,MethodHandle,MethodType)CallSite;MethodHandle(String)Predicate;info{[(Object)boolean, MethodHandle(String,Module)boolean, (Module)boolean]}
CallSite.makeSite;sun.launcher.LauncherHelper.addExportsOrOpens;624;MethodHandle(Lookup,String,MethodType,MethodType,MethodHandle,MethodType)CallSite;MethodHandle(boolean,String)Consumer;info{[(Object)void, MethodHandle(boolean,String,Module)void, (Module)void]}
