Array.newInstance;boolean[];java.lang.reflect.ProxyGenerator$PrimitiveTypeInfo.<init>;998;;
Array.newInstance;byte[];java.lang.reflect.ProxyGenerator$PrimitiveTypeInfo.<init>;998;;
Array.newInstance;char[];java.lang.reflect.ProxyGenerator$PrimitiveTypeInfo.<init>;998;;
Array.newInstance;double[];java.lang.reflect.ProxyGenerator$PrimitiveTypeInfo.<init>;998;;
Array.newInstance;float[];java.lang.reflect.ProxyGenerator$PrimitiveTypeInfo.<init>;998;;
Array.newInstance;int[];java.lang.reflect.ProxyGenerator$PrimitiveTypeInfo.<init>;998;;
Array.newInstance;java.lang.Class[];java.util.Arrays.copyOf;3513;;
Array.newInstance;java.lang.Class[];java.util.Arrays.copyOfRange;3786;;
Array.newInstance;java.lang.Class[];java.util.ImmutableCollections$List12.toArray;640;;
Array.newInstance;java.lang.String[];java.util.Arrays.copyOf;3513;;
Array.newInstance;java.lang.String[];java.util.HashMap.prepareArray;926;;
Array.newInstance;java.lang.Thread[];java.util.Arrays.copyOf;3513;;
Array.newInstance;java.lang.invoke.LambdaForm$Name[];java.util.Arrays.copyOf;3513;;
Array.newInstance;jdk.nio.zipfs.ZipFileSystem$IndexNode[];java.util.HashMap.prepareArray;926;;
Array.newInstance;long[];java.lang.reflect.ProxyGenerator$PrimitiveTypeInfo.<init>;998;;
Array.newInstance;short[];java.lang.reflect.ProxyGenerator$PrimitiveTypeInfo.<init>;998;;
Array.newInstance;sun.font.PhysicalFont[];java.util.concurrent.ConcurrentHashMap$CollectionView.toArray;4486;;
Array.newInstance;sun.java2d.loops.GraphicsPrimitive[];java.util.TimSort.<init>;157;;
Array.newInstance;sun.java2d.loops.GraphicsPrimitive[];java.util.TimSort.ensureCapacity;933;;
Array.newInstance;sun.security.jca.ProviderConfig[];java.util.Arrays.copyOf;3513;;
Class.forName;Harness;sun.launcher.LauncherHelper.loadMainClass;791;;
Class.forName;com.sun.org.apache.xerces.internal.jaxp.datatype.DatatypeFactoryImpl;javax.xml.datatype.FactoryFinder.getProviderClass;109;;
Class.forName;java.io.File;java.lang.reflect.Proxy$ProxyBuilder.ensureVisible;879;;
Class.forName;java.io.File;jdk.proxy2.$Proxy8.<clinit>;;;
Class.forName;java.io.File;org.apache.fop.events.model.EventModelParser$Handler.startElement;121;;
Class.forName;java.io.FileNotFoundException;java.lang.reflect.Proxy$ProxyBuilder.ensureVisible;879;;
Class.forName;java.io.FileNotFoundException;jdk.proxy2.$Proxy8.<clinit>;;;
Class.forName;java.io.FileNotFoundException;org.apache.fop.events.model.EventModelParser$Handler.startElement;121;;
Class.forName;java.io.FilePermission;org.objectweb.asm.ClassWriter.getCommonSuperClass;1043;;
Class.forName;java.io.IOException;java.lang.reflect.Proxy$ProxyBuilder.ensureVisible;879;;
Class.forName;java.io.IOException;jdk.proxy2.$Proxy4.<clinit>;;;
Class.forName;java.io.IOException;jdk.proxy2.$Proxy8.<clinit>;;;
Class.forName;java.io.IOException;org.apache.fop.events.model.EventModelParser$Handler.startElement;121;;
Class.forName;java.io.IOException;org.objectweb.asm.ClassWriter.getCommonSuperClass;1043;;
Class.forName;java.lang.Boolean;org.apache.fop.events.model.EventModelParser$Handler.startElement;121;;
Class.forName;java.lang.Character;org.apache.fop.events.model.EventModelParser$Handler.startElement;121;;
Class.forName;java.lang.Class;java.lang.reflect.Proxy$ProxyBuilder.ensureVisible;879;;
Class.forName;java.lang.Error;jdk.internal.org.objectweb.asm.ClassWriter.getCommonSuperClass;1055;;
Class.forName;java.lang.Exception;java.lang.reflect.Proxy$ProxyBuilder.ensureVisible;879;;
Class.forName;java.lang.Exception;jdk.internal.org.objectweb.asm.ClassWriter.getCommonSuperClass;1061;;
Class.forName;java.lang.Exception;jdk.proxy2.$Proxy2.<clinit>;;;
Class.forName;java.lang.Exception;jdk.proxy2.$Proxy3.<clinit>;;;
Class.forName;java.lang.Exception;jdk.proxy2.$Proxy8.<clinit>;;;
Class.forName;java.lang.Exception;org.apache.fop.events.model.EventModelParser$Handler.startElement;121;;
Class.forName;java.lang.Float;org.apache.fop.events.model.EventModelParser$Handler.startElement;121;;
Class.forName;java.lang.Integer;org.apache.fop.events.model.EventModelParser$Handler.startElement;121;;
Class.forName;java.lang.Number;java.lang.reflect.Proxy$ProxyBuilder.ensureVisible;879;;
Class.forName;java.lang.Number;jdk.proxy2.$Proxy6.<clinit>;;;
Class.forName;java.lang.Number;org.apache.fop.events.model.EventModelParser$Handler.startElement;121;;
Class.forName;java.lang.Object;com.sun.proxy.jdk.proxy1.$Proxy1.<clinit>;;;
Class.forName;java.lang.Object;java.lang.reflect.Proxy$ProxyBuilder.ensureVisible;879;;
Class.forName;java.lang.Object;jdk.proxy1.$Proxy0.<clinit>;;;
Class.forName;java.lang.Object;jdk.proxy2.$Proxy2.<clinit>;;;
Class.forName;java.lang.Object;jdk.proxy2.$Proxy3.<clinit>;;;
Class.forName;java.lang.Object;jdk.proxy2.$Proxy4.<clinit>;;;
Class.forName;java.lang.Object;jdk.proxy2.$Proxy5.<clinit>;;;
Class.forName;java.lang.Object;jdk.proxy2.$Proxy6.<clinit>;;;
Class.forName;java.lang.Object;jdk.proxy2.$Proxy7.<clinit>;;;
Class.forName;java.lang.Object;jdk.proxy2.$Proxy8.<clinit>;;;
Class.forName;java.lang.Object;jdk.proxy2.$Proxy9.<clinit>;;;
Class.forName;java.lang.Object;org.apache.fop.events.model.EventModelParser$Handler.startElement;121;;
Class.forName;java.lang.Object;org.objectweb.asm.ClassWriter.getCommonSuperClass;1043;;
Class.forName;java.lang.Object;org.objectweb.asm.ClassWriter.getCommonSuperClass;1049;;
Class.forName;java.lang.RuntimeException;jdk.internal.org.objectweb.asm.ClassWriter.getCommonSuperClass;1055;;
Class.forName;java.lang.RuntimeException;jdk.internal.org.objectweb.asm.ClassWriter.getCommonSuperClass;1061;;
Class.forName;java.lang.SecurityManager;org.objectweb.asm.ClassWriter.getCommonSuperClass;1043;;
Class.forName;java.lang.String;java.lang.reflect.Proxy$ProxyBuilder.ensureVisible;879;;
Class.forName;java.lang.String;jdk.proxy2.$Proxy2.<clinit>;;;
Class.forName;java.lang.String;jdk.proxy2.$Proxy3.<clinit>;;;
Class.forName;java.lang.String;jdk.proxy2.$Proxy5.<clinit>;;;
Class.forName;java.lang.String;jdk.proxy2.$Proxy6.<clinit>;;;
Class.forName;java.lang.String;jdk.proxy2.$Proxy7.<clinit>;;;
Class.forName;java.lang.String;jdk.proxy2.$Proxy8.<clinit>;;;
Class.forName;java.lang.String;jdk.proxy2.$Proxy9.<clinit>;;;
Class.forName;java.lang.String;org.apache.commons.logging.impl.LogFactoryImpl.class$;69;;
Class.forName;java.lang.String;org.apache.fop.events.model.EventModelParser$Handler.startElement;121;;
Class.forName;java.lang.String;org.objectweb.asm.ClassWriter.getCommonSuperClass;1043;;
Class.forName;java.lang.String;org.objectweb.asm.ClassWriter.getCommonSuperClass;1049;;
Class.forName;java.lang.Thread;org.apache.commons.logging.LogFactory.class$;220;;
Class.forName;java.lang.UnsupportedOperationException;java.lang.reflect.Proxy$ProxyBuilder.ensureVisible;879;;
Class.forName;java.lang.annotation.Retention;java.lang.reflect.Proxy$ProxyBuilder.ensureVisible;879;;
Class.forName;java.lang.annotation.Retention;jdk.proxy1.$Proxy0.<clinit>;;;
Class.forName;java.lang.annotation.Retention;sun.reflect.generics.factory.CoreReflectionFactory.makeNamedType;114;;
Class.forName;java.lang.annotation.RetentionPolicy;java.lang.reflect.Proxy$ProxyBuilder.ensureVisible;879;;
Class.forName;java.lang.annotation.RetentionPolicy;sun.reflect.generics.factory.CoreReflectionFactory.makeNamedType;114;;
Class.forName;java.lang.annotation.Target;sun.reflect.generics.factory.CoreReflectionFactory.makeNamedType;114;;
Class.forName;java.net.Inet6AddressImpl;java.net.InetAddress.loadImpl;1713;;
Class.forName;java.net.SocketPermission;org.objectweb.asm.ClassWriter.getCommonSuperClass;1043;;
Class.forName;java.net.URL;org.objectweb.asm.ClassWriter.getCommonSuperClass;1049;;
Class.forName;java.security.AccessController;org.apache.xml.serializer.OutputPropertiesFactory.findAccessControllerClass;228;;
Class.forName;java.security.Permission;org.objectweb.asm.ClassWriter.getCommonSuperClass;1043;;
Class.forName;java.security.Permission;org.objectweb.asm.ClassWriter.getCommonSuperClass;1049;;
Class.forName;java.security.SecureRandomParameters;java.security.Provider$Service.newInstance;1843;;
Class.forName;java.util.ImmutableCollections$Access;jdk.internal.access.SharedSecrets.getJavaUtilCollectionAccess;95;;
Class.forName;java.util.Iterator;org.objectweb.asm.ClassWriter.getCommonSuperClass;1049;;
Class.forName;jdk.internal.jrtfs.JrtFileSystemProvider;java.util.ServiceLoader$LazyClassPathLookupIterator.nextProviderClass;1217;;
Class.forName;jdk.internal.jrtfs.JrtFileSystemProvider;java.util.ServiceLoader.loadProvider;859;;
Class.forName;jdk.internal.reflect.CallerSensitive;com.sun.proxy.jdk.proxy1.$Proxy1.<clinit>;;;
Class.forName;jdk.internal.reflect.CallerSensitive;java.lang.reflect.Proxy$ProxyBuilder.ensureVisible;879;;
Class.forName;jdk.internal.reflect.CallerSensitive;sun.reflect.generics.factory.CoreReflectionFactory.makeNamedType;114;;
Class.forName;jdk.nio.zipfs.ZipFileSystemProvider;java.util.ServiceLoader.loadProvider;859;;
Class.forName;org.apache.batik.anim.dom.SVGDOMImplementation;org.apache.fop.image.loader.batik.BatikUtil.isBatikAvailable;43;;
Class.forName;org.apache.batik.bridge.svg12.SVG12TextElementBridge;org.apache.fop.svg.AbstractFOPBridgeContext.putElementBridgeConditional;132;;
Class.forName;org.apache.batik.bridge.svg12.SVGFlowRootElementBridge;org.apache.fop.svg.AbstractFOPBridgeContext.putElementBridgeConditional;132;;
Class.forName;org.apache.batik.css.parser.Parser;org.apache.batik.dom.ExtensibleDOMImplementation.createCSSEngine;127;;
Class.forName;org.apache.batik.extension.svg.BatikFlowTextElementBridge;org.apache.fop.svg.AbstractFOPBridgeContext.putElementBridgeConditional;132;;
Class.forName;org.apache.commons.logging.LogFactory;org.apache.commons.logging.LogFactory.class$;220;;
Class.forName;org.apache.commons.logging.LogFactory;org.apache.commons.logging.impl.LogFactoryImpl.class$;69;;
Class.forName;org.apache.fop.ResourceEventProducer;java.lang.reflect.Proxy$ProxyBuilder.ensureVisible;879;;
Class.forName;org.apache.fop.ResourceEventProducer;jdk.proxy2.$Proxy8.<clinit>;;;
Class.forName;org.apache.fop.apps.FOPException;java.lang.reflect.Proxy$ProxyBuilder.ensureVisible;879;;
Class.forName;org.apache.fop.apps.FOPException;jdk.proxy2.$Proxy9.<clinit>;;;
Class.forName;org.apache.fop.apps.FOPException;org.apache.fop.events.model.EventModelParser$Handler.startElement;121;;
Class.forName;org.apache.fop.cli.Main;org.dacapo.harness.Fop.<init>;31;;
Class.forName;org.apache.fop.fo.FOElementMapping;org.apache.fop.fo.ElementMappingRegistry.addElementMapping;98;;
Class.forName;org.apache.fop.fo.FOValidationEventProducer;java.lang.reflect.Proxy$ProxyBuilder.ensureVisible;879;;
Class.forName;org.apache.fop.fo.FOValidationEventProducer;jdk.proxy2.$Proxy9.<clinit>;;;
Class.forName;org.apache.fop.fo.ValidationException;java.lang.reflect.Proxy$ProxyBuilder.ensureVisible;879;;
Class.forName;org.apache.fop.fo.ValidationException;jdk.internal.org.objectweb.asm.ClassWriter.getCommonSuperClass;1061;;
Class.forName;org.apache.fop.fo.expr.PropertyException;java.lang.reflect.Proxy$ProxyBuilder.ensureVisible;879;;
Class.forName;org.apache.fop.fo.expr.PropertyException;jdk.internal.org.objectweb.asm.ClassWriter.getCommonSuperClass;1061;;
Class.forName;org.apache.fop.fo.expr.PropertyException;jdk.proxy2.$Proxy9.<clinit>;;;
Class.forName;org.apache.fop.fo.expr.PropertyException;org.apache.fop.events.model.EventModelParser$Handler.startElement;121;;
Class.forName;org.apache.fop.fo.extensions.ExtensionElementMapping;org.apache.fop.fo.ElementMappingRegistry.addElementMapping;98;;
Class.forName;org.apache.fop.fo.extensions.InternalElementMapping;org.apache.fop.fo.ElementMappingRegistry.addElementMapping;98;;
Class.forName;org.apache.fop.fo.extensions.OldExtensionElementMapping;org.apache.fop.fo.ElementMappingRegistry.addElementMapping;98;;
Class.forName;org.apache.fop.fo.extensions.svg.BatikExtensionElementMapping;org.apache.fop.fo.ElementMappingRegistry.addElementMapping;98;;
Class.forName;org.apache.fop.fo.extensions.svg.SVGElementMapping;org.apache.fop.fo.ElementMappingRegistry.addElementMapping;98;;
Class.forName;org.apache.fop.fo.extensions.xmp.RDFElementMapping;org.apache.fop.fo.ElementMappingRegistry.addElementMapping;98;;
Class.forName;org.apache.fop.fo.extensions.xmp.XMPElementMapping;org.apache.fop.fo.ElementMappingRegistry.addElementMapping;98;;
Class.forName;org.apache.fop.fo.flow.table.TableEventProducer;java.lang.reflect.Proxy$ProxyBuilder.ensureVisible;879;;
Class.forName;org.apache.fop.fo.flow.table.TableEventProducer;jdk.proxy2.$Proxy6.<clinit>;;;
Class.forName;org.apache.fop.fo.pagination.PageProductionException;java.lang.reflect.Proxy$ProxyBuilder.ensureVisible;879;;
Class.forName;org.apache.fop.fonts.FontEventProducer;java.lang.reflect.Proxy$ProxyBuilder.ensureVisible;879;;
Class.forName;org.apache.fop.fonts.FontEventProducer;jdk.proxy2.$Proxy2.<clinit>;;;
Class.forName;org.apache.fop.fonts.FontTriplet;java.lang.reflect.Proxy$ProxyBuilder.ensureVisible;879;;
Class.forName;org.apache.fop.fonts.FontTriplet;jdk.proxy2.$Proxy2.<clinit>;;;
Class.forName;org.apache.fop.fonts.FontTriplet;org.apache.fop.events.model.EventModelParser$Handler.startElement;121;;
Class.forName;org.apache.fop.layoutmgr.BlockLevelEventProducer;java.lang.reflect.Proxy$ProxyBuilder.ensureVisible;879;;
Class.forName;org.apache.fop.layoutmgr.BlockLevelEventProducer;jdk.proxy2.$Proxy5.<clinit>;;;
Class.forName;org.apache.fop.layoutmgr.LayoutException;java.lang.reflect.Proxy$ProxyBuilder.ensureVisible;879;;
Class.forName;org.apache.fop.layoutmgr.inline.InlineLevelEventProducer;java.lang.reflect.Proxy$ProxyBuilder.ensureVisible;879;;
Class.forName;org.apache.fop.layoutmgr.inline.InlineLevelEventProducer;jdk.proxy2.$Proxy7.<clinit>;;;
Class.forName;org.apache.fop.render.RendererEventProducer;java.lang.reflect.Proxy$ProxyBuilder.ensureVisible;879;;
Class.forName;org.apache.fop.render.RendererEventProducer;jdk.proxy2.$Proxy4.<clinit>;;;
Class.forName;org.apache.fop.render.afp.extensions.AFPElementMapping;org.apache.fop.fo.ElementMappingRegistry.addElementMapping;98;;
Class.forName;org.apache.fop.render.pcl.extensions.PCLElementMapping;org.apache.fop.fo.ElementMappingRegistry.addElementMapping;98;;
Class.forName;org.apache.fop.render.pdf.extensions.PDFElementMapping;org.apache.fop.fo.ElementMappingRegistry.addElementMapping;98;;
Class.forName;org.apache.fop.render.ps.extensions.PSExtensionElementMapping;org.apache.fop.fo.ElementMappingRegistry.addElementMapping;98;;
Class.forName;org.apache.fop.svg.PDFBatikFlowTextElementBridge;org.apache.fop.svg.AbstractFOPBridgeContext.putElementBridgeConditional;135;;
Class.forName;org.apache.fop.svg.PDFSVGFlowRootElementBridge;org.apache.fop.svg.AbstractFOPBridgeContext.putElementBridgeConditional;135;;
Class.forName;org.apache.fop.svg.SVGEventProducer;java.lang.reflect.Proxy$ProxyBuilder.ensureVisible;879;;
Class.forName;org.apache.fop.svg.SVGEventProducer;jdk.proxy2.$Proxy3.<clinit>;;;
Class.forName;org.apache.xerces.parsers.ObjectFactory;org.apache.xerces.parsers.ObjectFactory.class$;;;
Class.forName;org.apache.xml.serializer.OutputPropertiesFactory;org.apache.xml.serializer.OutputPropertiesFactory.class$;368;;
Class.forName;org.apache.xml.serializer.SerializerBase;org.apache.xml.serializer.SerializerBase.class$;70;;
Class.forName;org.apache.xmlgraphics.image.loader.ImageException;java.lang.reflect.Proxy$ProxyBuilder.ensureVisible;879;;
Class.forName;org.apache.xmlgraphics.image.loader.ImageException;jdk.proxy2.$Proxy8.<clinit>;;;
Class.forName;org.apache.xmlgraphics.image.loader.ImageException;org.apache.fop.events.model.EventModelParser$Handler.startElement;121;;
Class.forName;org.apache.xmlgraphics.util.QName;java.lang.reflect.Proxy$ProxyBuilder.ensureVisible;879;;
Class.forName;org.apache.xmlgraphics.util.QName;jdk.proxy2.$Proxy9.<clinit>;;;
Class.forName;org.apache.xmlgraphics.util.QName;org.apache.fop.events.model.EventModelParser$Handler.startElement;121;;
Class.forName;org.dacapo.harness.Fop;org.dacapo.harness.TestHarness.findClass;274;;
Class.forName;org.w3c.dom.Document;java.lang.reflect.Proxy$ProxyBuilder.ensureVisible;879;;
Class.forName;org.w3c.dom.Document;jdk.proxy2.$Proxy8.<clinit>;;;
Class.forName;org.w3c.dom.Document;org.apache.fop.events.model.EventModelParser$Handler.startElement;121;;
Class.forName;org.xml.sax.Locator;java.lang.reflect.Proxy$ProxyBuilder.ensureVisible;879;;
Class.forName;org.xml.sax.Locator;jdk.proxy2.$Proxy5.<clinit>;;;
Class.forName;org.xml.sax.Locator;jdk.proxy2.$Proxy6.<clinit>;;;
Class.forName;org.xml.sax.Locator;jdk.proxy2.$Proxy7.<clinit>;;;
Class.forName;org.xml.sax.Locator;jdk.proxy2.$Proxy8.<clinit>;;;
Class.forName;org.xml.sax.Locator;jdk.proxy2.$Proxy9.<clinit>;;;
Class.forName;org.xml.sax.Locator;org.apache.fop.events.model.EventModelParser$Handler.startElement;121;;
Class.forName;sun.awt.X11FontManager;sun.font.FontManagerFactory$1.run;83;;
Class.forName;sun.awt.resources.awt;java.util.ResourceBundle$ResourceBundleProviderHelper.lambda$loadResourceBundle$1;3612;;
Class.forName;sun.awt.resources.awt_en;java.util.ResourceBundle$ResourceBundleProviderHelper.lambda$loadResourceBundle$1;3612;;
Class.forName;sun.awt.resources.awt_en_AU;java.util.ResourceBundle$ResourceBundleProviderHelper.lambda$loadResourceBundle$1;3612;;
Class.forName;sun.java2d.marlin.DMarlinRenderingEngine;sun.java2d.pipe.RenderingEngine.getInstance;137;;
Class.forName;sun.security.provider.MD5;java.security.Provider$Service.getImplClass;1933;;
Class.forName;sun.security.provider.NativePRNG;java.security.Provider$Service.getImplClass;1933;;
Class.forName;sun.security.provider.SHA;java.security.Provider$Service.getImplClass;1933;;
Class.forName;sun.text.resources.cldr.FormatData;sun.util.resources.Bundles.findBundleOf;205;;
Class.forName;sun.text.resources.cldr.FormatData_en;sun.util.resources.Bundles.findBundleOf;205;;
Class.forName;sun.text.resources.cldr.ext.FormatData_en_001;sun.util.resources.provider.LocaleDataProvider.loadResourceBundle;54;;
Class.forName;sun.text.resources.cldr.ext.FormatData_en_AU;sun.util.resources.provider.LocaleDataProvider.loadResourceBundle;54;;
Class.forName;sun.util.cldr.CLDRLocaleProviderAdapter;sun.util.locale.provider.LocaleProviderAdapter.forType;187;;
Class.forName;sun.util.locale.provider.JRELocaleProviderAdapter;sun.util.locale.provider.LocaleProviderAdapter.forType;187;;
Class.forName;sun.util.logging.internal.LoggingProviderImpl;java.util.ServiceLoader.loadProvider;859;;
Class.forName;sun.util.resources.TimeZoneNames;sun.util.resources.Bundles.findBundleOf;205;;
Class.forName;sun.util.resources.TimeZoneNames_en;sun.util.resources.Bundles.findBundleOf;205;;
Class.forName;sun.util.resources.cldr.CalendarData;sun.util.resources.Bundles.findBundleOf;205;;
Class.forName;sun.util.resources.cldr.TimeZoneNames;sun.util.resources.Bundles.findBundleOf;205;;
Class.forName;sun.util.resources.cldr.TimeZoneNames_en;sun.util.resources.Bundles.findBundleOf;205;;
Class.forName;sun.util.resources.cldr.TimeZoneNames_en_US;sun.util.resources.Bundles.findBundleOf;205;;
Class.forName;sun.util.resources.cldr.provider.CLDRLocaleDataMetaInfo;java.util.ServiceLoader.loadProvider;859;;
Class.forName;sun.util.resources.provider.LocaleDataProvider;java.util.ServiceLoader.loadProvider;859;;
Class.forName;sun.util.resources.provider.NonBaseLocaleDataMetaInfo;java.util.ServiceLoader.loadProvider;859;;
Class.newInstance;java.net.Inet6AddressImpl;java.net.InetAddress.loadImpl;1713;;
Class.newInstance;jdk.internal.reflect.GeneratedConstructorAccessor10;jdk.internal.reflect.MethodAccessorGenerator$1.run;405;;
Class.newInstance;jdk.internal.reflect.GeneratedConstructorAccessor11;jdk.internal.reflect.MethodAccessorGenerator$1.run;405;;
Class.newInstance;jdk.internal.reflect.GeneratedConstructorAccessor12;jdk.internal.reflect.MethodAccessorGenerator$1.run;405;;
Class.newInstance;jdk.internal.reflect.GeneratedConstructorAccessor13;jdk.internal.reflect.MethodAccessorGenerator$1.run;405;;
Class.newInstance;jdk.internal.reflect.GeneratedConstructorAccessor14;jdk.internal.reflect.MethodAccessorGenerator$1.run;405;;
Class.newInstance;jdk.internal.reflect.GeneratedConstructorAccessor15;jdk.internal.reflect.MethodAccessorGenerator$1.run;405;;
Class.newInstance;jdk.internal.reflect.GeneratedConstructorAccessor16;jdk.internal.reflect.MethodAccessorGenerator$1.run;405;;
Class.newInstance;jdk.internal.reflect.GeneratedConstructorAccessor17;jdk.internal.reflect.MethodAccessorGenerator$1.run;405;;
Class.newInstance;jdk.internal.reflect.GeneratedConstructorAccessor18;jdk.internal.reflect.MethodAccessorGenerator$1.run;405;;
Class.newInstance;jdk.internal.reflect.GeneratedConstructorAccessor19;jdk.internal.reflect.MethodAccessorGenerator$1.run;405;;
Class.newInstance;jdk.internal.reflect.GeneratedConstructorAccessor1;jdk.internal.reflect.MethodAccessorGenerator$1.run;405;;
Class.newInstance;jdk.internal.reflect.GeneratedConstructorAccessor20;jdk.internal.reflect.MethodAccessorGenerator$1.run;405;;
Class.newInstance;jdk.internal.reflect.GeneratedConstructorAccessor21;jdk.internal.reflect.MethodAccessorGenerator$1.run;405;;
Class.newInstance;jdk.internal.reflect.GeneratedConstructorAccessor22;jdk.internal.reflect.MethodAccessorGenerator$1.run;405;;
Class.newInstance;jdk.internal.reflect.GeneratedConstructorAccessor23;jdk.internal.reflect.MethodAccessorGenerator$1.run;405;;
Class.newInstance;jdk.internal.reflect.GeneratedConstructorAccessor24;jdk.internal.reflect.MethodAccessorGenerator$1.run;405;;
Class.newInstance;jdk.internal.reflect.GeneratedConstructorAccessor2;jdk.internal.reflect.MethodAccessorGenerator$1.run;405;;
Class.newInstance;jdk.internal.reflect.GeneratedConstructorAccessor3;jdk.internal.reflect.MethodAccessorGenerator$1.run;405;;
Class.newInstance;jdk.internal.reflect.GeneratedConstructorAccessor4;jdk.internal.reflect.MethodAccessorGenerator$1.run;405;;
Class.newInstance;jdk.internal.reflect.GeneratedConstructorAccessor5;jdk.internal.reflect.MethodAccessorGenerator$1.run;405;;
Class.newInstance;jdk.internal.reflect.GeneratedConstructorAccessor6;jdk.internal.reflect.MethodAccessorGenerator$1.run;405;;
Class.newInstance;jdk.internal.reflect.GeneratedConstructorAccessor7;jdk.internal.reflect.MethodAccessorGenerator$1.run;405;;
Class.newInstance;jdk.internal.reflect.GeneratedConstructorAccessor8;jdk.internal.reflect.MethodAccessorGenerator$1.run;405;;
Class.newInstance;jdk.internal.reflect.GeneratedConstructorAccessor9;jdk.internal.reflect.MethodAccessorGenerator$1.run;405;;
Class.newInstance;jdk.internal.reflect.GeneratedMethodAccessor1;jdk.internal.reflect.MethodAccessorGenerator$1.run;405;;
Class.newInstance;jdk.internal.reflect.GeneratedMethodAccessor2;jdk.internal.reflect.MethodAccessorGenerator$1.run;405;;
Class.newInstance;org.apache.commons.logging.impl.LogFactoryImpl;org.apache.commons.logging.LogFactory$2.run;531;;
Class.newInstance;org.apache.xalan.processor.TransformerFactoryImpl;javax.xml.transform.FactoryFinder.newInstance;;;
Class.newInstance;org.apache.xerces.impl.dv.dtd.DTDDVFactoryImpl;org.apache.xerces.impl.dv.ObjectFactory.newInstance;;;
Class.newInstance;org.apache.xerces.jaxp.DocumentBuilderFactoryImpl;javax.xml.parsers.FactoryFinder.newInstance;;;
Class.newInstance;org.apache.xerces.jaxp.SAXParserFactoryImpl;javax.xml.parsers.FactoryFinder.newInstance;;;
Class.newInstance;org.apache.xerces.parsers.SAXParser;org.xml.sax.helpers.NewInstance.newInstance;;;
Class.newInstance;org.apache.xerces.parsers.XIncludeAwareParserConfiguration;org.apache.xerces.parsers.ObjectFactory.newInstance;;;
Class.newInstance;org.apache.xml.serializer.ToXMLStream;org.apache.xml.serializer.SerializerFactory.getSerializer;133;;
Class.newInstance;org.apache.xml.serializer.ToXMLStream;org.apache.xml.serializer.SerializerFactory.getSerializer;138;;
Class.newInstance;sun.text.resources.cldr.ext.FormatData_en_001;sun.util.resources.provider.LocaleDataProvider.loadResourceBundle;58;;
Class.newInstance;sun.text.resources.cldr.ext.FormatData_en_AU;sun.util.resources.provider.LocaleDataProvider.loadResourceBundle;58;;
Constructor.newInstance;<com.sun.org.apache.xerces.internal.jaxp.datatype.DatatypeFactoryImpl: void <init>()>;javax.xml.datatype.FactoryFinder.newInstance;189;isAccessible=false;
Constructor.newInstance;<com.sun.proxy.jdk.proxy1.$Proxy1: void <init>(java.lang.reflect.InvocationHandler)>;java.lang.reflect.Proxy.newProxyInstance;1053;isAccessible=true;
Constructor.newInstance;<java.awt.GraphicsEnvironment$$Lambda$69: void <init>()>;java.lang.invoke.InnerClassLambdaMetafactory.buildCallSite;261;isAccessible=true;
Constructor.newInstance;<java.lang.Class$$Lambda$56: void <init>()>;java.lang.invoke.InnerClassLambdaMetafactory.buildCallSite;261;isAccessible=true;
Constructor.newInstance;<java.lang.Module$$Lambda$24: void <init>()>;java.lang.invoke.InnerClassLambdaMetafactory.buildCallSite;261;isAccessible=true;
Constructor.newInstance;<java.lang.System$LoggerFinder$$Lambda$63: void <init>()>;java.lang.invoke.InnerClassLambdaMetafactory.buildCallSite;261;isAccessible=true;
Constructor.newInstance;<java.lang.invoke.VarHandleByteArrayAsInts$ArrayHandle$$Lambda$40: void <init>()>;java.lang.invoke.InnerClassLambdaMetafactory.buildCallSite;261;isAccessible=true;
Constructor.newInstance;<java.lang.invoke.VarHandleByteArrayAsLongs$ArrayHandle$$Lambda$41: void <init>()>;java.lang.invoke.InnerClassLambdaMetafactory.buildCallSite;261;isAccessible=true;
Constructor.newInstance;<java.lang.module.ModuleDescriptor$Builder$$Lambda$34: void <init>()>;java.lang.invoke.InnerClassLambdaMetafactory.buildCallSite;261;isAccessible=true;
Constructor.newInstance;<java.lang.reflect.Executable$$Lambda$18: void <init>()>;java.lang.invoke.InnerClassLambdaMetafactory.buildCallSite;261;isAccessible=true;
Constructor.newInstance;<java.lang.reflect.Proxy$$Lambda$50: void <init>()>;java.lang.invoke.InnerClassLambdaMetafactory.buildCallSite;261;isAccessible=true;
Constructor.newInstance;<java.lang.reflect.Proxy$ProxyBuilder$$Lambda$51: void <init>()>;java.lang.invoke.InnerClassLambdaMetafactory.buildCallSite;261;isAccessible=true;
Constructor.newInstance;<java.lang.reflect.ProxyGenerator$$Lambda$54: void <init>()>;java.lang.invoke.InnerClassLambdaMetafactory.buildCallSite;261;isAccessible=true;
Constructor.newInstance;<java.lang.reflect.ProxyGenerator$$Lambda$55: void <init>()>;java.lang.invoke.InnerClassLambdaMetafactory.buildCallSite;261;isAccessible=true;
Constructor.newInstance;<java.nio.file.Files$$Lambda$30: void <init>()>;java.lang.invoke.InnerClassLambdaMetafactory.buildCallSite;261;isAccessible=true;
Constructor.newInstance;<java.text.DecimalFormatSymbols$$Lambda$59: void <init>()>;java.lang.invoke.InnerClassLambdaMetafactory.buildCallSite;261;isAccessible=true;
Constructor.newInstance;<java.util.ResourceBundle$ResourceBundleControlProviderHolder$$Lambda$72: void <init>()>;java.lang.invoke.InnerClassLambdaMetafactory.buildCallSite;261;isAccessible=true;
Constructor.newInstance;<java.util.ResourceBundle$ResourceBundleControlProviderHolder$$Lambda$73: void <init>()>;java.lang.invoke.InnerClassLambdaMetafactory.buildCallSite;261;isAccessible=true;
Constructor.newInstance;<java.util.function.Function$$Lambda$27: void <init>()>;java.lang.invoke.InnerClassLambdaMetafactory.buildCallSite;261;isAccessible=true;
Constructor.newInstance;<java.util.logging.Level$$Lambda$41: void <init>()>;java.lang.invoke.InnerClassLambdaMetafactory.buildCallSite;261;isAccessible=true;
Constructor.newInstance;<java.util.logging.Level$KnownLevel$$Lambda$39: void <init>()>;java.lang.invoke.InnerClassLambdaMetafactory.buildCallSite;261;isAccessible=true;
Constructor.newInstance;<java.util.logging.Level$KnownLevel$$Lambda$40: void <init>()>;java.lang.invoke.InnerClassLambdaMetafactory.buildCallSite;261;isAccessible=true;
Constructor.newInstance;<java.util.logging.Level$KnownLevel$$Lambda$60: void <init>()>;java.lang.invoke.InnerClassLambdaMetafactory.buildCallSite;261;isAccessible=true;
Constructor.newInstance;<java.util.regex.CharPredicates$$Lambda$20: void <init>()>;java.lang.invoke.InnerClassLambdaMetafactory.buildCallSite;261;isAccessible=true;
Constructor.newInstance;<java.util.regex.CharPredicates$$Lambda$47: void <init>()>;java.lang.invoke.InnerClassLambdaMetafactory.buildCallSite;261;isAccessible=true;
Constructor.newInstance;<java.util.regex.Pattern$$Lambda$43: void <init>()>;java.lang.invoke.InnerClassLambdaMetafactory.buildCallSite;261;isAccessible=true;
Constructor.newInstance;<java.util.regex.Pattern$$Lambda$98: void <init>()>;java.lang.invoke.InnerClassLambdaMetafactory.buildCallSite;261;isAccessible=true;
Constructor.newInstance;<java.util.stream.Collectors$$Lambda$34: void <init>()>;java.lang.invoke.InnerClassLambdaMetafactory.buildCallSite;261;isAccessible=true;
Constructor.newInstance;<java.util.stream.Collectors$$Lambda$35: void <init>()>;java.lang.invoke.InnerClassLambdaMetafactory.buildCallSite;261;isAccessible=true;
Constructor.newInstance;<java.util.stream.Collectors$$Lambda$36: void <init>()>;java.lang.invoke.InnerClassLambdaMetafactory.buildCallSite;261;isAccessible=true;
Constructor.newInstance;<java.util.stream.Collectors$$Lambda$37: void <init>()>;java.lang.invoke.InnerClassLambdaMetafactory.buildCallSite;261;isAccessible=true;
Constructor.newInstance;<java.util.stream.Collectors$$Lambda$44: void <init>()>;java.lang.invoke.InnerClassLambdaMetafactory.buildCallSite;261;isAccessible=true;
Constructor.newInstance;<java.util.stream.Collectors$$Lambda$45: void <init>()>;java.lang.invoke.InnerClassLambdaMetafactory.buildCallSite;261;isAccessible=true;
Constructor.newInstance;<java.util.stream.Collectors$$Lambda$46: void <init>()>;java.lang.invoke.InnerClassLambdaMetafactory.buildCallSite;261;isAccessible=true;
Constructor.newInstance;<java.util.stream.FindOps$FindSink$OfInt$$Lambda$60: void <init>()>;java.lang.invoke.InnerClassLambdaMetafactory.buildCallSite;261;isAccessible=true;
Constructor.newInstance;<java.util.stream.FindOps$FindSink$OfInt$$Lambda$61: void <init>()>;java.lang.invoke.InnerClassLambdaMetafactory.buildCallSite;261;isAccessible=true;
Constructor.newInstance;<java.util.stream.FindOps$FindSink$OfInt$$Lambda$62: void <init>()>;java.lang.invoke.InnerClassLambdaMetafactory.buildCallSite;261;isAccessible=true;
Constructor.newInstance;<java.util.stream.FindOps$FindSink$OfInt$$Lambda$63: void <init>()>;java.lang.invoke.InnerClassLambdaMetafactory.buildCallSite;261;isAccessible=true;
Constructor.newInstance;<java.util.stream.ReferencePipeline$$Lambda$74: void <init>()>;java.lang.invoke.InnerClassLambdaMetafactory.buildCallSite;261;isAccessible=true;
Constructor.newInstance;<jdk.internal.jrtfs.JrtFileSystemProvider: void <init>()>;java.util.ServiceLoader$ProviderImpl.newInstance;789;isAccessible=true;
Constructor.newInstance;<jdk.nio.zipfs.ZipFileSystem$$Lambda$26: void <init>()>;java.lang.invoke.InnerClassLambdaMetafactory.buildCallSite;261;isAccessible=true;
Constructor.newInstance;<jdk.nio.zipfs.ZipFileSystemProvider: void <init>()>;java.util.ServiceLoader$ProviderImpl.newInstance;789;isAccessible=true;
Constructor.newInstance;<jdk.proxy1.$Proxy0: void <init>(java.lang.reflect.InvocationHandler)>;java.lang.reflect.Proxy.newProxyInstance;1053;isAccessible=true;
Constructor.newInstance;<jdk.proxy2.$Proxy2: void <init>(java.lang.reflect.InvocationHandler)>;java.lang.reflect.Proxy.newProxyInstance;1053;isAccessible=true;
Constructor.newInstance;<jdk.proxy2.$Proxy3: void <init>(java.lang.reflect.InvocationHandler)>;java.lang.reflect.Proxy.newProxyInstance;1053;isAccessible=true;
Constructor.newInstance;<jdk.proxy2.$Proxy4: void <init>(java.lang.reflect.InvocationHandler)>;java.lang.reflect.Proxy.newProxyInstance;1053;isAccessible=true;
Constructor.newInstance;<jdk.proxy2.$Proxy5: void <init>(java.lang.reflect.InvocationHandler)>;java.lang.reflect.Proxy.newProxyInstance;1053;isAccessible=true;
Constructor.newInstance;<jdk.proxy2.$Proxy6: void <init>(java.lang.reflect.InvocationHandler)>;java.lang.reflect.Proxy.newProxyInstance;1053;isAccessible=true;
Constructor.newInstance;<jdk.proxy2.$Proxy7: void <init>(java.lang.reflect.InvocationHandler)>;java.lang.reflect.Proxy.newProxyInstance;1053;isAccessible=true;
Constructor.newInstance;<jdk.proxy2.$Proxy8: void <init>(java.lang.reflect.InvocationHandler)>;java.lang.reflect.Proxy.newProxyInstance;1053;isAccessible=true;
Constructor.newInstance;<jdk.proxy2.$Proxy9: void <init>(java.lang.reflect.InvocationHandler)>;java.lang.reflect.Proxy.newProxyInstance;1053;isAccessible=true;
Constructor.newInstance;<jdk.xml.internal.SecuritySupport$$Lambda$48: void <init>()>;java.lang.invoke.InnerClassLambdaMetafactory.buildCallSite;261;isAccessible=true;
Constructor.newInstance;<org.apache.batik.bridge.RhinoInterpreterFactory: void <init>()>;org.apache.batik.util.Service.providers;123;isAccessible=false;
Constructor.newInstance;<org.apache.batik.css.parser.Parser: void <init>()>;org.apache.batik.dom.ExtensibleDOMImplementation.createCSSEngine;127;isAccessible=false;
Constructor.newInstance;<org.apache.batik.extension.svg.BatikBridgeExtension: void <init>()>;org.apache.batik.util.Service.providers;123;isAccessible=false;
Constructor.newInstance;<org.apache.batik.extension.svg.BatikDomExtension: void <init>()>;org.apache.batik.util.Service.providers;123;isAccessible=false;
Constructor.newInstance;<org.apache.commons.io.IOUtils$$Lambda$61: void <init>()>;java.lang.invoke.InnerClassLambdaMetafactory.buildCallSite;261;isAccessible=true;
Constructor.newInstance;<org.apache.commons.io.IOUtils$$Lambda$62: void <init>()>;java.lang.invoke.InnerClassLambdaMetafactory.buildCallSite;261;isAccessible=true;
Constructor.newInstance;<org.apache.commons.io.function.IOConsumer$$Lambda$97: void <init>()>;java.lang.invoke.InnerClassLambdaMetafactory.buildCallSite;261;isAccessible=true;
Constructor.newInstance;<org.apache.commons.logging.impl.Jdk14Logger: void <init>(java.lang.String)>;org.apache.commons.logging.impl.LogFactoryImpl.newInstance;529;isAccessible=false;
Constructor.newInstance;<org.apache.fop.events.EventFormatter$LookupFieldPartFactory: void <init>()>;org.apache.xmlgraphics.util.Service.providers;85;isAccessible=false;
Constructor.newInstance;<org.apache.fop.fo.FOElementMapping: void <init>()>;org.apache.fop.fo.ElementMappingRegistry.addElementMapping;98;isAccessible=false;
Constructor.newInstance;<org.apache.fop.fo.FONode$GatherContextInfoFunction: void <init>()>;org.apache.xmlgraphics.util.Service.providers;85;isAccessible=false;
Constructor.newInstance;<org.apache.fop.fo.extensions.ExtensionElementMapping: void <init>()>;org.apache.fop.fo.ElementMappingRegistry.addElementMapping;98;isAccessible=false;
Constructor.newInstance;<org.apache.fop.fo.extensions.InternalElementMapping: void <init>()>;org.apache.fop.fo.ElementMappingRegistry.addElementMapping;98;isAccessible=false;
Constructor.newInstance;<org.apache.fop.fo.extensions.OldExtensionElementMapping: void <init>()>;org.apache.fop.fo.ElementMappingRegistry.addElementMapping;98;isAccessible=false;
Constructor.newInstance;<org.apache.fop.fo.extensions.svg.BatikExtensionElementMapping: void <init>()>;org.apache.fop.fo.ElementMappingRegistry.addElementMapping;98;isAccessible=false;
Constructor.newInstance;<org.apache.fop.fo.extensions.svg.SVGElementMapping: void <init>()>;org.apache.fop.fo.ElementMappingRegistry.addElementMapping;98;isAccessible=false;
Constructor.newInstance;<org.apache.fop.fo.extensions.xmp.RDFElementMapping: void <init>()>;org.apache.fop.fo.ElementMappingRegistry.addElementMapping;98;isAccessible=false;
Constructor.newInstance;<org.apache.fop.fo.extensions.xmp.XMPContentHandlerFactory: void <init>()>;org.apache.xmlgraphics.util.Service.providers;85;isAccessible=false;
Constructor.newInstance;<org.apache.fop.fo.extensions.xmp.XMPElementMapping: void <init>()>;org.apache.fop.fo.ElementMappingRegistry.addElementMapping;98;isAccessible=false;
Constructor.newInstance;<org.apache.fop.image.loader.batik.ImageConverterG2D2SVG: void <init>()>;org.apache.xmlgraphics.util.Service.providers;85;isAccessible=false;
Constructor.newInstance;<org.apache.fop.image.loader.batik.ImageConverterSVG2G2D: void <init>()>;org.apache.xmlgraphics.util.Service.providers;85;isAccessible=false;
Constructor.newInstance;<org.apache.fop.image.loader.batik.ImageConverterWMF2G2D: void <init>()>;org.apache.xmlgraphics.util.Service.providers;85;isAccessible=false;
Constructor.newInstance;<org.apache.fop.image.loader.batik.ImageLoaderFactorySVG: void <init>()>;org.apache.xmlgraphics.util.Service.providers;85;isAccessible=false;
Constructor.newInstance;<org.apache.fop.image.loader.batik.ImageLoaderFactoryWMF: void <init>()>;org.apache.xmlgraphics.util.Service.providers;85;isAccessible=false;
Constructor.newInstance;<org.apache.fop.image.loader.batik.PreloaderSVG: void <init>()>;org.apache.xmlgraphics.util.Service.providers;85;isAccessible=false;
Constructor.newInstance;<org.apache.fop.image.loader.batik.PreloaderWMF: void <init>()>;org.apache.xmlgraphics.util.Service.providers;85;isAccessible=false;
Constructor.newInstance;<org.apache.fop.render.afp.AFPDocumentHandlerMaker: void <init>()>;org.apache.xmlgraphics.util.Service.providers;85;isAccessible=false;
Constructor.newInstance;<org.apache.fop.render.afp.AFPImageHandlerGraphics2D: void <init>()>;org.apache.xmlgraphics.util.Service.providers;85;isAccessible=false;
Constructor.newInstance;<org.apache.fop.render.afp.AFPImageHandlerRawCCITTFax: void <init>()>;org.apache.xmlgraphics.util.Service.providers;85;isAccessible=false;
Constructor.newInstance;<org.apache.fop.render.afp.AFPImageHandlerRawJPEG: void <init>()>;org.apache.xmlgraphics.util.Service.providers;85;isAccessible=false;
Constructor.newInstance;<org.apache.fop.render.afp.AFPImageHandlerRawStream: void <init>()>;org.apache.xmlgraphics.util.Service.providers;85;isAccessible=false;
Constructor.newInstance;<org.apache.fop.render.afp.AFPImageHandlerRenderedImage: void <init>()>;org.apache.xmlgraphics.util.Service.providers;85;isAccessible=false;
Constructor.newInstance;<org.apache.fop.render.afp.AFPImageHandlerSVG: void <init>()>;org.apache.xmlgraphics.util.Service.providers;85;isAccessible=false;
Constructor.newInstance;<org.apache.fop.render.afp.AFPSVGHandler: void <init>()>;org.apache.xmlgraphics.util.Service.providers;85;isAccessible=false;
Constructor.newInstance;<org.apache.fop.render.afp.extensions.AFPElementMapping: void <init>()>;org.apache.fop.fo.ElementMappingRegistry.addElementMapping;98;isAccessible=false;
Constructor.newInstance;<org.apache.fop.render.afp.extensions.AFPExtensionHandlerFactory: void <init>()>;org.apache.xmlgraphics.util.Service.providers;85;isAccessible=false;
Constructor.newInstance;<org.apache.fop.render.awt.AWTRendererMaker: void <init>()>;org.apache.xmlgraphics.util.Service.providers;85;isAccessible=false;
Constructor.newInstance;<org.apache.fop.render.bitmap.PNGDocumentHandlerMaker: void <init>()>;org.apache.xmlgraphics.util.Service.providers;85;isAccessible=false;
Constructor.newInstance;<org.apache.fop.render.bitmap.PNGRendererMaker: void <init>()>;org.apache.xmlgraphics.util.Service.providers;85;isAccessible=false;
Constructor.newInstance;<org.apache.fop.render.bitmap.TIFFDocumentHandlerMaker: void <init>()>;org.apache.xmlgraphics.util.Service.providers;85;isAccessible=false;
Constructor.newInstance;<org.apache.fop.render.bitmap.TIFFRendererMaker: void <init>()>;org.apache.xmlgraphics.util.Service.providers;85;isAccessible=false;
Constructor.newInstance;<org.apache.fop.render.intermediate.IFSerializerMaker: void <init>()>;org.apache.xmlgraphics.util.Service.providers;85;isAccessible=false;
Constructor.newInstance;<org.apache.fop.render.java2d.Java2DImageHandlerGraphics2D: void <init>()>;org.apache.xmlgraphics.util.Service.providers;85;isAccessible=false;
Constructor.newInstance;<org.apache.fop.render.java2d.Java2DImageHandlerRenderedImage: void <init>()>;org.apache.xmlgraphics.util.Service.providers;85;isAccessible=false;
Constructor.newInstance;<org.apache.fop.render.java2d.Java2DSVGHandler: void <init>()>;org.apache.xmlgraphics.util.Service.providers;85;isAccessible=false;
Constructor.newInstance;<org.apache.fop.render.pcl.PCLDocumentHandlerMaker: void <init>()>;org.apache.xmlgraphics.util.Service.providers;85;isAccessible=false;
Constructor.newInstance;<org.apache.fop.render.pcl.PCLImageHandlerGraphics2D: void <init>()>;org.apache.xmlgraphics.util.Service.providers;85;isAccessible=false;
Constructor.newInstance;<org.apache.fop.render.pcl.PCLImageHandlerRenderedImage: void <init>()>;org.apache.xmlgraphics.util.Service.providers;85;isAccessible=false;
Constructor.newInstance;<org.apache.fop.render.pcl.PCLSVGHandler: void <init>()>;org.apache.xmlgraphics.util.Service.providers;85;isAccessible=false;
Constructor.newInstance;<org.apache.fop.render.pcl.extensions.PCLElementMapping: void <init>()>;org.apache.fop.fo.ElementMappingRegistry.addElementMapping;98;isAccessible=false;
Constructor.newInstance;<org.apache.fop.render.pdf.PDFDocumentHandlerMaker: void <init>()>;org.apache.xmlgraphics.util.Service.providers;85;isAccessible=false;
Constructor.newInstance;<org.apache.fop.render.pdf.PDFImageHandlerGraphics2D: void <init>()>;org.apache.xmlgraphics.util.Service.providers;85;isAccessible=false;
Constructor.newInstance;<org.apache.fop.render.pdf.PDFImageHandlerRawCCITTFax: void <init>()>;org.apache.xmlgraphics.util.Service.providers;85;isAccessible=false;
Constructor.newInstance;<org.apache.fop.render.pdf.PDFImageHandlerRawJPEG: void <init>()>;org.apache.xmlgraphics.util.Service.providers;85;isAccessible=false;
Constructor.newInstance;<org.apache.fop.render.pdf.PDFImageHandlerRawPNG: void <init>()>;org.apache.xmlgraphics.util.Service.providers;85;isAccessible=false;
Constructor.newInstance;<org.apache.fop.render.pdf.PDFImageHandlerRenderedImage: void <init>()>;org.apache.xmlgraphics.util.Service.providers;85;isAccessible=false;
Constructor.newInstance;<org.apache.fop.render.pdf.PDFImageHandlerSVG: void <init>()>;org.apache.xmlgraphics.util.Service.providers;85;isAccessible=false;
Constructor.newInstance;<org.apache.fop.render.pdf.PDFSVGHandler: void <init>()>;org.apache.xmlgraphics.util.Service.providers;85;isAccessible=false;
Constructor.newInstance;<org.apache.fop.render.pdf.extensions.PDFElementMapping: void <init>()>;org.apache.fop.fo.ElementMappingRegistry.addElementMapping;98;isAccessible=false;
Constructor.newInstance;<org.apache.fop.render.pdf.extensions.PDFExtensionHandlerFactory: void <init>()>;org.apache.xmlgraphics.util.Service.providers;85;isAccessible=false;
Constructor.newInstance;<org.apache.fop.render.print.PrintRendererMaker: void <init>()>;org.apache.xmlgraphics.util.Service.providers;85;isAccessible=false;
Constructor.newInstance;<org.apache.fop.render.ps.PSDocumentHandlerMaker: void <init>()>;org.apache.xmlgraphics.util.Service.providers;85;isAccessible=false;
Constructor.newInstance;<org.apache.fop.render.ps.PSImageHandlerEPS: void <init>()>;org.apache.xmlgraphics.util.Service.providers;85;isAccessible=false;
Constructor.newInstance;<org.apache.fop.render.ps.PSImageHandlerGraphics2D: void <init>()>;org.apache.xmlgraphics.util.Service.providers;85;isAccessible=false;
Constructor.newInstance;<org.apache.fop.render.ps.PSImageHandlerRawCCITTFax: void <init>()>;org.apache.xmlgraphics.util.Service.providers;85;isAccessible=false;
Constructor.newInstance;<org.apache.fop.render.ps.PSImageHandlerRawJPEG: void <init>()>;org.apache.xmlgraphics.util.Service.providers;85;isAccessible=false;
Constructor.newInstance;<org.apache.fop.render.ps.PSImageHandlerRawPNG: void <init>()>;org.apache.xmlgraphics.util.Service.providers;85;isAccessible=false;
Constructor.newInstance;<org.apache.fop.render.ps.PSImageHandlerRenderedImage: void <init>()>;org.apache.xmlgraphics.util.Service.providers;85;isAccessible=false;
Constructor.newInstance;<org.apache.fop.render.ps.PSImageHandlerSVG: void <init>()>;org.apache.xmlgraphics.util.Service.providers;85;isAccessible=false;
Constructor.newInstance;<org.apache.fop.render.ps.PSSVGHandler: void <init>()>;org.apache.xmlgraphics.util.Service.providers;85;isAccessible=false;
Constructor.newInstance;<org.apache.fop.render.ps.extensions.PSExtensionElementMapping: void <init>()>;org.apache.fop.fo.ElementMappingRegistry.addElementMapping;98;isAccessible=false;
Constructor.newInstance;<org.apache.fop.render.ps.extensions.PSExtensionHandlerFactory: void <init>()>;org.apache.xmlgraphics.util.Service.providers;85;isAccessible=false;
Constructor.newInstance;<org.apache.fop.render.rtf.RTFFOEventHandlerMaker: void <init>()>;org.apache.xmlgraphics.util.Service.providers;85;isAccessible=false;
Constructor.newInstance;<org.apache.fop.render.txt.TXTRendererMaker: void <init>()>;org.apache.xmlgraphics.util.Service.providers;85;isAccessible=false;
Constructor.newInstance;<org.apache.fop.render.xml.XMLRendererMaker: void <init>()>;org.apache.xmlgraphics.util.Service.providers;85;isAccessible=false;
Constructor.newInstance;<org.apache.fop.svg.PDFBatikFlowTextElementBridge: void <init>(org.apache.fop.fonts.FontInfo)>;org.apache.fop.svg.AbstractFOPBridgeContext.putElementBridgeConditional;137;isAccessible=false;
Constructor.newInstance;<org.apache.fop.svg.PDFSVGFlowRootElementBridge: void <init>(org.apache.fop.fonts.FontInfo)>;org.apache.fop.svg.AbstractFOPBridgeContext.putElementBridgeConditional;137;isAccessible=false;
Constructor.newInstance;<org.apache.fop.util.text.ChoiceFieldPart$Factory: void <init>()>;org.apache.xmlgraphics.util.Service.providers;85;isAccessible=false;
Constructor.newInstance;<org.apache.fop.util.text.EqualsFieldPart$Factory: void <init>()>;org.apache.xmlgraphics.util.Service.providers;85;isAccessible=false;
Constructor.newInstance;<org.apache.fop.util.text.GlyphNameFieldPart$Factory: void <init>()>;org.apache.xmlgraphics.util.Service.providers;85;isAccessible=false;
Constructor.newInstance;<org.apache.fop.util.text.HexFieldPart$Factory: void <init>()>;org.apache.xmlgraphics.util.Service.providers;85;isAccessible=false;
Constructor.newInstance;<org.apache.fop.util.text.IfFieldPart$Factory: void <init>()>;org.apache.xmlgraphics.util.Service.providers;85;isAccessible=false;
Constructor.newInstance;<org.apache.fop.util.text.LocatorFormatter: void <init>()>;org.apache.xmlgraphics.util.Service.providers;85;isAccessible=false;
Constructor.newInstance;<org.apache.xmlgraphics.image.loader.impl.ImageConverterBitmap2G2D: void <init>()>;org.apache.xmlgraphics.util.Service.providers;85;isAccessible=false;
Constructor.newInstance;<org.apache.xmlgraphics.image.loader.impl.ImageConverterBuffered2Rendered: void <init>()>;org.apache.xmlgraphics.util.Service.providers;85;isAccessible=false;
Constructor.newInstance;<org.apache.xmlgraphics.image.loader.impl.ImageConverterG2D2Bitmap: void <init>()>;org.apache.xmlgraphics.util.Service.providers;85;isAccessible=false;
Constructor.newInstance;<org.apache.xmlgraphics.image.loader.impl.ImageConverterRendered2PNG: void <init>()>;org.apache.xmlgraphics.util.Service.providers;85;isAccessible=false;
Constructor.newInstance;<org.apache.xmlgraphics.image.loader.impl.ImageLoaderFactoryEPS: void <init>()>;org.apache.xmlgraphics.util.Service.providers;85;isAccessible=false;
Constructor.newInstance;<org.apache.xmlgraphics.image.loader.impl.ImageLoaderFactoryInternalTIFF: void <init>()>;org.apache.xmlgraphics.util.Service.providers;85;isAccessible=false;
Constructor.newInstance;<org.apache.xmlgraphics.image.loader.impl.ImageLoaderFactoryPNG: void <init>()>;org.apache.xmlgraphics.util.Service.providers;85;isAccessible=false;
Constructor.newInstance;<org.apache.xmlgraphics.image.loader.impl.ImageLoaderFactoryRaw: void <init>()>;org.apache.xmlgraphics.util.Service.providers;85;isAccessible=false;
Constructor.newInstance;<org.apache.xmlgraphics.image.loader.impl.ImageLoaderFactoryRawCCITTFax: void <init>()>;org.apache.xmlgraphics.util.Service.providers;85;isAccessible=false;
Constructor.newInstance;<org.apache.xmlgraphics.image.loader.impl.PreloaderBMP: void <init>()>;org.apache.xmlgraphics.util.Service.providers;85;isAccessible=false;
Constructor.newInstance;<org.apache.xmlgraphics.image.loader.impl.PreloaderEMF: void <init>()>;org.apache.xmlgraphics.util.Service.providers;85;isAccessible=false;
Constructor.newInstance;<org.apache.xmlgraphics.image.loader.impl.PreloaderEPS: void <init>()>;org.apache.xmlgraphics.util.Service.providers;85;isAccessible=false;
Constructor.newInstance;<org.apache.xmlgraphics.image.loader.impl.PreloaderGIF: void <init>()>;org.apache.xmlgraphics.util.Service.providers;85;isAccessible=false;
Constructor.newInstance;<org.apache.xmlgraphics.image.loader.impl.PreloaderJPEG: void <init>()>;org.apache.xmlgraphics.util.Service.providers;85;isAccessible=false;
Constructor.newInstance;<org.apache.xmlgraphics.image.loader.impl.PreloaderRawPNG: void <init>()>;org.apache.xmlgraphics.util.Service.providers;85;isAccessible=false;
Constructor.newInstance;<org.apache.xmlgraphics.image.loader.impl.PreloaderTIFF: void <init>()>;org.apache.xmlgraphics.util.Service.providers;85;isAccessible=false;
Constructor.newInstance;<org.apache.xmlgraphics.image.loader.impl.imageio.ImageLoaderFactoryImageIO: void <init>()>;org.apache.xmlgraphics.util.Service.providers;85;isAccessible=false;
Constructor.newInstance;<org.apache.xmlgraphics.image.loader.impl.imageio.PreloaderImageIO: void <init>()>;org.apache.xmlgraphics.util.Service.providers;85;isAccessible=false;
Constructor.newInstance;<org.dacapo.harness.Benchmark$$Lambda$39: void <init>()>;java.lang.invoke.InnerClassLambdaMetafactory.buildCallSite;261;isAccessible=true;
Constructor.newInstance;<org.dacapo.harness.CommandLineArgs$$Lambda$31: void <init>()>;java.lang.invoke.InnerClassLambdaMetafactory.buildCallSite;261;isAccessible=true;
Constructor.newInstance;<org.dacapo.harness.CommandLineArgs$$Lambda$32: void <init>()>;java.lang.invoke.InnerClassLambdaMetafactory.buildCallSite;261;isAccessible=true;
Constructor.newInstance;<org.dacapo.harness.CommandLineArgs$$Lambda$33: void <init>()>;java.lang.invoke.InnerClassLambdaMetafactory.buildCallSite;261;isAccessible=true;
Constructor.newInstance;<org.dacapo.harness.Fop: void <init>(org.dacapo.parser.Config,java.io.File,java.io.File)>;org.dacapo.harness.TestHarness.runBenchmark;218;isAccessible=false;
Constructor.newInstance;<sun.awt.X11FontManager: void <init>()>;sun.font.FontManagerFactory$1.run;85;isAccessible=false;
Constructor.newInstance;<sun.awt.resources.awt: void <init>()>;java.util.ResourceBundle$ResourceBundleProviderHelper.newResourceBundle;3586;isAccessible=true;
Constructor.newInstance;<sun.java2d.Disposer$$Lambda$70: void <init>()>;java.lang.invoke.InnerClassLambdaMetafactory.buildCallSite;261;isAccessible=true;
Constructor.newInstance;<sun.java2d.marlin.DMarlinRenderingEngine: void <init>()>;sun.java2d.pipe.RenderingEngine.getInstance;138;isAccessible=false;
Constructor.newInstance;<sun.security.provider.MD5: void <init>()>;java.security.Provider$Service.newInstanceOf;1879;isAccessible=false;
Constructor.newInstance;<sun.security.provider.NativePRNG: void <init>()>;java.security.Provider$Service.newInstanceOf;1879;isAccessible=false;
Constructor.newInstance;<sun.security.provider.SHA: void <init>()>;java.security.Provider$Service.newInstanceOf;1879;isAccessible=false;
Constructor.newInstance;<sun.text.resources.cldr.FormatData: void <init>()>;java.util.ResourceBundle$ResourceBundleProviderHelper.newResourceBundle;3586;isAccessible=true;
Constructor.newInstance;<sun.text.resources.cldr.FormatData_en: void <init>()>;java.util.ResourceBundle$ResourceBundleProviderHelper.newResourceBundle;3586;isAccessible=true;
Constructor.newInstance;<sun.util.cldr.CLDRLocaleProviderAdapter$$Lambda$51: void <init>()>;java.lang.invoke.InnerClassLambdaMetafactory.buildCallSite;261;isAccessible=true;
Constructor.newInstance;<sun.util.cldr.CLDRLocaleProviderAdapter: void <init>()>;sun.util.locale.provider.LocaleProviderAdapter.forType;188;isAccessible=false;
Constructor.newInstance;<sun.util.locale.provider.JRELocaleProviderAdapter: void <init>()>;sun.util.locale.provider.LocaleProviderAdapter.forType;188;isAccessible=false;
Constructor.newInstance;<sun.util.logging.internal.LoggingProviderImpl: void <init>()>;java.util.ServiceLoader$ProviderImpl.newInstance;789;isAccessible=true;
Constructor.newInstance;<sun.util.resources.TimeZoneNames: void <init>()>;java.util.ResourceBundle$ResourceBundleProviderHelper.newResourceBundle;3586;isAccessible=true;
Constructor.newInstance;<sun.util.resources.TimeZoneNames_en: void <init>()>;java.util.ResourceBundle$ResourceBundleProviderHelper.newResourceBundle;3586;isAccessible=true;
Constructor.newInstance;<sun.util.resources.cldr.CalendarData: void <init>()>;java.util.ResourceBundle$ResourceBundleProviderHelper.newResourceBundle;3586;isAccessible=true;
Constructor.newInstance;<sun.util.resources.cldr.TimeZoneNames: void <init>()>;java.util.ResourceBundle$ResourceBundleProviderHelper.newResourceBundle;3586;isAccessible=true;
Constructor.newInstance;<sun.util.resources.cldr.TimeZoneNames_en: void <init>()>;java.util.ResourceBundle$ResourceBundleProviderHelper.newResourceBundle;3586;isAccessible=true;
Constructor.newInstance;<sun.util.resources.cldr.provider.CLDRLocaleDataMetaInfo: void <init>()>;java.util.ServiceLoader$ProviderImpl.newInstance;789;isAccessible=true;
Constructor.newInstance;<sun.util.resources.provider.LocaleDataProvider: void <init>()>;java.util.ServiceLoader$ProviderImpl.newInstance;789;isAccessible=true;
Constructor.newInstance;<sun.util.resources.provider.NonBaseLocaleDataMetaInfo: void <init>()>;java.util.ServiceLoader$ProviderImpl.newInstance;789;isAccessible=true;
Method.invoke;<java.lang.Thread: java.lang.ClassLoader getContextClassLoader()>;org.apache.commons.logging.LogFactory.getContextClassLoader;442;isAccessible=false;
Method.invoke;<java.lang.Thread: java.lang.ClassLoader getContextClassLoader()>;org.apache.fop.hyphenation.Hyphenator.getResourceStream;117;isAccessible=false;
Method.invoke;<java.lang.annotation.RetentionPolicy: java.lang.annotation.RetentionPolicy[] values()>;java.lang.Class.getEnumConstantsShared;;isAccessible=true;
Method.invoke;<java.nio.file.attribute.PosixFilePermission: java.nio.file.attribute.PosixFilePermission[] values()>;java.lang.Class.getEnumConstantsShared;;isAccessible=true;
Method.invoke;<org.apache.fop.cli.Main: void startFOP(java.lang.String[])>;org.dacapo.harness.Fop.iterate;102;isAccessible=false;
Method.invoke;<org.apache.fop.render.pdf.PDFRendererOption: org.apache.fop.render.pdf.PDFRendererOption[] values()>;java.lang.Class.getEnumConstantsShared;;isAccessible=true;
Method.invoke;<org.dacapo.harness.TestHarness: void main(java.lang.String[])>;Harness.main;39;isAccessible=false;
Method.invoke;<sun.font.EAttribute: sun.font.EAttribute[] values()>;java.lang.Class.getEnumConstantsShared;;isAccessible=true;
