Array.newInstance;com.jme3.app.state.AppState[];com.jme3.util.SafeArrayList.createArray;128;;
Array.newInstance;com.jme3.app.state.ConstantVerifierState$Checker[];com.jme3.util.SafeArrayList.createArray;128;;
Array.newInstance;com.jme3.input.RawInputListener[];com.jme3.util.SafeArrayList.createArray;128;;
Array.newInstance;com.jme3.material.MatParamOverride[];com.jme3.util.SafeArrayList.createArray;128;;
Array.newInstance;com.jme3.post.Filter[];com.jme3.util.SafeArrayList.createArray;128;;
Array.newInstance;com.jme3.scene.Spatial[];com.jme3.util.SafeArrayList.createArray;128;;
Array.newInstance;com.jme3.scene.VertexBuffer[];com.jme3.util.SafeArrayList.createArray;128;;
Array.newInstance;com.jme3.scene.control.Control[];com.jme3.util.SafeArrayList.createArray;128;;
Array.newInstance;java.lang.Class[];java.util.Arrays.copyOf;3513;;
Array.newInstance;java.lang.Class[];java.util.Arrays.copyOfRange;3786;;
Array.newInstance;java.lang.Class[];java.util.ImmutableCollections$List12.toArray;640;;
Array.newInstance;java.lang.String[];java.util.Arrays.copyOf;3513;;
Array.newInstance;java.lang.String[];java.util.Arrays.copyOfRange;3786;;
Array.newInstance;java.lang.Thread[];java.util.Arrays.copyOf;3513;;
Array.newInstance;java.lang.invoke.LambdaForm$Name[];java.util.Arrays.copyOf;3513;;
Array.newInstance;jdk.nio.zipfs.ZipFileSystem$IndexNode[];java.util.HashMap.prepareArray;926;;
Array.newInstance;sun.security.jca.ProviderConfig[];java.util.Arrays.copyOf;3513;;
Class.forName;Harness;sun.launcher.LauncherHelper.loadMainClass;791;;
Class.forName;com.jme3.asset.plugins.ClasspathLocator;com.jme3.asset.AssetConfig.acquireClass;62;;
Class.forName;com.jme3.audio.plugins.OGGLoader;com.jme3.asset.AssetConfig.acquireClass;62;;
Class.forName;com.jme3.audio.plugins.WAVLoader;com.jme3.asset.AssetConfig.acquireClass;62;;
Class.forName;com.jme3.cursors.plugins.CursorLoader;com.jme3.asset.AssetConfig.acquireClass;62;;
Class.forName;com.jme3.export.binary.BinaryLoader;com.jme3.asset.AssetConfig.acquireClass;62;;
Class.forName;com.jme3.font.plugins.BitmapFontLoader;com.jme3.asset.AssetConfig.acquireClass;62;;
Class.forName;com.jme3.material.plugins.J3MLoader;com.jme3.asset.AssetConfig.acquireClass;62;;
Class.forName;com.jme3.material.plugins.ShaderNodeDefinitionLoader;com.jme3.asset.AssetConfig.acquireClass;62;;
Class.forName;com.jme3.scene.plugins.MTLLoader;com.jme3.asset.AssetConfig.acquireClass;62;;
Class.forName;com.jme3.scene.plugins.OBJLoader;com.jme3.asset.AssetConfig.acquireClass;62;;
Class.forName;com.jme3.scene.plugins.fbx.FbxLoader;com.jme3.asset.AssetConfig.acquireClass;62;;
Class.forName;com.jme3.scene.plugins.gltf.BinLoader;com.jme3.asset.AssetConfig.acquireClass;62;;
Class.forName;com.jme3.scene.plugins.gltf.GlbLoader;com.jme3.asset.AssetConfig.acquireClass;62;;
Class.forName;com.jme3.scene.plugins.gltf.GltfLoader;com.jme3.asset.AssetConfig.acquireClass;62;;
Class.forName;com.jme3.scene.plugins.ogre.MaterialLoader;com.jme3.asset.AssetConfig.acquireClass;62;;
Class.forName;com.jme3.scene.plugins.ogre.MeshLoader;com.jme3.asset.AssetConfig.acquireClass;62;;
Class.forName;com.jme3.scene.plugins.ogre.SceneLoader;com.jme3.asset.AssetConfig.acquireClass;62;;
Class.forName;com.jme3.scene.plugins.ogre.SkeletonLoader;com.jme3.asset.AssetConfig.acquireClass;62;;
Class.forName;com.jme3.shader.plugins.GLSLLoader;com.jme3.asset.AssetConfig.acquireClass;62;;
Class.forName;com.jme3.system.JmeDesktopSystem;com.jme3.system.JmeSystem.tryLoadDelegate;207;;
Class.forName;com.jme3.texture.plugins.AWTLoader;com.jme3.asset.AssetConfig.acquireClass;62;;
Class.forName;com.jme3.texture.plugins.DDSLoader;com.jme3.asset.AssetConfig.acquireClass;62;;
Class.forName;com.jme3.texture.plugins.HDRLoader;com.jme3.asset.AssetConfig.acquireClass;62;;
Class.forName;com.jme3.texture.plugins.PFMLoader;com.jme3.asset.AssetConfig.acquireClass;62;;
Class.forName;com.jme3.texture.plugins.TGALoader;com.jme3.asset.AssetConfig.acquireClass;62;;
Class.forName;com.jme3.util.ReflectionAllocator;com.jme3.util.BufferAllocatorFactory.create;31;;
Class.forName;com.sun.org.apache.xerces.internal.jaxp.datatype.DatatypeFactoryImpl;javax.xml.datatype.FactoryFinder.getProviderClass;109;;
Class.forName;java.io.FilePermission;org.objectweb.asm.ClassWriter.getCommonSuperClass;1043;;
Class.forName;java.io.IOException;org.objectweb.asm.ClassWriter.getCommonSuperClass;1043;;
Class.forName;java.lang.Object;org.objectweb.asm.ClassWriter.getCommonSuperClass;1043;;
Class.forName;java.lang.Object;org.objectweb.asm.ClassWriter.getCommonSuperClass;1049;;
Class.forName;java.lang.SecurityManager;org.objectweb.asm.ClassWriter.getCommonSuperClass;1043;;
Class.forName;java.lang.String;org.objectweb.asm.ClassWriter.getCommonSuperClass;1043;;
Class.forName;java.lang.String;org.objectweb.asm.ClassWriter.getCommonSuperClass;1049;;
Class.forName;java.net.SocketPermission;org.objectweb.asm.ClassWriter.getCommonSuperClass;1043;;
Class.forName;java.net.URL;org.objectweb.asm.ClassWriter.getCommonSuperClass;1049;;
Class.forName;java.security.Permission;org.objectweb.asm.ClassWriter.getCommonSuperClass;1043;;
Class.forName;java.security.Permission;org.objectweb.asm.ClassWriter.getCommonSuperClass;1049;;
Class.forName;java.util.Iterator;org.objectweb.asm.ClassWriter.getCommonSuperClass;1049;;
Class.forName;jdk.internal.jrtfs.JrtFileSystemProvider;java.util.ServiceLoader$LazyClassPathLookupIterator.nextProviderClass;1217;;
Class.forName;jdk.internal.jrtfs.JrtFileSystemProvider;java.util.ServiceLoader.loadProvider;859;;
Class.forName;jdk.nio.zipfs.ZipFileSystemProvider;java.util.ServiceLoader.loadProvider;859;;
Class.forName;jme3test.TestChooser;jme3test.TestChooser.load;173;;
Class.forName;jme3test.TestChooser;org.dacapo.harness.JME.<init>;25;;
Class.forName;jme3test.animation.TestCameraMotionPath;jme3test.TestChooser.load;173;;
Class.forName;jme3test.animation.TestCinematic;jme3test.TestChooser.load;173;;
Class.forName;jme3test.animation.TestJaime;jme3test.TestChooser.load;173;;
Class.forName;jme3test.animation.TestMotionPath;jme3test.TestChooser.load;173;;
Class.forName;jme3test.app.TestAppStateLifeCycle;jme3test.TestChooser.load;173;;
Class.forName;jme3test.app.TestApplication;jme3test.TestChooser.load;173;;
Class.forName;jme3test.app.TestBareBonesApp;jme3test.TestChooser.load;173;;
Class.forName;jme3test.app.TestChangeAppIcon;jme3test.TestChooser.load;173;;
Class.forName;jme3test.app.TestCloneSpatial;jme3test.TestChooser.load;173;;
Class.forName;jme3test.app.TestCloner;jme3test.TestChooser.load;173;;
Class.forName;jme3test.app.TestContextRestart;jme3test.TestChooser.load;173;;
Class.forName;jme3test.app.TestCustomAppSettings;jme3test.TestChooser.load;173;;
Class.forName;jme3test.app.TestEnqueueRunnable;jme3test.TestChooser.load;173;;
Class.forName;jme3test.app.TestIDList;jme3test.TestChooser.load;173;;
Class.forName;jme3test.app.TestReleaseDirectMemory;jme3test.TestChooser.load;173;;
Class.forName;jme3test.app.TestResizableApp;jme3test.TestChooser.load;173;;
Class.forName;jme3test.app.TestTempVars;jme3test.TestChooser.load;173;;
Class.forName;jme3test.app.TestUseAfterFree;jme3test.TestChooser.load;173;;
Class.forName;jme3test.app.state.TestAppStates;jme3test.TestChooser.load;173;;
Class.forName;jme3test.asset.TestAssetCache;jme3test.TestChooser.load;173;;
Class.forName;jme3test.asset.TestOnlineJar;jme3test.TestChooser.load;173;;
Class.forName;jme3test.asset.TestUrlLoading;jme3test.TestChooser.load;173;;
Class.forName;jme3test.audio.TestAmbient;jme3test.TestChooser.load;173;;
Class.forName;jme3test.audio.TestDoppler;jme3test.TestChooser.load;173;;
Class.forName;jme3test.audio.TestIssue1761;jme3test.TestChooser.load;173;;
Class.forName;jme3test.audio.TestMusicPlayer;jme3test.TestChooser.load;173;;
Class.forName;jme3test.audio.TestMusicStreaming;jme3test.TestChooser.load;173;;
Class.forName;jme3test.audio.TestOgg;jme3test.TestChooser.load;173;;
Class.forName;jme3test.audio.TestReverb;jme3test.TestChooser.load;173;;
Class.forName;jme3test.audio.TestWav;jme3test.TestChooser.load;173;;
Class.forName;jme3test.awt.TestApplet;jme3test.TestChooser.load;173;;
Class.forName;jme3test.awt.TestAwtPanels;jme3test.TestChooser.load;173;;
Class.forName;jme3test.awt.TestCanvas;jme3test.TestChooser.load;173;;
Class.forName;jme3test.awt.TestSafeCanvas;jme3test.TestChooser.load;173;;
Class.forName;jme3test.batching.TestBatchNode;jme3test.TestChooser.load;173;;
Class.forName;jme3test.batching.TestBatchNodeCluster;jme3test.TestChooser.load;173;;
Class.forName;jme3test.batching.TestBatchNodeTower;jme3test.TestChooser.load;173;;
Class.forName;jme3test.bounding.TestRayCollision;jme3test.TestChooser.load;173;;
Class.forName;jme3test.bullet.PhysicsTestHelper;jme3test.TestChooser.load;173;;
Class.forName;jme3test.bullet.TestAttachDriver;jme3test.TestChooser.load;173;;
Class.forName;jme3test.bullet.TestAttachGhostObject;jme3test.TestChooser.load;173;;
Class.forName;jme3test.bullet.TestBetterCharacter;jme3test.TestChooser.load;173;;
Class.forName;jme3test.bullet.TestBoneRagdoll;jme3test.TestChooser.load;173;;
Class.forName;jme3test.bullet.TestBrickTower;jme3test.TestChooser.load;173;;
Class.forName;jme3test.bullet.TestBrickWall;jme3test.TestChooser.load;173;;
Class.forName;jme3test.bullet.TestCcd;jme3test.TestChooser.load;173;;
Class.forName;jme3test.bullet.TestCollisionGroups;jme3test.TestChooser.load;173;;
Class.forName;jme3test.bullet.TestCollisionListener;jme3test.TestChooser.load;173;;
Class.forName;jme3test.bullet.TestCollisionShapeFactory;jme3test.TestChooser.load;173;;
Class.forName;jme3test.bullet.TestFancyCar;jme3test.TestChooser.load;173;;
Class.forName;jme3test.bullet.TestGhostObject;jme3test.TestChooser.load;173;;
Class.forName;jme3test.bullet.TestHoveringTank;jme3test.TestChooser.load;173;;
Class.forName;jme3test.bullet.TestIssue1120;jme3test.TestChooser.load;173;;
Class.forName;jme3test.bullet.TestIssue1125;jme3test.TestChooser.load;173;;
Class.forName;jme3test.bullet.TestIssue877;jme3test.TestChooser.load;173;;
Class.forName;jme3test.bullet.TestIssue883;jme3test.TestChooser.load;173;;
Class.forName;jme3test.bullet.TestKinematicAddToPhysicsSpaceIssue;jme3test.TestChooser.load;173;;
Class.forName;jme3test.bullet.TestLocalPhysics;jme3test.TestChooser.load;173;;
Class.forName;jme3test.bullet.TestPhysicsCar;jme3test.TestChooser.load;173;;
Class.forName;jme3test.bullet.TestPhysicsCharacter;jme3test.TestChooser.load;173;;
Class.forName;jme3test.bullet.TestPhysicsHingeJoint;jme3test.TestChooser.load;173;;
Class.forName;jme3test.bullet.TestPhysicsRayCast;jme3test.TestChooser.load;173;;
Class.forName;jme3test.bullet.TestPhysicsReadWrite;jme3test.TestChooser.load;173;;
Class.forName;jme3test.bullet.TestQ3;jme3test.TestChooser.load;173;;
Class.forName;jme3test.bullet.TestRagDoll;jme3test.TestChooser.load;173;;
Class.forName;jme3test.bullet.TestRagdollCharacter;jme3test.TestChooser.load;173;;
Class.forName;jme3test.bullet.TestSimplePhysics;jme3test.TestChooser.load;173;;
Class.forName;jme3test.bullet.TestSweepTest;jme3test.TestChooser.load;173;;
Class.forName;jme3test.bullet.TestWalkingChar;jme3test.TestChooser.load;173;;
Class.forName;jme3test.bullet.shape.TestGimpactShape;jme3test.TestChooser.load;173;;
Class.forName;jme3test.collision.TestMousePick;jme3test.TestChooser.load;173;;
Class.forName;jme3test.collision.TestRayCasting;jme3test.TestChooser.load;173;;
Class.forName;jme3test.collision.TestTriangleCollision;jme3test.TestChooser.load;173;;
Class.forName;jme3test.conversion.TestMipMapGen;jme3test.TestChooser.load;173;;
Class.forName;jme3test.effect.TestEverything;jme3test.TestChooser.load;173;;
Class.forName;jme3test.effect.TestExplosionEffect;jme3test.TestChooser.load;173;;
Class.forName;jme3test.effect.TestMovingParticle;jme3test.TestChooser.load;173;;
Class.forName;jme3test.effect.TestParticleExportingCloning;jme3test.TestChooser.load;173;;
Class.forName;jme3test.effect.TestPointSprite;jme3test.TestChooser.load;173;;
Class.forName;jme3test.effect.TestSoftParticles;jme3test.TestChooser.load;173;;
Class.forName;jme3test.export.TestAssetLinkNode;jme3test.TestChooser.load;173;;
Class.forName;jme3test.export.TestOgreConvert;jme3test.TestChooser.load;173;;
Class.forName;jme3test.gui.TestBitmapFont;jme3test.TestChooser.load;173;;
Class.forName;jme3test.gui.TestBitmapFontAlignment;jme3test.TestChooser.load;173;;
Class.forName;jme3test.gui.TestBitmapFontLayout;jme3test.TestChooser.load;173;;
Class.forName;jme3test.gui.TestBitmapText3D;jme3test.TestChooser.load;173;;
Class.forName;jme3test.gui.TestCursor;jme3test.TestChooser.load;173;;
Class.forName;jme3test.gui.TestOrtho;jme3test.TestChooser.load;173;;
Class.forName;jme3test.gui.TestRtlBitmapText;jme3test.TestChooser.load;173;;
Class.forName;jme3test.gui.TestSoftwareMouse;jme3test.TestChooser.load;173;;
Class.forName;jme3test.gui.TestZOrder;jme3test.TestChooser.load;173;;
Class.forName;jme3test.input.TestCameraNode;jme3test.TestChooser.load;173;;
Class.forName;jme3test.input.TestChaseCamera;jme3test.TestChooser.load;173;;
Class.forName;jme3test.input.TestChaseCameraAppState;jme3test.TestChooser.load;173;;
Class.forName;jme3test.input.TestControls;jme3test.TestChooser.load;173;;
Class.forName;jme3test.input.TestIssue1692;jme3test.TestChooser.load;173;;
Class.forName;jme3test.input.TestJoystick;jme3test.TestChooser.load;173;;
Class.forName;jme3test.input.combomoves.TestComboMoves;jme3test.TestChooser.load;173;;
Class.forName;jme3test.light.ShadowTestUIManager;jme3test.TestChooser.load;173;;
Class.forName;jme3test.light.TestColorApp;jme3test.TestChooser.load;173;;
Class.forName;jme3test.light.TestConeVSFrustum;jme3test.TestChooser.load;173;;
Class.forName;jme3test.light.TestDirectionalLightShadow;jme3test.TestChooser.load;173;;
Class.forName;jme3test.light.TestEnvironmentMapping;jme3test.TestChooser.load;173;;
Class.forName;jme3test.light.TestGltfUnlit;jme3test.TestChooser.load;173;;
Class.forName;jme3test.light.TestLightControl2Directional;jme3test.TestChooser.load;173;;
Class.forName;jme3test.light.TestLightControl2Spot;jme3test.TestChooser.load;173;;
Class.forName;jme3test.light.TestLightControlDirectional;jme3test.TestChooser.load;173;;
Class.forName;jme3test.light.TestLightControlSpot;jme3test.TestChooser.load;173;;
Class.forName;jme3test.light.TestLightRadius;jme3test.TestChooser.load;173;;
Class.forName;jme3test.light.TestLightingFog;jme3test.TestChooser.load;173;;
Class.forName;jme3test.light.TestManyLights;jme3test.TestChooser.load;173;;
Class.forName;jme3test.light.TestManyLightsSingle;jme3test.TestChooser.load;173;;
Class.forName;jme3test.light.TestObbVsBounds;jme3test.TestChooser.load;173;;
Class.forName;jme3test.light.TestPointDirectionalAndSpotLightShadows;jme3test.TestChooser.load;173;;
Class.forName;jme3test.light.TestPointLightShadows;jme3test.TestChooser.load;173;;
Class.forName;jme3test.light.TestShadowBug;jme3test.TestChooser.load;173;;
Class.forName;jme3test.light.TestShadowsPerf;jme3test.TestChooser.load;173;;
Class.forName;jme3test.light.TestSimpleLighting;jme3test.TestChooser.load;173;;
Class.forName;jme3test.light.TestSpotLight;jme3test.TestChooser.load;173;;
Class.forName;jme3test.light.TestSpotLightShadows;jme3test.TestChooser.load;173;;
Class.forName;jme3test.light.TestSpotLightTerrain;jme3test.TestChooser.load;173;;
Class.forName;jme3test.light.TestTangentCube;jme3test.TestChooser.load;173;;
Class.forName;jme3test.light.TestTangentGen;jme3test.TestChooser.load;173;;
Class.forName;jme3test.light.TestTangentGenBadUV;jme3test.TestChooser.load;173;;
Class.forName;jme3test.light.TestTangentSpace;jme3test.TestChooser.load;173;;
Class.forName;jme3test.light.TestTransparentShadow;jme3test.TestChooser.load;173;;
Class.forName;jme3test.light.TestTwoSideLighting;jme3test.TestChooser.load;173;;
Class.forName;jme3test.light.pbr.TestIssue1340;jme3test.TestChooser.load;173;;
Class.forName;jme3test.light.pbr.TestPBRDirectLighting;jme3test.TestChooser.load;173;;
Class.forName;jme3test.light.pbr.TestPBRLighting;jme3test.TestChooser.load;173;;
Class.forName;jme3test.material.TestBumpModel;jme3test.TestChooser.load;173;;
Class.forName;jme3test.material.TestColoredTexture;jme3test.TestChooser.load;173;;
Class.forName;jme3test.material.TestGeometryShader;jme3test.TestChooser.load;173;;
Class.forName;jme3test.material.TestMatParamOverride;jme3test.TestChooser.load;173;;
Class.forName;jme3test.material.TestMaterialCompare;jme3test.TestChooser.load;173;;
Class.forName;jme3test.material.TestNormalMapping;jme3test.TestChooser.load;173;;
Class.forName;jme3test.material.TestParallax;jme3test.TestChooser.load;173;;
Class.forName;jme3test.material.TestParallaxPBR;jme3test.TestChooser.load;173;;
Class.forName;jme3test.material.TestShaderNodes;jme3test.TestChooser.load;173;;
Class.forName;jme3test.material.TestSimpleBumps;jme3test.TestChooser.load;173;;
Class.forName;jme3test.material.TestTessellationShader;jme3test.TestChooser.load;173;;
Class.forName;jme3test.material.TestUnshadedModel;jme3test.TestChooser.load;173;;
Class.forName;jme3test.math.TestHalfFloat;jme3test.TestChooser.load;173;;
Class.forName;jme3test.model.TestGltfLoading;jme3test.TestChooser.load;173;;
Class.forName;jme3test.model.TestHoverTank;jme3test.TestChooser.load;173;;
Class.forName;jme3test.model.TestMonkeyHead;jme3test.TestChooser.load;173;;
Class.forName;jme3test.model.TestObjGroupsLoading;jme3test.TestChooser.load;173;;
Class.forName;jme3test.model.TestObjLoading;jme3test.TestChooser.load;173;;
Class.forName;jme3test.model.TestOgreLoading;jme3test.TestChooser.load;173;;
Class.forName;jme3test.model.anim.TestAnimMigration;jme3test.TestChooser.load;173;;
Class.forName;jme3test.model.anim.TestAnimMorphSerialization;jme3test.TestChooser.load;173;;
Class.forName;jme3test.model.anim.TestAnimSerialization;jme3test.TestChooser.load;173;;
Class.forName;jme3test.model.anim.TestAnimationFactory;jme3test.TestChooser.load;173;;
Class.forName;jme3test.model.anim.TestArmature;jme3test.TestChooser.load;173;;
Class.forName;jme3test.model.anim.TestAttachmentsNode;jme3test.TestChooser.load;173;;
Class.forName;jme3test.model.anim.TestBaseAnimSerialization;jme3test.TestChooser.load;173;;
Class.forName;jme3test.model.anim.TestCustomAnim;jme3test.TestChooser.load;173;;
Class.forName;jme3test.model.anim.TestHWSkinning;jme3test.TestChooser.load;173;;
Class.forName;jme3test.model.anim.TestHWSkinningOld;jme3test.TestChooser.load;173;;
Class.forName;jme3test.model.anim.TestIssue1395;jme3test.TestChooser.load;173;;
Class.forName;jme3test.model.anim.TestModelExportingCloning;jme3test.TestChooser.load;173;;
Class.forName;jme3test.model.anim.TestMorph;jme3test.TestChooser.load;173;;
Class.forName;jme3test.model.anim.TestOgreAnim;jme3test.TestChooser.load;173;;
Class.forName;jme3test.model.anim.TestOgreComplexAnim;jme3test.TestChooser.load;173;;
Class.forName;jme3test.model.anim.TestSkeletonControlRefresh;jme3test.TestChooser.load;173;;
Class.forName;jme3test.model.anim.TestSpatialAnim;jme3test.TestChooser.load;173;;
Class.forName;jme3test.model.shape.TestBillboard;jme3test.TestChooser.load;173;;
Class.forName;jme3test.model.shape.TestBox;jme3test.TestChooser.load;173;;
Class.forName;jme3test.model.shape.TestCustomMesh;jme3test.TestChooser.load;173;;
Class.forName;jme3test.model.shape.TestCylinder;jme3test.TestChooser.load;173;;
Class.forName;jme3test.model.shape.TestDebugShapes;jme3test.TestChooser.load;173;;
Class.forName;jme3test.model.shape.TestExpandingTorus;jme3test.TestChooser.load;173;;
Class.forName;jme3test.model.shape.TestSphere;jme3test.TestChooser.load;173;;
Class.forName;jme3test.network.TestChatClient;jme3test.TestChooser.load;173;;
Class.forName;jme3test.network.TestChatClientAndServer;jme3test.TestChooser.load;173;;
Class.forName;jme3test.network.TestChatServer;jme3test.TestChooser.load;173;;
Class.forName;jme3test.network.TestLatency;jme3test.TestChooser.load;173;;
Class.forName;jme3test.network.TestMessages;jme3test.TestChooser.load;173;;
Class.forName;jme3test.network.TestNetworkStress;jme3test.TestChooser.load;173;;
Class.forName;jme3test.network.TestRemoteCall;jme3test.TestChooser.load;173;;
Class.forName;jme3test.network.TestSerialization;jme3test.TestChooser.load;173;;
Class.forName;jme3test.network.TestThroughput;jme3test.TestChooser.load;173;;
Class.forName;jme3test.niftygui.TestIssue1013;jme3test.TestChooser.load;173;;
Class.forName;jme3test.niftygui.TestIssue99;jme3test.TestChooser.load;173;;
Class.forName;jme3test.niftygui.TestNiftyExamples;jme3test.TestChooser.load;173;;
Class.forName;jme3test.niftygui.TestNiftyGui;jme3test.TestChooser.load;173;;
Class.forName;jme3test.niftygui.TestNiftyToMesh;jme3test.TestChooser.load;173;;
Class.forName;jme3test.opencl.TestContextSwitching;jme3test.TestChooser.load;173;;
Class.forName;jme3test.opencl.TestMultipleApplications;jme3test.TestChooser.load;173;;
Class.forName;jme3test.opencl.TestOpenCLLibraries;jme3test.TestChooser.load;173;;
Class.forName;jme3test.opencl.TestVertexBufferSharing;jme3test.TestChooser.load;173;;
Class.forName;jme3test.opencl.TestWriteToTexture;jme3test.TestChooser.load;173;;
Class.forName;jme3test.post.TestBloom;jme3test.TestChooser.load;173;;
Class.forName;jme3test.post.TestBloomAlphaThreshold;jme3test.TestChooser.load;173;;
Class.forName;jme3test.post.TestCartoonEdge;jme3test.TestChooser.load;173;;
Class.forName;jme3test.post.TestContrastAdjustment;jme3test.TestChooser.load;173;;
Class.forName;jme3test.post.TestCrossHatch;jme3test.TestChooser.load;173;;
Class.forName;jme3test.post.TestDepthOfField;jme3test.TestChooser.load;173;;
Class.forName;jme3test.post.TestFBOPassthrough;jme3test.TestChooser.load;173;;
Class.forName;jme3test.post.TestFog;jme3test.TestChooser.load;173;;
Class.forName;jme3test.post.TestLightScattering;jme3test.TestChooser.load;173;;
Class.forName;jme3test.post.TestMultiRenderTarget;jme3test.TestChooser.load;173;;
Class.forName;jme3test.post.TestMultiViewsFilters;jme3test.TestChooser.load;173;;
Class.forName;jme3test.post.TestMultiplesFilters;jme3test.TestChooser.load;173;;
Class.forName;jme3test.post.TestPostFilters;jme3test.TestChooser.load;173;;
Class.forName;jme3test.post.TestPostFiltersCompositing;jme3test.TestChooser.load;173;;
Class.forName;jme3test.post.TestPosterization;jme3test.TestChooser.load;173;;
Class.forName;jme3test.post.TestRenderToCubemap;jme3test.TestChooser.load;173;;
Class.forName;jme3test.post.TestRenderToMemory;jme3test.TestChooser.load;173;;
Class.forName;jme3test.post.TestRenderToTexture;jme3test.TestChooser.load;173;;
Class.forName;jme3test.post.TestSSAO2;jme3test.TestChooser.load;173;;
Class.forName;jme3test.post.TestSSAO;jme3test.TestChooser.load;173;;
Class.forName;jme3test.post.TestToneMapFilter;jme3test.TestChooser.load;173;;
Class.forName;jme3test.post.TestTransparentCartoonEdge;jme3test.TestChooser.load;173;;
Class.forName;jme3test.post.TestTransparentSSAO;jme3test.TestChooser.load;173;;
Class.forName;jme3test.renderer.TestAlphaToCoverage;jme3test.TestChooser.load;173;;
Class.forName;jme3test.renderer.TestAspectFov;jme3test.TestChooser.load;173;;
Class.forName;jme3test.renderer.TestAspectRatio;jme3test.TestChooser.load;173;;
Class.forName;jme3test.renderer.TestBackgroundImage;jme3test.TestChooser.load;173;;
Class.forName;jme3test.renderer.TestBlendEquations;jme3test.TestChooser.load;173;;
Class.forName;jme3test.renderer.TestContextRestart;jme3test.TestChooser.load;173;;
Class.forName;jme3test.renderer.TestDepthFuncChange;jme3test.TestChooser.load;173;;
Class.forName;jme3test.renderer.TestDepthStencil;jme3test.TestChooser.load;173;;
Class.forName;jme3test.renderer.TestInconsistentCompareDetection;jme3test.TestChooser.load;173;;
Class.forName;jme3test.renderer.TestIssue37;jme3test.TestChooser.load;173;;
Class.forName;jme3test.renderer.TestIssue801;jme3test.TestChooser.load;173;;
Class.forName;jme3test.renderer.TestLineWidth;jme3test.TestChooser.load;173;;
Class.forName;jme3test.renderer.TestMultiViews;jme3test.TestChooser.load;173;;
Class.forName;jme3test.renderer.TestParallelProjection;jme3test.TestChooser.load;173;;
Class.forName;jme3test.renderer.TestSplitScreen;jme3test.TestChooser.load;173;;
Class.forName;jme3test.scene.TestLineWidthRenderState;jme3test.TestChooser.load;173;;
Class.forName;jme3test.scene.TestRefreshFlagBug;jme3test.TestChooser.load;173;;
Class.forName;jme3test.scene.TestSceneLoading;jme3test.TestChooser.load;173;;
Class.forName;jme3test.scene.TestSceneStress;jme3test.TestChooser.load;173;;
Class.forName;jme3test.scene.TestUserData;jme3test.TestChooser.load;173;;
Class.forName;jme3test.scene.instancing.TestInstanceNode;jme3test.TestChooser.load;173;;
Class.forName;jme3test.scene.instancing.TestInstanceNodeWithLight;jme3test.TestChooser.load;173;;
Class.forName;jme3test.scene.instancing.TestInstancedNodeAttachDetachWithPicking;jme3test.TestChooser.load;173;;
Class.forName;jme3test.scene.instancing.TestInstancedNodeAttachDetachWithShadowFilter;jme3test.TestChooser.load;173;;
Class.forName;jme3test.stress.TestBatchLod;jme3test.TestChooser.load;173;;
Class.forName;jme3test.stress.TestLeakingGL;jme3test.TestChooser.load;173;;
Class.forName;jme3test.stress.TestLodGeneration;jme3test.TestChooser.load;173;;
Class.forName;jme3test.stress.TestLodStress;jme3test.TestChooser.load;173;;
Class.forName;jme3test.stress.TestParallelTangentGeneration;jme3test.TestChooser.load;173;;
Class.forName;jme3test.stress.TestShaderNodesStress;jme3test.TestChooser.load;173;;
Class.forName;jme3test.terrain.PBRTerrainAdvancedTest;jme3test.TestChooser.load;173;;
Class.forName;jme3test.terrain.PBRTerrainTest;jme3test.TestChooser.load;173;;
Class.forName;jme3test.terrain.TerrainFractalGridTest;jme3test.TestChooser.load;173;;
Class.forName;jme3test.terrain.TerrainGridAlphaMapTest;jme3test.TestChooser.load;173;;
Class.forName;jme3test.terrain.TerrainGridSerializationTest;jme3test.TestChooser.load;173;;
Class.forName;jme3test.terrain.TerrainGridTest;jme3test.TestChooser.load;173;;
Class.forName;jme3test.terrain.TerrainGridTileLoaderTest;jme3test.TestChooser.load;173;;
Class.forName;jme3test.terrain.TerrainTest;jme3test.TestChooser.load;173;;
Class.forName;jme3test.terrain.TerrainTestAdvanced;jme3test.TestChooser.load;173;;
Class.forName;jme3test.terrain.TerrainTestAndroid;jme3test.TestChooser.load;173;;
Class.forName;jme3test.terrain.TerrainTestCollision;jme3test.TestChooser.load;173;;
Class.forName;jme3test.terrain.TerrainTestModifyHeight;jme3test.TestChooser.load;173;;
Class.forName;jme3test.terrain.TerrainTestReadWrite;jme3test.TestChooser.load;173;;
Class.forName;jme3test.terrain.TerrainTestTile;jme3test.TestChooser.load;173;;
Class.forName;jme3test.texture.TestAnisotropicFilter;jme3test.TestChooser.load;173;;
Class.forName;jme3test.texture.TestImageRaster;jme3test.TestChooser.load;173;;
Class.forName;jme3test.texture.TestSkyLoading;jme3test.TestChooser.load;173;;
Class.forName;jme3test.texture.TestSkyRotation;jme3test.TestChooser.load;173;;
Class.forName;jme3test.texture.TestTexture3D;jme3test.TestChooser.load;173;;
Class.forName;jme3test.texture.TestTexture3DLoading;jme3test.TestChooser.load;173;;
Class.forName;jme3test.texture.TestTextureArray;jme3test.TestChooser.load;173;;
Class.forName;jme3test.texture.TestTextureArrayCompressed;jme3test.TestChooser.load;173;;
Class.forName;jme3test.texture.dds.TestLoadDds;jme3test.TestChooser.load;173;;
Class.forName;jme3test.texture.ktx.TestLoadKtx;jme3test.TestChooser.load;173;;
Class.forName;jme3test.tools.TestSaveGame;jme3test.TestChooser.load;173;;
Class.forName;jme3test.tools.TestTextureAtlas;jme3test.TestChooser.load;173;;
Class.forName;jme3test.water.TestMultiPostWater;jme3test.TestChooser.load;173;;
Class.forName;jme3test.water.TestPostWater;jme3test.TestChooser.load;173;;
Class.forName;jme3test.water.TestPostWaterLake;jme3test.TestChooser.load;173;;
Class.forName;jme3test.water.TestSceneWater;jme3test.TestChooser.load;173;;
Class.forName;jme3test.water.TestSimpleWater;jme3test.TestChooser.load;173;;
Class.forName;org.dacapo.harness.JME;org.dacapo.harness.TestHarness.findClass;274;;
Class.forName;org.dacapo.harness.LatencyReporter;com.jme3.app.SimpleApplication.<init>;120;;
Class.forName;sun.awt.resources.awt;java.util.ResourceBundle$ResourceBundleProviderHelper.lambda$loadResourceBundle$1;3612;;
Class.forName;sun.awt.resources.awt_en;java.util.ResourceBundle$ResourceBundleProviderHelper.lambda$loadResourceBundle$1;3612;;
Class.forName;sun.awt.resources.awt_en_AU;java.util.ResourceBundle$ResourceBundleProviderHelper.lambda$loadResourceBundle$1;3612;;
Class.forName;sun.nio.ch.DirectBuffer;com.jme3.util.ReflectionAllocator.loadMethod;73;;
Class.forName;sun.security.provider.MD5;java.security.Provider$Service.getImplClass;1933;;
Class.forName;sun.security.provider.SHA;java.security.Provider$Service.getImplClass;1933;;
Class.forName;sun.text.resources.cldr.FormatData;sun.util.resources.Bundles.findBundleOf;205;;
Class.forName;sun.text.resources.cldr.FormatData_en;sun.util.resources.Bundles.findBundleOf;205;;
Class.forName;sun.text.resources.cldr.FormatData_en_US;sun.util.resources.Bundles.findBundleOf;205;;
Class.forName;sun.text.resources.cldr.ext.FormatData_en_001;sun.util.resources.provider.LocaleDataProvider.loadResourceBundle;54;;
Class.forName;sun.text.resources.cldr.ext.FormatData_en_AU;sun.util.resources.provider.LocaleDataProvider.loadResourceBundle;54;;
Class.forName;sun.util.cldr.CLDRLocaleProviderAdapter;sun.util.locale.provider.LocaleProviderAdapter.forType;187;;
Class.forName;sun.util.logging.internal.LoggingProviderImpl;java.util.ServiceLoader.loadProvider;859;;
Class.forName;sun.util.resources.cldr.provider.CLDRLocaleDataMetaInfo;java.util.ServiceLoader.loadProvider;859;;
Class.forName;sun.util.resources.provider.LocaleDataProvider;java.util.ServiceLoader.loadProvider;859;;
Class.newInstance;com.jme3.asset.cache.SimpleAssetCache;com.jme3.asset.ImplHandler.getCache;223;;
Class.newInstance;com.jme3.asset.cache.WeakRefCloneAssetCache;com.jme3.asset.ImplHandler.getCache;223;;
Class.newInstance;com.jme3.asset.plugins.ClasspathLocator;com.jme3.asset.ImplHandler$ImplThreadLocal.initialValue;118;;
Class.newInstance;com.jme3.font.plugins.BitmapFontLoader;com.jme3.asset.ImplHandler$ImplThreadLocal.initialValue;118;;
Class.newInstance;com.jme3.material.plugins.J3MLoader;com.jme3.asset.ImplHandler$ImplThreadLocal.initialValue;118;;
Class.newInstance;com.jme3.system.JmeDesktopSystem;com.jme3.system.JmeSystem.tryLoadDelegate;207;;
Class.newInstance;com.jme3.texture.TextureProcessor;com.jme3.asset.ImplHandler.getProcessor;249;;
Class.newInstance;com.jme3.texture.plugins.AWTLoader;com.jme3.asset.ImplHandler$ImplThreadLocal.initialValue;118;;
Class.newInstance;com.jme3.texture.plugins.DDSLoader;com.jme3.asset.ImplHandler$ImplThreadLocal.initialValue;118;;
Class.newInstance;com.jme3.util.ReflectionAllocator;com.jme3.util.BufferAllocatorFactory.create;31;;
Class.newInstance;jdk.internal.reflect.GeneratedConstructorAccessor1;jdk.internal.reflect.MethodAccessorGenerator$1.run;405;;
Class.newInstance;jdk.internal.reflect.GeneratedConstructorAccessor2;jdk.internal.reflect.MethodAccessorGenerator$1.run;405;;
Class.newInstance;jdk.internal.reflect.GeneratedMethodAccessor1;jdk.internal.reflect.MethodAccessorGenerator$1.run;405;;
Class.newInstance;jdk.internal.reflect.GeneratedMethodAccessor2;jdk.internal.reflect.MethodAccessorGenerator$1.run;405;;
Class.newInstance;jdk.internal.reflect.GeneratedMethodAccessor3;jdk.internal.reflect.MethodAccessorGenerator$1.run;405;;
Class.newInstance;jdk.internal.reflect.GeneratedMethodAccessor4;jdk.internal.reflect.MethodAccessorGenerator$1.run;405;;
Class.newInstance;sun.text.resources.cldr.ext.FormatData_en_001;sun.util.resources.provider.LocaleDataProvider.loadResourceBundle;58;;
Class.newInstance;sun.text.resources.cldr.ext.FormatData_en_AU;sun.util.resources.provider.LocaleDataProvider.loadResourceBundle;58;;
Constructor.newInstance;<com.jme3.material.logic.DefaultTechniqueDefLogic: void <init>(com.jme3.material.TechniqueDef)>;com.jme3.material.TechniqueDef.clone;826;isAccessible=false;
Constructor.newInstance;<com.jme3.material.logic.MultiPassLightingLogic: void <init>(com.jme3.material.TechniqueDef)>;com.jme3.material.TechniqueDef.clone;826;isAccessible=false;
Constructor.newInstance;<com.jme3.material.logic.SinglePassLightingLogic: void <init>(com.jme3.material.TechniqueDef)>;com.jme3.material.TechniqueDef.clone;826;isAccessible=false;
Constructor.newInstance;<com.sun.org.apache.xerces.internal.jaxp.datatype.DatatypeFactoryImpl: void <init>()>;javax.xml.datatype.FactoryFinder.newInstance;189;isAccessible=false;
Constructor.newInstance;<java.awt.GraphicsEnvironment$$Lambda$59: void <init>()>;java.lang.invoke.InnerClassLambdaMetafactory.buildCallSite;261;isAccessible=true;
Constructor.newInstance;<java.lang.Class$$Lambda$159: void <init>()>;java.lang.invoke.InnerClassLambdaMetafactory.buildCallSite;261;isAccessible=true;
Constructor.newInstance;<java.lang.Module$$Lambda$24: void <init>()>;java.lang.invoke.InnerClassLambdaMetafactory.buildCallSite;261;isAccessible=true;
Constructor.newInstance;<java.lang.System$LoggerFinder$$Lambda$60: void <init>()>;java.lang.invoke.InnerClassLambdaMetafactory.buildCallSite;261;isAccessible=true;
Constructor.newInstance;<java.lang.invoke.VarHandleByteArrayAsInts$ArrayHandle$$Lambda$40: void <init>()>;java.lang.invoke.InnerClassLambdaMetafactory.buildCallSite;261;isAccessible=true;
Constructor.newInstance;<java.lang.invoke.VarHandleByteArrayAsLongs$ArrayHandle$$Lambda$41: void <init>()>;java.lang.invoke.InnerClassLambdaMetafactory.buildCallSite;261;isAccessible=true;
Constructor.newInstance;<java.lang.reflect.Executable$$Lambda$18: void <init>()>;java.lang.invoke.InnerClassLambdaMetafactory.buildCallSite;261;isAccessible=true;
Constructor.newInstance;<java.nio.file.Files$$Lambda$30: void <init>()>;java.lang.invoke.InnerClassLambdaMetafactory.buildCallSite;261;isAccessible=true;
Constructor.newInstance;<java.text.DecimalFormatSymbols$$Lambda$59: void <init>()>;java.lang.invoke.InnerClassLambdaMetafactory.buildCallSite;261;isAccessible=true;
Constructor.newInstance;<java.util.function.Function$$Lambda$27: void <init>()>;java.lang.invoke.InnerClassLambdaMetafactory.buildCallSite;261;isAccessible=true;
Constructor.newInstance;<java.util.logging.Level$$Lambda$41: void <init>()>;java.lang.invoke.InnerClassLambdaMetafactory.buildCallSite;261;isAccessible=true;
Constructor.newInstance;<java.util.logging.Level$KnownLevel$$Lambda$39: void <init>()>;java.lang.invoke.InnerClassLambdaMetafactory.buildCallSite;261;isAccessible=true;
Constructor.newInstance;<java.util.logging.Level$KnownLevel$$Lambda$40: void <init>()>;java.lang.invoke.InnerClassLambdaMetafactory.buildCallSite;261;isAccessible=true;
Constructor.newInstance;<java.util.logging.Level$KnownLevel$$Lambda$53: void <init>()>;java.lang.invoke.InnerClassLambdaMetafactory.buildCallSite;261;isAccessible=true;
Constructor.newInstance;<java.util.regex.CharPredicates$$Lambda$162: void <init>()>;java.lang.invoke.InnerClassLambdaMetafactory.buildCallSite;261;isAccessible=true;
Constructor.newInstance;<java.util.regex.CharPredicates$$Lambda$164: void <init>()>;java.lang.invoke.InnerClassLambdaMetafactory.buildCallSite;261;isAccessible=true;
Constructor.newInstance;<java.util.regex.CharPredicates$$Lambda$47: void <init>()>;java.lang.invoke.InnerClassLambdaMetafactory.buildCallSite;261;isAccessible=true;
Constructor.newInstance;<java.util.regex.Pattern$$Lambda$163: void <init>()>;java.lang.invoke.InnerClassLambdaMetafactory.buildCallSite;261;isAccessible=true;
Constructor.newInstance;<java.util.regex.Pattern$$Lambda$43: void <init>()>;java.lang.invoke.InnerClassLambdaMetafactory.buildCallSite;261;isAccessible=true;
Constructor.newInstance;<java.util.stream.Collectors$$Lambda$34: void <init>()>;java.lang.invoke.InnerClassLambdaMetafactory.buildCallSite;261;isAccessible=true;
Constructor.newInstance;<java.util.stream.Collectors$$Lambda$35: void <init>()>;java.lang.invoke.InnerClassLambdaMetafactory.buildCallSite;261;isAccessible=true;
Constructor.newInstance;<java.util.stream.Collectors$$Lambda$36: void <init>()>;java.lang.invoke.InnerClassLambdaMetafactory.buildCallSite;261;isAccessible=true;
Constructor.newInstance;<java.util.stream.Collectors$$Lambda$37: void <init>()>;java.lang.invoke.InnerClassLambdaMetafactory.buildCallSite;261;isAccessible=true;
Constructor.newInstance;<java.util.stream.Collectors$$Lambda$44: void <init>()>;java.lang.invoke.InnerClassLambdaMetafactory.buildCallSite;261;isAccessible=true;
Constructor.newInstance;<java.util.stream.Collectors$$Lambda$45: void <init>()>;java.lang.invoke.InnerClassLambdaMetafactory.buildCallSite;261;isAccessible=true;
Constructor.newInstance;<java.util.stream.Collectors$$Lambda$46: void <init>()>;java.lang.invoke.InnerClassLambdaMetafactory.buildCallSite;261;isAccessible=true;
Constructor.newInstance;<java.util.stream.FindOps$FindSink$OfInt$$Lambda$60: void <init>()>;java.lang.invoke.InnerClassLambdaMetafactory.buildCallSite;261;isAccessible=true;
Constructor.newInstance;<java.util.stream.FindOps$FindSink$OfInt$$Lambda$61: void <init>()>;java.lang.invoke.InnerClassLambdaMetafactory.buildCallSite;261;isAccessible=true;
Constructor.newInstance;<java.util.stream.FindOps$FindSink$OfInt$$Lambda$62: void <init>()>;java.lang.invoke.InnerClassLambdaMetafactory.buildCallSite;261;isAccessible=true;
Constructor.newInstance;<java.util.stream.FindOps$FindSink$OfInt$$Lambda$63: void <init>()>;java.lang.invoke.InnerClassLambdaMetafactory.buildCallSite;261;isAccessible=true;
Constructor.newInstance;<javax.swing.UIDefaults$$Lambda$61: void <init>()>;java.lang.invoke.InnerClassLambdaMetafactory.buildCallSite;261;isAccessible=true;
Constructor.newInstance;<javax.swing.plaf.basic.BasicLookAndFeel$$Lambda$62: void <init>()>;java.lang.invoke.InnerClassLambdaMetafactory.buildCallSite;261;isAccessible=true;
Constructor.newInstance;<javax.swing.plaf.basic.BasicLookAndFeel$$Lambda$63: void <init>()>;java.lang.invoke.InnerClassLambdaMetafactory.buildCallSite;261;isAccessible=true;
Constructor.newInstance;<javax.swing.plaf.basic.BasicLookAndFeel$$Lambda$64: void <init>()>;java.lang.invoke.InnerClassLambdaMetafactory.buildCallSite;261;isAccessible=true;
Constructor.newInstance;<javax.swing.plaf.basic.BasicLookAndFeel$$Lambda$65: void <init>()>;java.lang.invoke.InnerClassLambdaMetafactory.buildCallSite;261;isAccessible=true;
Constructor.newInstance;<javax.swing.plaf.basic.BasicLookAndFeel$$Lambda$66: void <init>()>;java.lang.invoke.InnerClassLambdaMetafactory.buildCallSite;261;isAccessible=true;
Constructor.newInstance;<javax.swing.plaf.basic.BasicLookAndFeel$$Lambda$67: void <init>()>;java.lang.invoke.InnerClassLambdaMetafactory.buildCallSite;261;isAccessible=true;
Constructor.newInstance;<javax.swing.plaf.basic.BasicLookAndFeel$$Lambda$68: void <init>()>;java.lang.invoke.InnerClassLambdaMetafactory.buildCallSite;261;isAccessible=true;
Constructor.newInstance;<javax.swing.plaf.basic.BasicLookAndFeel$$Lambda$69: void <init>()>;java.lang.invoke.InnerClassLambdaMetafactory.buildCallSite;261;isAccessible=true;
Constructor.newInstance;<javax.swing.plaf.basic.BasicLookAndFeel$$Lambda$70: void <init>()>;java.lang.invoke.InnerClassLambdaMetafactory.buildCallSite;261;isAccessible=true;
Constructor.newInstance;<javax.swing.plaf.basic.BasicLookAndFeel$$Lambda$71: void <init>()>;java.lang.invoke.InnerClassLambdaMetafactory.buildCallSite;261;isAccessible=true;
Constructor.newInstance;<javax.swing.plaf.basic.BasicLookAndFeel$$Lambda$74: void <init>()>;java.lang.invoke.InnerClassLambdaMetafactory.buildCallSite;261;isAccessible=true;
Constructor.newInstance;<javax.swing.plaf.basic.BasicLookAndFeel$$Lambda$75: void <init>()>;java.lang.invoke.InnerClassLambdaMetafactory.buildCallSite;261;isAccessible=true;
Constructor.newInstance;<javax.swing.plaf.basic.BasicLookAndFeel$$Lambda$76: void <init>()>;java.lang.invoke.InnerClassLambdaMetafactory.buildCallSite;261;isAccessible=true;
Constructor.newInstance;<javax.swing.plaf.basic.BasicLookAndFeel$$Lambda$78: void <init>()>;java.lang.invoke.InnerClassLambdaMetafactory.buildCallSite;261;isAccessible=true;
Constructor.newInstance;<javax.swing.plaf.basic.BasicLookAndFeel$$Lambda$79: void <init>()>;java.lang.invoke.InnerClassLambdaMetafactory.buildCallSite;261;isAccessible=true;
Constructor.newInstance;<javax.swing.plaf.basic.BasicLookAndFeel$$Lambda$80: void <init>()>;java.lang.invoke.InnerClassLambdaMetafactory.buildCallSite;261;isAccessible=true;
Constructor.newInstance;<javax.swing.plaf.basic.BasicLookAndFeel$$Lambda$81: void <init>()>;java.lang.invoke.InnerClassLambdaMetafactory.buildCallSite;261;isAccessible=true;
Constructor.newInstance;<javax.swing.plaf.basic.BasicLookAndFeel$$Lambda$82: void <init>()>;java.lang.invoke.InnerClassLambdaMetafactory.buildCallSite;261;isAccessible=true;
Constructor.newInstance;<javax.swing.plaf.basic.BasicLookAndFeel$$Lambda$83: void <init>()>;java.lang.invoke.InnerClassLambdaMetafactory.buildCallSite;261;isAccessible=true;
Constructor.newInstance;<javax.swing.plaf.basic.BasicLookAndFeel$$Lambda$84: void <init>()>;java.lang.invoke.InnerClassLambdaMetafactory.buildCallSite;261;isAccessible=true;
Constructor.newInstance;<javax.swing.plaf.basic.BasicLookAndFeel$$Lambda$85: void <init>()>;java.lang.invoke.InnerClassLambdaMetafactory.buildCallSite;261;isAccessible=true;
Constructor.newInstance;<javax.swing.plaf.basic.BasicLookAndFeel$$Lambda$86: void <init>()>;java.lang.invoke.InnerClassLambdaMetafactory.buildCallSite;261;isAccessible=true;
Constructor.newInstance;<javax.swing.plaf.basic.BasicLookAndFeel$$Lambda$90: void <init>()>;java.lang.invoke.InnerClassLambdaMetafactory.buildCallSite;261;isAccessible=true;
Constructor.newInstance;<javax.swing.plaf.basic.BasicLookAndFeel$$Lambda$91: void <init>()>;java.lang.invoke.InnerClassLambdaMetafactory.buildCallSite;261;isAccessible=true;
Constructor.newInstance;<javax.swing.plaf.basic.BasicLookAndFeel$$Lambda$92: void <init>()>;java.lang.invoke.InnerClassLambdaMetafactory.buildCallSite;261;isAccessible=true;
Constructor.newInstance;<javax.swing.plaf.basic.BasicLookAndFeel$$Lambda$93: void <init>()>;java.lang.invoke.InnerClassLambdaMetafactory.buildCallSite;261;isAccessible=true;
Constructor.newInstance;<javax.swing.plaf.basic.BasicLookAndFeel$$Lambda$94: void <init>()>;java.lang.invoke.InnerClassLambdaMetafactory.buildCallSite;261;isAccessible=true;
Constructor.newInstance;<javax.swing.plaf.basic.BasicLookAndFeel$$Lambda$95: void <init>()>;java.lang.invoke.InnerClassLambdaMetafactory.buildCallSite;261;isAccessible=true;
Constructor.newInstance;<javax.swing.plaf.basic.BasicLookAndFeel$$Lambda$96: void <init>()>;java.lang.invoke.InnerClassLambdaMetafactory.buildCallSite;261;isAccessible=true;
Constructor.newInstance;<javax.swing.plaf.basic.BasicLookAndFeel$$Lambda$97: void <init>()>;java.lang.invoke.InnerClassLambdaMetafactory.buildCallSite;261;isAccessible=true;
Constructor.newInstance;<javax.swing.plaf.basic.BasicLookAndFeel$$Lambda$98: void <init>()>;java.lang.invoke.InnerClassLambdaMetafactory.buildCallSite;261;isAccessible=true;
Constructor.newInstance;<javax.swing.plaf.basic.BasicLookAndFeel$$Lambda$99: void <init>()>;java.lang.invoke.InnerClassLambdaMetafactory.buildCallSite;261;isAccessible=true;
Constructor.newInstance;<javax.swing.plaf.metal.MetalLookAndFeel$$Lambda$100: void <init>()>;java.lang.invoke.InnerClassLambdaMetafactory.buildCallSite;261;isAccessible=true;
Constructor.newInstance;<javax.swing.plaf.metal.MetalLookAndFeel$$Lambda$101: void <init>()>;java.lang.invoke.InnerClassLambdaMetafactory.buildCallSite;261;isAccessible=true;
Constructor.newInstance;<javax.swing.plaf.metal.MetalLookAndFeel$$Lambda$102: void <init>()>;java.lang.invoke.InnerClassLambdaMetafactory.buildCallSite;261;isAccessible=true;
Constructor.newInstance;<javax.swing.plaf.metal.MetalLookAndFeel$$Lambda$103: void <init>()>;java.lang.invoke.InnerClassLambdaMetafactory.buildCallSite;261;isAccessible=true;
Constructor.newInstance;<javax.swing.plaf.metal.MetalLookAndFeel$$Lambda$104: void <init>()>;java.lang.invoke.InnerClassLambdaMetafactory.buildCallSite;261;isAccessible=true;
Constructor.newInstance;<javax.swing.plaf.metal.MetalLookAndFeel$$Lambda$105: void <init>()>;java.lang.invoke.InnerClassLambdaMetafactory.buildCallSite;261;isAccessible=true;
Constructor.newInstance;<javax.swing.plaf.metal.MetalLookAndFeel$$Lambda$107: void <init>()>;java.lang.invoke.InnerClassLambdaMetafactory.buildCallSite;261;isAccessible=true;
Constructor.newInstance;<javax.swing.plaf.metal.MetalLookAndFeel$$Lambda$108: void <init>()>;java.lang.invoke.InnerClassLambdaMetafactory.buildCallSite;261;isAccessible=true;
Constructor.newInstance;<javax.swing.plaf.metal.MetalLookAndFeel$$Lambda$109: void <init>()>;java.lang.invoke.InnerClassLambdaMetafactory.buildCallSite;261;isAccessible=true;
Constructor.newInstance;<javax.swing.plaf.metal.MetalLookAndFeel$$Lambda$110: void <init>()>;java.lang.invoke.InnerClassLambdaMetafactory.buildCallSite;261;isAccessible=true;
Constructor.newInstance;<javax.swing.plaf.metal.MetalLookAndFeel$$Lambda$111: void <init>()>;java.lang.invoke.InnerClassLambdaMetafactory.buildCallSite;261;isAccessible=true;
Constructor.newInstance;<javax.swing.plaf.metal.MetalLookAndFeel$$Lambda$116: void <init>()>;java.lang.invoke.InnerClassLambdaMetafactory.buildCallSite;261;isAccessible=true;
Constructor.newInstance;<javax.swing.plaf.metal.MetalLookAndFeel$$Lambda$117: void <init>()>;java.lang.invoke.InnerClassLambdaMetafactory.buildCallSite;261;isAccessible=true;
Constructor.newInstance;<javax.swing.plaf.metal.MetalLookAndFeel$$Lambda$118: void <init>()>;java.lang.invoke.InnerClassLambdaMetafactory.buildCallSite;261;isAccessible=true;
Constructor.newInstance;<javax.swing.plaf.metal.MetalLookAndFeel$$Lambda$119: void <init>()>;java.lang.invoke.InnerClassLambdaMetafactory.buildCallSite;261;isAccessible=true;
Constructor.newInstance;<javax.swing.plaf.metal.MetalLookAndFeel$$Lambda$120: void <init>()>;java.lang.invoke.InnerClassLambdaMetafactory.buildCallSite;261;isAccessible=true;
Constructor.newInstance;<javax.swing.plaf.metal.MetalLookAndFeel$$Lambda$121: void <init>()>;java.lang.invoke.InnerClassLambdaMetafactory.buildCallSite;261;isAccessible=true;
Constructor.newInstance;<javax.swing.plaf.metal.MetalLookAndFeel$$Lambda$122: void <init>()>;java.lang.invoke.InnerClassLambdaMetafactory.buildCallSite;261;isAccessible=true;
Constructor.newInstance;<javax.swing.plaf.metal.MetalLookAndFeel$$Lambda$123: void <init>()>;java.lang.invoke.InnerClassLambdaMetafactory.buildCallSite;261;isAccessible=true;
Constructor.newInstance;<javax.swing.plaf.metal.MetalLookAndFeel$$Lambda$124: void <init>()>;java.lang.invoke.InnerClassLambdaMetafactory.buildCallSite;261;isAccessible=true;
Constructor.newInstance;<javax.swing.plaf.metal.MetalLookAndFeel$$Lambda$125: void <init>()>;java.lang.invoke.InnerClassLambdaMetafactory.buildCallSite;261;isAccessible=true;
Constructor.newInstance;<javax.swing.plaf.metal.MetalLookAndFeel$$Lambda$126: void <init>()>;java.lang.invoke.InnerClassLambdaMetafactory.buildCallSite;261;isAccessible=true;
Constructor.newInstance;<javax.swing.plaf.metal.MetalLookAndFeel$$Lambda$127: void <init>()>;java.lang.invoke.InnerClassLambdaMetafactory.buildCallSite;261;isAccessible=true;
Constructor.newInstance;<javax.swing.plaf.metal.MetalLookAndFeel$$Lambda$128: void <init>()>;java.lang.invoke.InnerClassLambdaMetafactory.buildCallSite;261;isAccessible=true;
Constructor.newInstance;<javax.swing.plaf.metal.MetalLookAndFeel$$Lambda$129: void <init>()>;java.lang.invoke.InnerClassLambdaMetafactory.buildCallSite;261;isAccessible=true;
Constructor.newInstance;<javax.swing.plaf.metal.MetalLookAndFeel$$Lambda$130: void <init>()>;java.lang.invoke.InnerClassLambdaMetafactory.buildCallSite;261;isAccessible=true;
Constructor.newInstance;<javax.swing.plaf.metal.MetalLookAndFeel$$Lambda$131: void <init>()>;java.lang.invoke.InnerClassLambdaMetafactory.buildCallSite;261;isAccessible=true;
Constructor.newInstance;<javax.swing.plaf.metal.MetalLookAndFeel$$Lambda$132: void <init>()>;java.lang.invoke.InnerClassLambdaMetafactory.buildCallSite;261;isAccessible=true;
Constructor.newInstance;<javax.swing.plaf.metal.MetalLookAndFeel$$Lambda$133: void <init>()>;java.lang.invoke.InnerClassLambdaMetafactory.buildCallSite;261;isAccessible=true;
Constructor.newInstance;<javax.swing.plaf.metal.MetalLookAndFeel$$Lambda$134: void <init>()>;java.lang.invoke.InnerClassLambdaMetafactory.buildCallSite;261;isAccessible=true;
Constructor.newInstance;<javax.swing.plaf.metal.MetalLookAndFeel$$Lambda$139: void <init>()>;java.lang.invoke.InnerClassLambdaMetafactory.buildCallSite;261;isAccessible=true;
Constructor.newInstance;<javax.swing.plaf.metal.MetalLookAndFeel$$Lambda$140: void <init>()>;java.lang.invoke.InnerClassLambdaMetafactory.buildCallSite;261;isAccessible=true;
Constructor.newInstance;<javax.swing.plaf.metal.MetalLookAndFeel$$Lambda$141: void <init>()>;java.lang.invoke.InnerClassLambdaMetafactory.buildCallSite;261;isAccessible=true;
Constructor.newInstance;<javax.swing.plaf.metal.MetalLookAndFeel$$Lambda$142: void <init>()>;java.lang.invoke.InnerClassLambdaMetafactory.buildCallSite;261;isAccessible=true;
Constructor.newInstance;<javax.swing.plaf.metal.MetalLookAndFeel$$Lambda$143: void <init>()>;java.lang.invoke.InnerClassLambdaMetafactory.buildCallSite;261;isAccessible=true;
Constructor.newInstance;<javax.swing.plaf.metal.MetalLookAndFeel$$Lambda$144: void <init>()>;java.lang.invoke.InnerClassLambdaMetafactory.buildCallSite;261;isAccessible=true;
Constructor.newInstance;<javax.swing.plaf.metal.MetalLookAndFeel$$Lambda$145: void <init>()>;java.lang.invoke.InnerClassLambdaMetafactory.buildCallSite;261;isAccessible=true;
Constructor.newInstance;<javax.swing.plaf.metal.MetalLookAndFeel$$Lambda$146: void <init>()>;java.lang.invoke.InnerClassLambdaMetafactory.buildCallSite;261;isAccessible=true;
Constructor.newInstance;<javax.swing.plaf.metal.MetalLookAndFeel$$Lambda$147: void <init>()>;java.lang.invoke.InnerClassLambdaMetafactory.buildCallSite;261;isAccessible=true;
Constructor.newInstance;<javax.swing.plaf.metal.MetalLookAndFeel$$Lambda$148: void <init>()>;java.lang.invoke.InnerClassLambdaMetafactory.buildCallSite;261;isAccessible=true;
Constructor.newInstance;<javax.swing.plaf.metal.MetalLookAndFeel$$Lambda$149: void <init>()>;java.lang.invoke.InnerClassLambdaMetafactory.buildCallSite;261;isAccessible=true;
Constructor.newInstance;<javax.swing.plaf.metal.MetalLookAndFeel$$Lambda$150: void <init>()>;java.lang.invoke.InnerClassLambdaMetafactory.buildCallSite;261;isAccessible=true;
Constructor.newInstance;<javax.swing.plaf.metal.MetalLookAndFeel$$Lambda$151: void <init>()>;java.lang.invoke.InnerClassLambdaMetafactory.buildCallSite;261;isAccessible=true;
Constructor.newInstance;<javax.swing.plaf.metal.MetalLookAndFeel$$Lambda$152: void <init>()>;java.lang.invoke.InnerClassLambdaMetafactory.buildCallSite;261;isAccessible=true;
Constructor.newInstance;<javax.swing.plaf.metal.MetalLookAndFeel$$Lambda$153: void <init>()>;java.lang.invoke.InnerClassLambdaMetafactory.buildCallSite;261;isAccessible=true;
Constructor.newInstance;<javax.swing.plaf.metal.MetalLookAndFeel$$Lambda$154: void <init>()>;java.lang.invoke.InnerClassLambdaMetafactory.buildCallSite;261;isAccessible=true;
Constructor.newInstance;<javax.swing.plaf.metal.MetalLookAndFeel$$Lambda$155: void <init>()>;java.lang.invoke.InnerClassLambdaMetafactory.buildCallSite;261;isAccessible=true;
Constructor.newInstance;<javax.swing.plaf.metal.MetalLookAndFeel$$Lambda$156: void <init>()>;java.lang.invoke.InnerClassLambdaMetafactory.buildCallSite;261;isAccessible=true;
Constructor.newInstance;<javax.swing.plaf.metal.MetalLookAndFeel$$Lambda$157: void <init>()>;java.lang.invoke.InnerClassLambdaMetafactory.buildCallSite;261;isAccessible=true;
Constructor.newInstance;<jdk.internal.jrtfs.JrtFileSystemProvider: void <init>()>;java.util.ServiceLoader$ProviderImpl.newInstance;789;isAccessible=true;
Constructor.newInstance;<jdk.nio.zipfs.ZipFileSystem$$Lambda$26: void <init>()>;java.lang.invoke.InnerClassLambdaMetafactory.buildCallSite;261;isAccessible=true;
Constructor.newInstance;<jdk.nio.zipfs.ZipFileSystemProvider: void <init>()>;java.util.ServiceLoader$ProviderImpl.newInstance;789;isAccessible=true;
Constructor.newInstance;<jdk.xml.internal.SecuritySupport$$Lambda$48: void <init>()>;java.lang.invoke.InnerClassLambdaMetafactory.buildCallSite;261;isAccessible=true;
Constructor.newInstance;<jme3test.water.TestMultiPostWater: void <init>()>;jme3test.TestChooser$2.run;261;isAccessible=false;
Constructor.newInstance;<org.dacapo.harness.Benchmark$$Lambda$39: void <init>()>;java.lang.invoke.InnerClassLambdaMetafactory.buildCallSite;261;isAccessible=true;
Constructor.newInstance;<org.dacapo.harness.CommandLineArgs$$Lambda$31: void <init>()>;java.lang.invoke.InnerClassLambdaMetafactory.buildCallSite;261;isAccessible=true;
Constructor.newInstance;<org.dacapo.harness.CommandLineArgs$$Lambda$32: void <init>()>;java.lang.invoke.InnerClassLambdaMetafactory.buildCallSite;261;isAccessible=true;
Constructor.newInstance;<org.dacapo.harness.CommandLineArgs$$Lambda$33: void <init>()>;java.lang.invoke.InnerClassLambdaMetafactory.buildCallSite;261;isAccessible=true;
Constructor.newInstance;<org.dacapo.harness.JME: void <init>(org.dacapo.parser.Config,java.io.File,java.io.File)>;org.dacapo.harness.TestHarness.runBenchmark;218;isAccessible=false;
Constructor.newInstance;<sun.awt.resources.awt: void <init>()>;java.util.ResourceBundle$ResourceBundleProviderHelper.newResourceBundle;3586;isAccessible=true;
Constructor.newInstance;<sun.java2d.Disposer$$Lambda$178: void <init>()>;java.lang.invoke.InnerClassLambdaMetafactory.buildCallSite;261;isAccessible=true;
Constructor.newInstance;<sun.security.provider.MD5: void <init>()>;java.security.Provider$Service.newInstanceOf;1879;isAccessible=false;
Constructor.newInstance;<sun.security.provider.SHA: void <init>()>;java.security.Provider$Service.newInstanceOf;1879;isAccessible=false;
Constructor.newInstance;<sun.text.resources.cldr.FormatData: void <init>()>;java.util.ResourceBundle$ResourceBundleProviderHelper.newResourceBundle;3586;isAccessible=true;
Constructor.newInstance;<sun.text.resources.cldr.FormatData_en: void <init>()>;java.util.ResourceBundle$ResourceBundleProviderHelper.newResourceBundle;3586;isAccessible=true;
Constructor.newInstance;<sun.util.cldr.CLDRLocaleProviderAdapter$$Lambda$51: void <init>()>;java.lang.invoke.InnerClassLambdaMetafactory.buildCallSite;261;isAccessible=true;
Constructor.newInstance;<sun.util.cldr.CLDRLocaleProviderAdapter: void <init>()>;sun.util.locale.provider.LocaleProviderAdapter.forType;188;isAccessible=false;
Constructor.newInstance;<sun.util.logging.internal.LoggingProviderImpl: void <init>()>;java.util.ServiceLoader$ProviderImpl.newInstance;789;isAccessible=true;
Constructor.newInstance;<sun.util.resources.cldr.provider.CLDRLocaleDataMetaInfo: void <init>()>;java.util.ServiceLoader$ProviderImpl.newInstance;789;isAccessible=true;
Constructor.newInstance;<sun.util.resources.provider.LocaleDataProvider: void <init>()>;java.util.ServiceLoader$ProviderImpl.newInstance;789;isAccessible=true;
Field.get*;<com.jme3.app.LegacyApplication: com.jme3.system.JmeContext context>;jme3test.TestChooser$2.run;267;isAccessible=true;
Field.get*;<sun.misc.Unsafe: sun.misc.Unsafe theUnsafe>;org.dacapo.harness.JME.prepare;50;isAccessible=true;
Method.invoke;<com.jme3.app.LegacyApplication: void start(com.jme3.system.JmeContext$Type)>;jme3test.TestChooser$2.run;264;isAccessible=false;
Method.invoke;<com.jme3.material.RenderState$BlendMode: com.jme3.material.RenderState$BlendMode[] values()>;java.lang.Class.getEnumConstantsShared;;isAccessible=true;
Method.invoke;<com.jme3.material.RenderState$FaceCullMode: com.jme3.material.RenderState$FaceCullMode[] values()>;java.lang.Class.getEnumConstantsShared;;isAccessible=true;
Method.invoke;<com.jme3.material.RenderState$TestFunction: com.jme3.material.RenderState$TestFunction[] values()>;java.lang.Class.getEnumConstantsShared;;isAccessible=true;
Method.invoke;<com.jme3.material.TechniqueDef$LightMode: com.jme3.material.TechniqueDef$LightMode[] values()>;java.lang.Class.getEnumConstantsShared;;isAccessible=true;
Method.invoke;<com.jme3.material.TechniqueDef: com.jme3.material.TechniqueDef clone()>;com.jme3.util.clone.Cloner.javaClone;410;isAccessible=false;
Method.invoke;<com.jme3.renderer.Caps: com.jme3.renderer.Caps[] values()>;java.lang.Class.getEnumConstantsShared;;isAccessible=true;
Method.invoke;<com.jme3.renderer.Limits: com.jme3.renderer.Limits[] values()>;java.lang.Class.getEnumConstantsShared;;isAccessible=true;
Method.invoke;<com.jme3.shader.Shader$ShaderType: com.jme3.shader.Shader$ShaderType[] values()>;java.lang.Class.getEnumConstantsShared;;isAccessible=true;
Method.invoke;<com.jme3.shader.UniformBinding: com.jme3.shader.UniformBinding[] values()>;java.lang.Class.getEnumConstantsShared;;isAccessible=true;
Method.invoke;<com.jme3.shader.VarType: com.jme3.shader.VarType[] values()>;java.lang.Class.getEnumConstantsShared;;isAccessible=true;
Method.invoke;<com.jme3.system.JmeSystem$StorageFolderType: com.jme3.system.JmeSystem$StorageFolderType[] values()>;java.lang.Class.getEnumConstantsShared;;isAccessible=true;
Method.invoke;<com.jme3.texture.Image$Format: com.jme3.texture.Image$Format[] values()>;java.lang.Class.getEnumConstantsShared;;isAccessible=true;
Method.invoke;<java.nio.file.attribute.PosixFilePermission: java.nio.file.attribute.PosixFilePermission[] values()>;java.lang.Class.getEnumConstantsShared;;isAccessible=true;
Method.invoke;<javax.imageio.spi.ImageReaderWriterSpi: java.lang.String[] getFileSuffixes()>;javax.imageio.ImageIO$ContainsFilter.filter;621;isAccessible=false;
Method.invoke;<jme3test.TestChooser: void main(java.lang.String[])>;org.dacapo.harness.JME.iterate;68;isAccessible=false;
Method.invoke;<org.dacapo.harness.LatencyReporter: int start(int)>;com.jme3.app.SimpleApplication.dacapoStart;295;isAccessible=false;
Method.invoke;<org.dacapo.harness.LatencyReporter: void end(int)>;com.jme3.app.SimpleApplication.dacapoEnd;305;isAccessible=false;
Method.invoke;<org.dacapo.harness.LatencyReporter: void requestsFinished()>;com.jme3.app.SimpleApplication.dacapoFinished;285;isAccessible=false;
Method.invoke;<org.dacapo.harness.LatencyReporter: void requestsStarting()>;com.jme3.app.SimpleApplication.dacapoStarting;275;isAccessible=false;
Method.invoke;<org.dacapo.harness.TestHarness: void main(java.lang.String[])>;Harness.main;39;isAccessible=false;
Method.invoke;<sun.font.EAttribute: sun.font.EAttribute[] values()>;java.lang.Class.getEnumConstantsShared;;isAccessible=true;
