Array.newInstance;java.lang.Class[];java.util.Arrays.copyOf;3513;;
Array.newInstance;java.lang.Class[];java.util.Arrays.copyOfRange;3786;;
Array.newInstance;java.lang.Class[];java.util.ImmutableCollections$List12.toArray;640;;
Array.newInstance;java.lang.String[];java.util.Arrays.copyOf;3513;;
Array.newInstance;java.lang.Thread[];java.util.Arrays.copyOf;3513;;
Array.newInstance;java.lang.invoke.LambdaForm$Name[];java.util.Arrays.copyOf;3513;;
Array.newInstance;jdk.nio.zipfs.ZipFileSystem$IndexNode[];java.util.HashMap.prepareArray;926;;
Array.newInstance;sun.security.jca.ProviderConfig[];java.util.Arrays.copyOf;3513;;
Class.forName;Harness;sun.launcher.LauncherHelper.loadMainClass;791;;
Class.forName;com.sun.org.apache.xerces.internal.jaxp.datatype.DatatypeFactoryImpl;javax.xml.datatype.FactoryFinder.getProviderClass;109;;
Class.forName;java.io.FilePermission;org.objectweb.asm.ClassWriter.getCommonSuperClass;1043;;
Class.forName;java.io.IOException;org.objectweb.asm.ClassWriter.getCommonSuperClass;1043;;
Class.forName;java.io.StringWriter;org.apache.xalan.transformer.TransformerImpl.class$;168;;
Class.forName;java.lang.Boolean;org.apache.xalan.processor.XSLTAttributeDef.class$;1493;;
Class.forName;java.lang.Byte;org.apache.xalan.processor.XSLTAttributeDef.class$;1493;;
Class.forName;java.lang.Character;org.apache.xalan.processor.XSLTAttributeDef.class$;1493;;
Class.forName;java.lang.Double;org.apache.xalan.processor.XSLTAttributeDef.class$;1493;;
Class.forName;java.lang.Float;org.apache.xalan.processor.XSLTAttributeDef.class$;1493;;
Class.forName;java.lang.Integer;org.apache.xalan.processor.XSLTAttributeDef.class$;1493;;
Class.forName;java.lang.Long;org.apache.xalan.processor.XSLTAttributeDef.class$;1493;;
Class.forName;java.lang.Object;org.objectweb.asm.ClassWriter.getCommonSuperClass;1043;;
Class.forName;java.lang.Object;org.objectweb.asm.ClassWriter.getCommonSuperClass;1049;;
Class.forName;java.lang.SecurityManager;org.objectweb.asm.ClassWriter.getCommonSuperClass;1043;;
Class.forName;java.lang.Short;org.apache.xalan.processor.XSLTAttributeDef.class$;1493;;
Class.forName;java.lang.String;org.objectweb.asm.ClassWriter.getCommonSuperClass;1043;;
Class.forName;java.lang.String;org.objectweb.asm.ClassWriter.getCommonSuperClass;1049;;
Class.forName;java.net.SocketPermission;org.objectweb.asm.ClassWriter.getCommonSuperClass;1043;;
Class.forName;java.net.URL;org.objectweb.asm.ClassWriter.getCommonSuperClass;1049;;
Class.forName;java.security.AccessController;org.apache.xml.serializer.OutputPropertiesFactory.findAccessControllerClass;228;;
Class.forName;java.security.AccessController;org.xml.sax.helpers.SecuritySupport.<clinit>;;;
Class.forName;java.security.Permission;org.objectweb.asm.ClassWriter.getCommonSuperClass;1043;;
Class.forName;java.security.Permission;org.objectweb.asm.ClassWriter.getCommonSuperClass;1049;;
Class.forName;java.util.ImmutableCollections$Access;jdk.internal.access.SharedSecrets.getJavaUtilCollectionAccess;95;;
Class.forName;java.util.Iterator;org.objectweb.asm.ClassWriter.getCommonSuperClass;1049;;
Class.forName;jdk.internal.jrtfs.JrtFileSystemProvider;java.util.ServiceLoader$LazyClassPathLookupIterator.nextProviderClass;1217;;
Class.forName;jdk.internal.jrtfs.JrtFileSystemProvider;java.util.ServiceLoader.loadProvider;859;;
Class.forName;jdk.nio.zipfs.ZipFileSystemProvider;java.util.ServiceLoader.loadProvider;859;;
Class.forName;org.apache.xalan.templates.ElemApplyImport;org.apache.xalan.processor.XSLTSchema.class$;328;;
Class.forName;org.apache.xalan.templates.ElemApplyTemplates;org.apache.xalan.processor.XSLTSchema.class$;328;;
Class.forName;org.apache.xalan.templates.ElemAttribute;org.apache.xalan.processor.XSLTSchema.class$;328;;
Class.forName;org.apache.xalan.templates.ElemCallTemplate;org.apache.xalan.processor.XSLTSchema.class$;328;;
Class.forName;org.apache.xalan.templates.ElemChoose;org.apache.xalan.processor.XSLTSchema.class$;328;;
Class.forName;org.apache.xalan.templates.ElemComment;org.apache.xalan.processor.XSLTSchema.class$;328;;
Class.forName;org.apache.xalan.templates.ElemCopy;org.apache.xalan.processor.XSLTSchema.class$;328;;
Class.forName;org.apache.xalan.templates.ElemCopyOf;org.apache.xalan.processor.XSLTSchema.class$;328;;
Class.forName;org.apache.xalan.templates.ElemElement;org.apache.xalan.processor.XSLTSchema.class$;328;;
Class.forName;org.apache.xalan.templates.ElemExsltFuncResult;org.apache.xalan.processor.XSLTSchema.class$;328;;
Class.forName;org.apache.xalan.templates.ElemExsltFunction;org.apache.xalan.processor.XSLTSchema.class$;328;;
Class.forName;org.apache.xalan.templates.ElemExtensionDecl;org.apache.xalan.processor.XSLTSchema.class$;328;;
Class.forName;org.apache.xalan.templates.ElemExtensionScript;org.apache.xalan.processor.XSLTSchema.class$;328;;
Class.forName;org.apache.xalan.templates.ElemFallback;org.apache.xalan.processor.XSLTSchema.class$;328;;
Class.forName;org.apache.xalan.templates.ElemForEach;org.apache.xalan.processor.XSLTSchema.class$;328;;
Class.forName;org.apache.xalan.templates.ElemIf;org.apache.xalan.processor.XSLTSchema.class$;328;;
Class.forName;org.apache.xalan.templates.ElemLiteralResult;org.apache.xalan.processor.XSLTSchema.class$;328;;
Class.forName;org.apache.xalan.templates.ElemMessage;org.apache.xalan.processor.XSLTSchema.class$;328;;
Class.forName;org.apache.xalan.templates.ElemNumber;org.apache.xalan.processor.XSLTSchema.class$;328;;
Class.forName;org.apache.xalan.templates.ElemOtherwise;org.apache.xalan.processor.XSLTSchema.class$;328;;
Class.forName;org.apache.xalan.templates.ElemPI;org.apache.xalan.processor.XSLTSchema.class$;328;;
Class.forName;org.apache.xalan.templates.ElemParam;org.apache.xalan.processor.XSLTSchema.class$;328;;
Class.forName;org.apache.xalan.templates.ElemSort;org.apache.xalan.processor.XSLTSchema.class$;328;;
Class.forName;org.apache.xalan.templates.ElemTemplate;org.apache.xalan.processor.XSLTSchema.class$;328;;
Class.forName;org.apache.xalan.templates.ElemText;org.apache.xalan.processor.XSLTSchema.class$;328;;
Class.forName;org.apache.xalan.templates.ElemTextLiteral;org.apache.xalan.processor.XSLTSchema.class$;328;;
Class.forName;org.apache.xalan.templates.ElemUnknown;org.apache.xalan.processor.XSLTSchema.class$;328;;
Class.forName;org.apache.xalan.templates.ElemValueOf;org.apache.xalan.processor.XSLTSchema.class$;328;;
Class.forName;org.apache.xalan.templates.ElemVariable;org.apache.xalan.processor.XSLTSchema.class$;328;;
Class.forName;org.apache.xalan.templates.ElemWhen;org.apache.xalan.processor.XSLTSchema.class$;328;;
Class.forName;org.apache.xalan.templates.ElemWithParam;org.apache.xalan.processor.XSLTSchema.class$;328;;
Class.forName;org.apache.xalan.templates.FuncDocument;org.apache.xalan.processor.StylesheetHandler.class$;100;;
Class.forName;org.apache.xalan.templates.FuncFormatNumb;org.apache.xalan.processor.StylesheetHandler.class$;100;;
Class.forName;org.apache.xalan.templates.FuncKey;org.apache.xpath.compiler.FunctionTable.class$;178;;
Class.forName;org.apache.xerces.parsers.ObjectFactory;org.apache.xerces.parsers.ObjectFactory.class$;;;
Class.forName;org.apache.xml.dtm.ObjectFactory;org.apache.xml.dtm.ObjectFactory.class$;292;;
Class.forName;org.apache.xml.serializer.OutputPropertiesFactory;org.apache.xml.serializer.OutputPropertiesFactory.class$;368;;
Class.forName;org.apache.xml.serializer.SerializerBase;org.apache.xml.serializer.SerializerBase.class$;70;;
Class.forName;org.apache.xml.serializer.ToTextStream;org.apache.xalan.transformer.TransformerImpl.class$;168;;
Class.forName;org.apache.xml.utils.FastStringBuffer;org.apache.xml.utils.StringBufferPool.class$;34;;
Class.forName;org.apache.xpath.XPath;org.apache.xalan.processor.XSLTAttributeDef.class$;1493;;
Class.forName;org.apache.xpath.functions.FuncBoolean;org.apache.xpath.compiler.FunctionTable.class$;178;;
Class.forName;org.apache.xpath.functions.FuncCeiling;org.apache.xpath.compiler.FunctionTable.class$;178;;
Class.forName;org.apache.xpath.functions.FuncConcat;org.apache.xpath.compiler.FunctionTable.class$;178;;
Class.forName;org.apache.xpath.functions.FuncContains;org.apache.xpath.compiler.FunctionTable.class$;178;;
Class.forName;org.apache.xpath.functions.FuncCount;org.apache.xpath.compiler.FunctionTable.class$;178;;
Class.forName;org.apache.xpath.functions.FuncCurrent;org.apache.xpath.compiler.FunctionTable.class$;178;;
Class.forName;org.apache.xpath.functions.FuncDoclocation;org.apache.xpath.compiler.FunctionTable.class$;178;;
Class.forName;org.apache.xpath.functions.FuncExtElementAvailable;org.apache.xpath.compiler.FunctionTable.class$;178;;
Class.forName;org.apache.xpath.functions.FuncExtFunctionAvailable;org.apache.xpath.compiler.FunctionTable.class$;178;;
Class.forName;org.apache.xpath.functions.FuncFalse;org.apache.xpath.compiler.FunctionTable.class$;178;;
Class.forName;org.apache.xpath.functions.FuncFloor;org.apache.xpath.compiler.FunctionTable.class$;178;;
Class.forName;org.apache.xpath.functions.FuncGenerateId;org.apache.xpath.compiler.FunctionTable.class$;178;;
Class.forName;org.apache.xpath.functions.FuncId;org.apache.xpath.compiler.FunctionTable.class$;178;;
Class.forName;org.apache.xpath.functions.FuncLang;org.apache.xpath.compiler.FunctionTable.class$;178;;
Class.forName;org.apache.xpath.functions.FuncLast;org.apache.xpath.compiler.FunctionTable.class$;178;;
Class.forName;org.apache.xpath.functions.FuncLocalPart;org.apache.xpath.compiler.FunctionTable.class$;178;;
Class.forName;org.apache.xpath.functions.FuncNamespace;org.apache.xpath.compiler.FunctionTable.class$;178;;
Class.forName;org.apache.xpath.functions.FuncNormalizeSpace;org.apache.xpath.compiler.FunctionTable.class$;178;;
Class.forName;org.apache.xpath.functions.FuncNot;org.apache.xpath.compiler.FunctionTable.class$;178;;
Class.forName;org.apache.xpath.functions.FuncNumber;org.apache.xpath.compiler.FunctionTable.class$;178;;
Class.forName;org.apache.xpath.functions.FuncPosition;org.apache.xpath.compiler.FunctionTable.class$;178;;
Class.forName;org.apache.xpath.functions.FuncQname;org.apache.xpath.compiler.FunctionTable.class$;178;;
Class.forName;org.apache.xpath.functions.FuncRound;org.apache.xpath.compiler.FunctionTable.class$;178;;
Class.forName;org.apache.xpath.functions.FuncStartsWith;org.apache.xpath.compiler.FunctionTable.class$;178;;
Class.forName;org.apache.xpath.functions.FuncString;org.apache.xpath.compiler.FunctionTable.class$;178;;
Class.forName;org.apache.xpath.functions.FuncStringLength;org.apache.xpath.compiler.FunctionTable.class$;178;;
Class.forName;org.apache.xpath.functions.FuncSubstring;org.apache.xpath.compiler.FunctionTable.class$;178;;
Class.forName;org.apache.xpath.functions.FuncSubstringAfter;org.apache.xpath.compiler.FunctionTable.class$;178;;
Class.forName;org.apache.xpath.functions.FuncSubstringBefore;org.apache.xpath.compiler.FunctionTable.class$;178;;
Class.forName;org.apache.xpath.functions.FuncSum;org.apache.xpath.compiler.FunctionTable.class$;178;;
Class.forName;org.apache.xpath.functions.FuncSystemProperty;org.apache.xpath.compiler.FunctionTable.class$;178;;
Class.forName;org.apache.xpath.functions.FuncTranslate;org.apache.xpath.compiler.FunctionTable.class$;178;;
Class.forName;org.apache.xpath.functions.FuncTrue;org.apache.xpath.compiler.FunctionTable.class$;178;;
Class.forName;org.apache.xpath.functions.FuncUnparsedEntityURI;org.apache.xpath.compiler.FunctionTable.class$;178;;
Class.forName;org.dacapo.harness.Xalan;org.dacapo.harness.TestHarness.findClass;274;;
Class.forName;org.dacapo.xalan.XSLTBench;org.dacapo.harness.Xalan.<init>;33;;
Class.forName;sun.security.provider.MD5;java.security.Provider$Service.getImplClass;1933;;
Class.forName;sun.security.provider.SHA;java.security.Provider$Service.getImplClass;1933;;
Class.newInstance;java.io.StringWriter;org.apache.xml.utils.ObjectPool.getInstance;136;;
Class.newInstance;jdk.internal.reflect.GeneratedConstructorAccessor10;jdk.internal.reflect.MethodAccessorGenerator$1.run;405;;
Class.newInstance;jdk.internal.reflect.GeneratedConstructorAccessor11;jdk.internal.reflect.MethodAccessorGenerator$1.run;405;;
Class.newInstance;jdk.internal.reflect.GeneratedConstructorAccessor12;jdk.internal.reflect.MethodAccessorGenerator$1.run;405;;
Class.newInstance;jdk.internal.reflect.GeneratedConstructorAccessor13;jdk.internal.reflect.MethodAccessorGenerator$1.run;405;;
Class.newInstance;jdk.internal.reflect.GeneratedConstructorAccessor14;jdk.internal.reflect.MethodAccessorGenerator$1.run;405;;
Class.newInstance;jdk.internal.reflect.GeneratedConstructorAccessor15;jdk.internal.reflect.MethodAccessorGenerator$1.run;405;;
Class.newInstance;jdk.internal.reflect.GeneratedConstructorAccessor16;jdk.internal.reflect.MethodAccessorGenerator$1.run;405;;
Class.newInstance;jdk.internal.reflect.GeneratedConstructorAccessor17;jdk.internal.reflect.MethodAccessorGenerator$1.run;405;;
Class.newInstance;jdk.internal.reflect.GeneratedConstructorAccessor18;jdk.internal.reflect.MethodAccessorGenerator$1.run;405;;
Class.newInstance;jdk.internal.reflect.GeneratedConstructorAccessor19;jdk.internal.reflect.MethodAccessorGenerator$1.run;405;;
Class.newInstance;jdk.internal.reflect.GeneratedConstructorAccessor1;jdk.internal.reflect.MethodAccessorGenerator$1.run;405;;
Class.newInstance;jdk.internal.reflect.GeneratedConstructorAccessor20;jdk.internal.reflect.MethodAccessorGenerator$1.run;405;;
Class.newInstance;jdk.internal.reflect.GeneratedConstructorAccessor21;jdk.internal.reflect.MethodAccessorGenerator$1.run;405;;
Class.newInstance;jdk.internal.reflect.GeneratedConstructorAccessor22;jdk.internal.reflect.MethodAccessorGenerator$1.run;405;;
Class.newInstance;jdk.internal.reflect.GeneratedConstructorAccessor2;jdk.internal.reflect.MethodAccessorGenerator$1.run;405;;
Class.newInstance;jdk.internal.reflect.GeneratedConstructorAccessor3;jdk.internal.reflect.MethodAccessorGenerator$1.run;405;;
Class.newInstance;jdk.internal.reflect.GeneratedConstructorAccessor4;jdk.internal.reflect.MethodAccessorGenerator$1.run;405;;
Class.newInstance;jdk.internal.reflect.GeneratedConstructorAccessor5;jdk.internal.reflect.MethodAccessorGenerator$1.run;405;;
Class.newInstance;jdk.internal.reflect.GeneratedConstructorAccessor6;jdk.internal.reflect.MethodAccessorGenerator$1.run;405;;
Class.newInstance;jdk.internal.reflect.GeneratedConstructorAccessor7;jdk.internal.reflect.MethodAccessorGenerator$1.run;405;;
Class.newInstance;jdk.internal.reflect.GeneratedConstructorAccessor8;jdk.internal.reflect.MethodAccessorGenerator$1.run;405;;
Class.newInstance;jdk.internal.reflect.GeneratedConstructorAccessor9;jdk.internal.reflect.MethodAccessorGenerator$1.run;405;;
Class.newInstance;jdk.internal.reflect.GeneratedMethodAccessor10;jdk.internal.reflect.MethodAccessorGenerator$1.run;405;;
Class.newInstance;jdk.internal.reflect.GeneratedMethodAccessor11;jdk.internal.reflect.MethodAccessorGenerator$1.run;405;;
Class.newInstance;jdk.internal.reflect.GeneratedMethodAccessor12;jdk.internal.reflect.MethodAccessorGenerator$1.run;405;;
Class.newInstance;jdk.internal.reflect.GeneratedMethodAccessor13;jdk.internal.reflect.MethodAccessorGenerator$1.run;405;;
Class.newInstance;jdk.internal.reflect.GeneratedMethodAccessor14;jdk.internal.reflect.MethodAccessorGenerator$1.run;405;;
Class.newInstance;jdk.internal.reflect.GeneratedMethodAccessor1;jdk.internal.reflect.MethodAccessorGenerator$1.run;405;;
Class.newInstance;jdk.internal.reflect.GeneratedMethodAccessor2;jdk.internal.reflect.MethodAccessorGenerator$1.run;405;;
Class.newInstance;jdk.internal.reflect.GeneratedMethodAccessor3;jdk.internal.reflect.MethodAccessorGenerator$1.run;405;;
Class.newInstance;jdk.internal.reflect.GeneratedMethodAccessor4;jdk.internal.reflect.MethodAccessorGenerator$1.run;405;;
Class.newInstance;jdk.internal.reflect.GeneratedMethodAccessor5;jdk.internal.reflect.MethodAccessorGenerator$1.run;405;;
Class.newInstance;jdk.internal.reflect.GeneratedMethodAccessor6;jdk.internal.reflect.MethodAccessorGenerator$1.run;405;;
Class.newInstance;jdk.internal.reflect.GeneratedMethodAccessor7;jdk.internal.reflect.MethodAccessorGenerator$1.run;405;;
Class.newInstance;jdk.internal.reflect.GeneratedMethodAccessor8;jdk.internal.reflect.MethodAccessorGenerator$1.run;405;;
Class.newInstance;jdk.internal.reflect.GeneratedMethodAccessor9;jdk.internal.reflect.MethodAccessorGenerator$1.run;405;;
Class.newInstance;org.apache.xalan.processor.TransformerFactoryImpl;javax.xml.transform.FactoryFinder.newInstance;;;
Class.newInstance;org.apache.xalan.templates.ElemApplyTemplates;org.apache.xalan.processor.ProcessorTemplateElem.startElement;63;;
Class.newInstance;org.apache.xalan.templates.ElemAttribute;org.apache.xalan.processor.ProcessorTemplateElem.startElement;63;;
Class.newInstance;org.apache.xalan.templates.ElemCallTemplate;org.apache.xalan.processor.ProcessorTemplateElem.startElement;63;;
Class.newInstance;org.apache.xalan.templates.ElemChoose;org.apache.xalan.processor.ProcessorTemplateElem.startElement;63;;
Class.newInstance;org.apache.xalan.templates.ElemCopy;org.apache.xalan.processor.ProcessorTemplateElem.startElement;63;;
Class.newInstance;org.apache.xalan.templates.ElemForEach;org.apache.xalan.processor.ProcessorTemplateElem.startElement;63;;
Class.newInstance;org.apache.xalan.templates.ElemIf;org.apache.xalan.processor.ProcessorTemplateElem.startElement;63;;
Class.newInstance;org.apache.xalan.templates.ElemLiteralResult;org.apache.xalan.processor.ProcessorLRE.startElement;254;;
Class.newInstance;org.apache.xalan.templates.ElemMessage;org.apache.xalan.processor.ProcessorTemplateElem.startElement;63;;
Class.newInstance;org.apache.xalan.templates.ElemNumber;org.apache.xalan.processor.ProcessorTemplateElem.startElement;63;;
Class.newInstance;org.apache.xalan.templates.ElemOtherwise;org.apache.xalan.processor.ProcessorTemplateElem.startElement;63;;
Class.newInstance;org.apache.xalan.templates.ElemParam;org.apache.xalan.processor.ProcessorTemplateElem.startElement;63;;
Class.newInstance;org.apache.xalan.templates.ElemTemplate;org.apache.xalan.processor.ProcessorTemplateElem.startElement;63;;
Class.newInstance;org.apache.xalan.templates.ElemText;org.apache.xalan.processor.ProcessorTemplateElem.startElement;63;;
Class.newInstance;org.apache.xalan.templates.ElemValueOf;org.apache.xalan.processor.ProcessorTemplateElem.startElement;63;;
Class.newInstance;org.apache.xalan.templates.ElemVariable;org.apache.xalan.processor.ProcessorTemplateElem.startElement;63;;
Class.newInstance;org.apache.xalan.templates.ElemWhen;org.apache.xalan.processor.ProcessorTemplateElem.startElement;63;;
Class.newInstance;org.apache.xalan.templates.ElemWithParam;org.apache.xalan.processor.ProcessorTemplateElem.startElement;63;;
Class.newInstance;org.apache.xerces.impl.dv.dtd.DTDDVFactoryImpl;org.apache.xerces.impl.dv.ObjectFactory.newInstance;;;
Class.newInstance;org.apache.xerces.jaxp.SAXParserFactoryImpl;javax.xml.parsers.FactoryFinder.newInstance;;;
Class.newInstance;org.apache.xerces.parsers.SAXParser;org.xml.sax.helpers.NewInstance.newInstance;;;
Class.newInstance;org.apache.xerces.parsers.XIncludeAwareParserConfiguration;org.apache.xerces.parsers.ObjectFactory.newInstance;;;
Class.newInstance;org.apache.xml.dtm.ref.DTMManagerDefault;org.apache.xml.dtm.ObjectFactory.createObject;143;;
Class.newInstance;org.apache.xml.serializer.ToHTMLStream;org.apache.xml.serializer.SerializerFactory.getSerializer;133;;
Class.newInstance;org.apache.xml.serializer.ToHTMLStream;org.apache.xml.serializer.SerializerFactory.getSerializer;138;;
Class.newInstance;org.apache.xml.serializer.ToTextStream;org.apache.xml.utils.ObjectPool.getInstance;136;;
Class.newInstance;org.apache.xml.utils.FastStringBuffer;org.apache.xml.utils.ObjectPool.getInstance;136;;
Class.newInstance;org.apache.xpath.functions.FuncCount;org.apache.xpath.compiler.FunctionTable.getFunction;333;;
Class.newInstance;org.apache.xpath.functions.FuncGenerateId;org.apache.xpath.compiler.FunctionTable.getFunction;333;;
Class.newInstance;org.apache.xpath.functions.FuncId;org.apache.xpath.compiler.FunctionTable.getFunction;333;;
Class.newInstance;org.apache.xpath.functions.FuncLocalPart;org.apache.xpath.compiler.FunctionTable.getFunction;333;;
Class.newInstance;org.apache.xpath.functions.FuncNot;org.apache.xpath.compiler.FunctionTable.getFunction;333;;
Class.newInstance;org.apache.xpath.functions.FuncPosition;org.apache.xpath.compiler.FunctionTable.getFunction;333;;
Class.newInstance;org.apache.xpath.functions.FuncQname;org.apache.xpath.compiler.FunctionTable.getFunction;333;;
Class.newInstance;org.apache.xpath.functions.FuncStartsWith;org.apache.xpath.compiler.FunctionTable.getFunction;333;;
Constructor.newInstance;<com.sun.org.apache.xerces.internal.jaxp.datatype.DatatypeFactoryImpl: void <init>()>;javax.xml.datatype.FactoryFinder.newInstance;189;isAccessible=false;
Constructor.newInstance;<java.lang.Class$$Lambda$50: void <init>()>;java.lang.invoke.InnerClassLambdaMetafactory.buildCallSite;261;isAccessible=true;
Constructor.newInstance;<java.lang.Module$$Lambda$24: void <init>()>;java.lang.invoke.InnerClassLambdaMetafactory.buildCallSite;261;isAccessible=true;
Constructor.newInstance;<java.lang.invoke.VarHandleByteArrayAsInts$ArrayHandle$$Lambda$40: void <init>()>;java.lang.invoke.InnerClassLambdaMetafactory.buildCallSite;261;isAccessible=true;
Constructor.newInstance;<java.lang.invoke.VarHandleByteArrayAsLongs$ArrayHandle$$Lambda$41: void <init>()>;java.lang.invoke.InnerClassLambdaMetafactory.buildCallSite;261;isAccessible=true;
Constructor.newInstance;<java.lang.reflect.Executable$$Lambda$18: void <init>()>;java.lang.invoke.InnerClassLambdaMetafactory.buildCallSite;261;isAccessible=true;
Constructor.newInstance;<java.nio.file.Files$$Lambda$30: void <init>()>;java.lang.invoke.InnerClassLambdaMetafactory.buildCallSite;261;isAccessible=true;
Constructor.newInstance;<java.util.ResourceBundle$ResourceBundleControlProviderHolder$$Lambda$51: void <init>()>;java.lang.invoke.InnerClassLambdaMetafactory.buildCallSite;261;isAccessible=true;
Constructor.newInstance;<java.util.ResourceBundle$ResourceBundleControlProviderHolder$$Lambda$52: void <init>()>;java.lang.invoke.InnerClassLambdaMetafactory.buildCallSite;261;isAccessible=true;
Constructor.newInstance;<java.util.function.Function$$Lambda$27: void <init>()>;java.lang.invoke.InnerClassLambdaMetafactory.buildCallSite;261;isAccessible=true;
Constructor.newInstance;<java.util.regex.Pattern$$Lambda$43: void <init>()>;java.lang.invoke.InnerClassLambdaMetafactory.buildCallSite;261;isAccessible=true;
Constructor.newInstance;<java.util.stream.Collectors$$Lambda$34: void <init>()>;java.lang.invoke.InnerClassLambdaMetafactory.buildCallSite;261;isAccessible=true;
Constructor.newInstance;<java.util.stream.Collectors$$Lambda$35: void <init>()>;java.lang.invoke.InnerClassLambdaMetafactory.buildCallSite;261;isAccessible=true;
Constructor.newInstance;<java.util.stream.Collectors$$Lambda$36: void <init>()>;java.lang.invoke.InnerClassLambdaMetafactory.buildCallSite;261;isAccessible=true;
Constructor.newInstance;<java.util.stream.Collectors$$Lambda$37: void <init>()>;java.lang.invoke.InnerClassLambdaMetafactory.buildCallSite;261;isAccessible=true;
Constructor.newInstance;<java.util.stream.Collectors$$Lambda$44: void <init>()>;java.lang.invoke.InnerClassLambdaMetafactory.buildCallSite;261;isAccessible=true;
Constructor.newInstance;<java.util.stream.Collectors$$Lambda$45: void <init>()>;java.lang.invoke.InnerClassLambdaMetafactory.buildCallSite;261;isAccessible=true;
Constructor.newInstance;<java.util.stream.Collectors$$Lambda$46: void <init>()>;java.lang.invoke.InnerClassLambdaMetafactory.buildCallSite;261;isAccessible=true;
Constructor.newInstance;<java.util.stream.ReferencePipeline$$Lambda$53: void <init>()>;java.lang.invoke.InnerClassLambdaMetafactory.buildCallSite;261;isAccessible=true;
Constructor.newInstance;<jdk.internal.jrtfs.JrtFileSystemProvider: void <init>()>;java.util.ServiceLoader$ProviderImpl.newInstance;789;isAccessible=true;
Constructor.newInstance;<jdk.nio.zipfs.ZipFileSystem$$Lambda$26: void <init>()>;java.lang.invoke.InnerClassLambdaMetafactory.buildCallSite;261;isAccessible=true;
Constructor.newInstance;<jdk.nio.zipfs.ZipFileSystemProvider: void <init>()>;java.util.ServiceLoader$ProviderImpl.newInstance;789;isAccessible=true;
Constructor.newInstance;<jdk.xml.internal.SecuritySupport$$Lambda$48: void <init>()>;java.lang.invoke.InnerClassLambdaMetafactory.buildCallSite;261;isAccessible=true;
Constructor.newInstance;<org.apache.xml.utils.res.XResources_en: void <init>()>;java.util.ResourceBundle$Control.newBundle0;3202;isAccessible=true;
Constructor.newInstance;<org.dacapo.harness.Benchmark$$Lambda$39: void <init>()>;java.lang.invoke.InnerClassLambdaMetafactory.buildCallSite;261;isAccessible=true;
Constructor.newInstance;<org.dacapo.harness.CommandLineArgs$$Lambda$31: void <init>()>;java.lang.invoke.InnerClassLambdaMetafactory.buildCallSite;261;isAccessible=true;
Constructor.newInstance;<org.dacapo.harness.CommandLineArgs$$Lambda$32: void <init>()>;java.lang.invoke.InnerClassLambdaMetafactory.buildCallSite;261;isAccessible=true;
Constructor.newInstance;<org.dacapo.harness.CommandLineArgs$$Lambda$33: void <init>()>;java.lang.invoke.InnerClassLambdaMetafactory.buildCallSite;261;isAccessible=true;
Constructor.newInstance;<org.dacapo.harness.Xalan: void <init>(org.dacapo.parser.Config,java.io.File,java.io.File)>;org.dacapo.harness.TestHarness.runBenchmark;218;isAccessible=false;
Constructor.newInstance;<org.dacapo.xalan.XSLTBench: void <init>(java.io.File,java.io.File)>;org.dacapo.harness.Xalan.<init>;39;isAccessible=false;
Constructor.newInstance;<sun.security.provider.MD5: void <init>()>;java.security.Provider$Service.newInstanceOf;1879;isAccessible=false;
Constructor.newInstance;<sun.security.provider.SHA: void <init>()>;java.security.Provider$Service.newInstanceOf;1879;isAccessible=false;
Method.invoke;<java.nio.file.attribute.PosixFilePermission: java.nio.file.attribute.PosixFilePermission[] values()>;java.lang.Class.getEnumConstantsShared;;isAccessible=true;
Method.invoke;<org.apache.xalan.processor.ProcessorOutputElem: void setDoctypePublic(java.lang.String)>;org.apache.xalan.processor.XSLTAttributeDef.setAttrValue;1626;isAccessible=false;
Method.invoke;<org.apache.xalan.processor.ProcessorOutputElem: void setEncoding(java.lang.String)>;org.apache.xalan.processor.XSLTAttributeDef.setAttrValue;1626;isAccessible=false;
Method.invoke;<org.apache.xalan.processor.ProcessorOutputElem: void setIndent(boolean)>;org.apache.xalan.processor.XSLTAttributeDef.setAttrValue;1626;isAccessible=false;
Method.invoke;<org.apache.xalan.processor.ProcessorOutputElem: void setMethod(org.apache.xml.utils.QName)>;org.apache.xalan.processor.XSLTAttributeDef.setAttrValue;1626;isAccessible=false;
Method.invoke;<org.apache.xalan.processor.WhitespaceInfoPaths: void setElements(java.util.Vector)>;org.apache.xalan.processor.XSLTAttributeDef.setAttrValue;1626;isAccessible=false;
Method.invoke;<org.apache.xalan.templates.ElemApplyTemplates: void setMode(org.apache.xml.utils.QName)>;org.apache.xalan.processor.XSLTAttributeDef.setAttrValue;1626;isAccessible=false;
Method.invoke;<org.apache.xalan.templates.ElemAttribute: void setName(org.apache.xalan.templates.AVT)>;org.apache.xalan.processor.XSLTAttributeDef.setAttrValue;1626;isAccessible=false;
Method.invoke;<org.apache.xalan.templates.ElemCallTemplate: void setName(org.apache.xml.utils.QName)>;org.apache.xalan.processor.XSLTAttributeDef.setAttrValue;1626;isAccessible=false;
Method.invoke;<org.apache.xalan.templates.ElemForEach: void setSelect(org.apache.xpath.XPath)>;org.apache.xalan.processor.XSLTAttributeDef.setAttrValue;1626;isAccessible=false;
Method.invoke;<org.apache.xalan.templates.ElemIf: void setTest(org.apache.xpath.XPath)>;org.apache.xalan.processor.XSLTAttributeDef.setAttrValue;1626;isAccessible=false;
Method.invoke;<org.apache.xalan.templates.ElemLiteralResult: void addLiteralResultAttribute(org.apache.xalan.templates.AVT)>;org.apache.xalan.processor.XSLTAttributeDef.setAttrValue;1626;isAccessible=false;
Method.invoke;<org.apache.xalan.templates.ElemMessage: void setTerminate(boolean)>;org.apache.xalan.processor.XSLTAttributeDef.setAttrValue;1626;isAccessible=false;
Method.invoke;<org.apache.xalan.templates.ElemNumber: void setCount(org.apache.xpath.XPath)>;org.apache.xalan.processor.XSLTAttributeDef.setAttrValue;1626;isAccessible=false;
Method.invoke;<org.apache.xalan.templates.ElemNumber: void setFormat(org.apache.xalan.templates.AVT)>;org.apache.xalan.processor.XSLTAttributeDef.setAttrValue;1626;isAccessible=false;
Method.invoke;<org.apache.xalan.templates.ElemNumber: void setFrom(org.apache.xpath.XPath)>;org.apache.xalan.processor.XSLTAttributeDef.setAttrValue;1626;isAccessible=false;
Method.invoke;<org.apache.xalan.templates.ElemNumber: void setLevel(int)>;org.apache.xalan.processor.XSLTAttributeDef.setAttrValue;1626;isAccessible=false;
Method.invoke;<org.apache.xalan.templates.ElemTemplate: void setMatch(org.apache.xpath.XPath)>;org.apache.xalan.processor.XSLTAttributeDef.setAttrValue;1626;isAccessible=false;
Method.invoke;<org.apache.xalan.templates.ElemTemplate: void setMode(org.apache.xml.utils.QName)>;org.apache.xalan.processor.XSLTAttributeDef.setAttrValue;1626;isAccessible=false;
Method.invoke;<org.apache.xalan.templates.ElemTemplate: void setName(org.apache.xml.utils.QName)>;org.apache.xalan.processor.XSLTAttributeDef.setAttrValue;1626;isAccessible=false;
Method.invoke;<org.apache.xalan.templates.ElemText: void setDisableOutputEscaping(boolean)>;org.apache.xalan.processor.XSLTAttributeDef.setAttrValue;1626;isAccessible=false;
Method.invoke;<org.apache.xalan.templates.ElemValueOf: void setSelect(org.apache.xpath.XPath)>;org.apache.xalan.processor.XSLTAttributeDef.setAttrValue;1626;isAccessible=false;
Method.invoke;<org.apache.xalan.templates.ElemVariable: void setName(org.apache.xml.utils.QName)>;org.apache.xalan.processor.XSLTAttributeDef.setAttrValue;1626;isAccessible=false;
Method.invoke;<org.apache.xalan.templates.ElemVariable: void setSelect(org.apache.xpath.XPath)>;org.apache.xalan.processor.XSLTAttributeDef.setAttrValue;1626;isAccessible=false;
Method.invoke;<org.apache.xalan.templates.ElemWhen: void setTest(org.apache.xpath.XPath)>;org.apache.xalan.processor.XSLTAttributeDef.setAttrValue;1626;isAccessible=false;
Method.invoke;<org.apache.xalan.templates.ElemWithParam: void setName(org.apache.xml.utils.QName)>;org.apache.xalan.processor.XSLTAttributeDef.setAttrValue;1626;isAccessible=false;
Method.invoke;<org.apache.xalan.templates.ElemWithParam: void setSelect(org.apache.xpath.XPath)>;org.apache.xalan.processor.XSLTAttributeDef.setAttrValue;1626;isAccessible=false;
Method.invoke;<org.apache.xalan.templates.Stylesheet: void setExcludeResultPrefixes(org.apache.xml.utils.StringVector)>;org.apache.xalan.processor.XSLTAttributeDef.setAttrValue;1626;isAccessible=false;
Method.invoke;<org.apache.xalan.templates.Stylesheet: void setVersion(java.lang.String)>;org.apache.xalan.processor.XSLTAttributeDef.setAttrValue;1626;isAccessible=false;
Method.invoke;<org.apache.xalan.transformer.TransformerImpl: javax.xml.transform.ErrorListener getErrorListener()>;org.apache.xpath.XPathContext.getErrorListener;550;isAccessible=false;
Method.invoke;<org.dacapo.harness.TestHarness: void main(java.lang.String[])>;Harness.main;39;isAccessible=false;
Method.invoke;<org.dacapo.xalan.XSLTBench: void createWorkers(int,int)>;org.dacapo.harness.Xalan.preIteration;56;isAccessible=false;
Method.invoke;<org.dacapo.xalan.XSLTBench: void doWork()>;org.dacapo.harness.Xalan.iterate;69;isAccessible=false;
