Array.newInstance;boolean[];com.sun.jmx.mbeanserver.DefaultMXBeanMappingFactory.<clinit>;222;;
Array.newInstance;boolean[];java.lang.reflect.ProxyGenerator$PrimitiveTypeInfo.<init>;998;;
Array.newInstance;byte[];com.sun.jmx.mbeanserver.DefaultMXBeanMappingFactory.<clinit>;222;;
Array.newInstance;byte[];java.lang.reflect.ProxyGenerator$PrimitiveTypeInfo.<init>;998;;
Array.newInstance;byte[];sun.reflect.generics.factory.CoreReflectionFactory.makeArrayType;123;;
Array.newInstance;char[];com.sun.jmx.mbeanserver.DefaultMXBeanMappingFactory.<clinit>;222;;
Array.newInstance;char[];java.lang.reflect.ProxyGenerator$PrimitiveTypeInfo.<init>;998;;
Array.newInstance;char[];sun.reflect.generics.factory.CoreReflectionFactory.makeArrayType;123;;
Array.newInstance;com.sun.jmx.mbeanserver.ClassLoaderRepositorySupport$LoaderEntry[];java.util.Arrays.copyOf;3513;;
Array.newInstance;double[];com.sun.jmx.mbeanserver.DefaultMXBeanMappingFactory.<clinit>;222;;
Array.newInstance;double[];java.lang.reflect.ProxyGenerator$PrimitiveTypeInfo.<init>;998;;
Array.newInstance;float[];com.sun.jmx.mbeanserver.DefaultMXBeanMappingFactory.<clinit>;222;;
Array.newInstance;float[];java.lang.reflect.ProxyGenerator$PrimitiveTypeInfo.<init>;998;;
Array.newInstance;int[];com.sun.jmx.mbeanserver.DefaultMXBeanMappingFactory.<clinit>;222;;
Array.newInstance;int[];java.lang.reflect.ProxyGenerator$PrimitiveTypeInfo.<init>;998;;
Array.newInstance;java.lang.ClassLoader[];java.util.HashMap.prepareArray;926;;
Array.newInstance;java.lang.Class[];java.util.Arrays.copyOf;3513;;
Array.newInstance;java.lang.Class[];java.util.Arrays.copyOfRange;3786;;
Array.newInstance;java.lang.Class[];java.util.ImmutableCollections$List12.toArray;640;;
Array.newInstance;java.lang.String[];java.util.Arrays.copyOf;3513;;
Array.newInstance;java.lang.annotation.Annotation[];java.util.Arrays.copyOf;3513;;
Array.newInstance;java.lang.annotation.Annotation[];java.util.HashMap.prepareArray;926;;
Array.newInstance;java.lang.annotation.ElementType[];sun.reflect.annotation.AnnotationParser.parseEnumArray;722;;
Array.newInstance;java.lang.invoke.LambdaForm$Name[];java.util.Arrays.copyOf;3513;;
Array.newInstance;java.lang.reflect.Field[];java.util.Arrays.copyOf;3513;;
Array.newInstance;java.lang.reflect.Method[];java.util.TimSort.<init>;157;;
Array.newInstance;javax.management.MBeanAttributeInfo[];java.util.Arrays.copyOf;3513;;
Array.newInstance;javax.management.MBeanOperationInfo[];java.util.Arrays.copyOf;3513;;
Array.newInstance;jdk.nio.zipfs.ZipFileSystem$IndexNode[];java.util.HashMap.prepareArray;926;;
Array.newInstance;long[];com.sun.jmx.mbeanserver.DefaultMXBeanMappingFactory.<clinit>;222;;
Array.newInstance;long[];java.lang.reflect.ProxyGenerator$PrimitiveTypeInfo.<init>;998;;
Array.newInstance;org.apache.logging.log4j.core.Appender[];java.util.concurrent.ConcurrentHashMap$CollectionView.toArray;4486;;
Array.newInstance;org.apache.logging.log4j.core.Appender[];org.apache.logging.log4j.core.config.plugins.visitors.PluginElementVisitor.visit;82;;
Array.newInstance;org.apache.logging.log4j.core.config.AppenderControl[];java.util.Arrays.copyOf;3513;;
Array.newInstance;org.apache.logging.log4j.core.config.AppenderRef[];org.apache.logging.log4j.core.config.plugins.visitors.PluginElementVisitor.visit;82;;
Array.newInstance;org.apache.logging.log4j.core.config.LoggerConfig[];org.apache.logging.log4j.core.config.plugins.visitors.PluginElementVisitor.visit;82;;
Array.newInstance;org.apache.logging.log4j.core.config.Property[];org.apache.logging.log4j.core.config.plugins.visitors.PluginElementVisitor.visit;82;;
Array.newInstance;org.apache.logging.log4j.core.pattern.PatternFormatter[];java.util.Arrays.copyOf;3513;;
Array.newInstance;org.apache.logging.log4j.core.util.datetime.FastDatePrinter$Rule[];java.util.Arrays.copyOf;3513;;
Array.newInstance;short[];com.sun.jmx.mbeanserver.DefaultMXBeanMappingFactory.<clinit>;222;;
Array.newInstance;short[];java.lang.reflect.ProxyGenerator$PrimitiveTypeInfo.<init>;998;;
Array.newInstance;sun.security.jca.ProviderConfig[];java.util.Arrays.copyOf;3513;;
Class.forName;Harness;sun.launcher.LauncherHelper.loadMainClass;791;;
Class.forName;com.sun.management.VMOption;sun.reflect.generics.factory.CoreReflectionFactory.makeNamedType;114;;
Class.forName;com.sun.management.internal.PlatformMBeanProviderImpl;java.util.ServiceLoader.loadProvider;859;;
Class.forName;com.sun.org.apache.xerces.internal.jaxp.DocumentBuilderFactoryImpl;javax.xml.parsers.FactoryFinder.getProviderClass;108;;
Class.forName;com.sun.org.apache.xerces.internal.jaxp.datatype.DatatypeFactoryImpl;javax.xml.datatype.FactoryFinder.getProviderClass;109;;
Class.forName;java.io.File;sun.reflect.generics.factory.CoreReflectionFactory.makeNamedType;114;;
Class.forName;java.io.FilePermission;org.objectweb.asm.ClassWriter.getCommonSuperClass;1043;;
Class.forName;java.io.IOException;org.objectweb.asm.ClassWriter.getCommonSuperClass;1043;;
Class.forName;java.lang.Boolean;com.sun.jmx.mbeanserver.DefaultMXBeanMappingFactory.<clinit>;204;;
Class.forName;java.lang.Boolean;com.sun.jmx.mbeanserver.MXBeanMapping.makeOpenClass;172;;
Class.forName;java.lang.Boolean;sun.reflect.generics.factory.CoreReflectionFactory.makeNamedType;114;;
Class.forName;java.lang.Boolean[];com.sun.jmx.mbeanserver.MXBeanMapping.makeOpenClass;172;;
Class.forName;java.lang.Byte;com.sun.jmx.mbeanserver.DefaultMXBeanMappingFactory.<clinit>;204;;
Class.forName;java.lang.Byte;com.sun.jmx.mbeanserver.MXBeanMapping.makeOpenClass;172;;
Class.forName;java.lang.Byte;sun.reflect.generics.factory.CoreReflectionFactory.makeNamedType;114;;
Class.forName;java.lang.Byte[];com.sun.jmx.mbeanserver.MXBeanMapping.makeOpenClass;172;;
Class.forName;java.lang.Character;com.sun.jmx.mbeanserver.DefaultMXBeanMappingFactory.<clinit>;204;;
Class.forName;java.lang.Character;com.sun.jmx.mbeanserver.MXBeanMapping.makeOpenClass;172;;
Class.forName;java.lang.Character;sun.reflect.generics.factory.CoreReflectionFactory.makeNamedType;114;;
Class.forName;java.lang.Character[];com.sun.jmx.mbeanserver.MXBeanMapping.makeOpenClass;172;;
Class.forName;java.lang.Class;java.lang.reflect.Proxy$ProxyBuilder.ensureVisible;879;;
Class.forName;java.lang.Class;sun.reflect.generics.factory.CoreReflectionFactory.makeNamedType;114;;
Class.forName;java.lang.Deprecated;java.lang.reflect.Proxy$ProxyBuilder.ensureVisible;879;;
Class.forName;java.lang.Deprecated;jdk.proxy1.$Proxy16.<clinit>;;;
Class.forName;java.lang.Deprecated;sun.reflect.generics.factory.CoreReflectionFactory.makeNamedType;114;;
Class.forName;java.lang.Double;com.sun.jmx.mbeanserver.DefaultMXBeanMappingFactory.<clinit>;204;;
Class.forName;java.lang.Double;com.sun.jmx.mbeanserver.MXBeanMapping.makeOpenClass;172;;
Class.forName;java.lang.Double;sun.reflect.generics.factory.CoreReflectionFactory.makeNamedType;114;;
Class.forName;java.lang.Double[];com.sun.jmx.mbeanserver.MXBeanMapping.makeOpenClass;172;;
Class.forName;java.lang.Error;jdk.internal.org.objectweb.asm.ClassWriter.getCommonSuperClass;1055;;
Class.forName;java.lang.Float;com.sun.jmx.mbeanserver.DefaultMXBeanMappingFactory.<clinit>;204;;
Class.forName;java.lang.Float;com.sun.jmx.mbeanserver.MXBeanMapping.makeOpenClass;172;;
Class.forName;java.lang.Float;sun.reflect.generics.factory.CoreReflectionFactory.makeNamedType;114;;
Class.forName;java.lang.Float[];com.sun.jmx.mbeanserver.MXBeanMapping.makeOpenClass;172;;
Class.forName;java.lang.Integer;com.sun.jmx.mbeanserver.DefaultMXBeanMappingFactory.<clinit>;204;;
Class.forName;java.lang.Integer;com.sun.jmx.mbeanserver.MXBeanMapping.makeOpenClass;172;;
Class.forName;java.lang.Integer;sun.reflect.generics.factory.CoreReflectionFactory.makeNamedType;114;;
Class.forName;java.lang.Integer[];com.sun.jmx.mbeanserver.MXBeanMapping.makeOpenClass;172;;
Class.forName;java.lang.Long;com.sun.jmx.mbeanserver.DefaultMXBeanMappingFactory.<clinit>;204;;
Class.forName;java.lang.Long;com.sun.jmx.mbeanserver.MXBeanMapping.makeOpenClass;172;;
Class.forName;java.lang.Long;sun.reflect.generics.factory.CoreReflectionFactory.makeNamedType;114;;
Class.forName;java.lang.Long[];com.sun.jmx.mbeanserver.MXBeanMapping.makeOpenClass;172;;
Class.forName;java.lang.Object;java.lang.reflect.Proxy$ProxyBuilder.ensureVisible;879;;
Class.forName;java.lang.Object;jdk.proxy1.$Proxy0.<clinit>;;;
Class.forName;java.lang.Object;jdk.proxy1.$Proxy16.<clinit>;;;
Class.forName;java.lang.Object;jdk.proxy1.$Proxy7.<clinit>;;;
Class.forName;java.lang.Object;jdk.proxy1.$Proxy8.<clinit>;;;
Class.forName;java.lang.Object;jdk.proxy2.$Proxy1.<clinit>;;;
Class.forName;java.lang.Object;jdk.proxy2.$Proxy10.<clinit>;;;
Class.forName;java.lang.Object;jdk.proxy2.$Proxy11.<clinit>;;;
Class.forName;java.lang.Object;jdk.proxy2.$Proxy12.<clinit>;;;
Class.forName;java.lang.Object;jdk.proxy2.$Proxy13.<clinit>;;;
Class.forName;java.lang.Object;jdk.proxy2.$Proxy14.<clinit>;;;
Class.forName;java.lang.Object;jdk.proxy2.$Proxy15.<clinit>;;;
Class.forName;java.lang.Object;jdk.proxy2.$Proxy2.<clinit>;;;
Class.forName;java.lang.Object;jdk.proxy2.$Proxy3.<clinit>;;;
Class.forName;java.lang.Object;jdk.proxy2.$Proxy4.<clinit>;;;
Class.forName;java.lang.Object;jdk.proxy2.$Proxy5.<clinit>;;;
Class.forName;java.lang.Object;jdk.proxy2.$Proxy6.<clinit>;;;
Class.forName;java.lang.Object;jdk.proxy2.$Proxy9.<clinit>;;;
Class.forName;java.lang.Object;org.objectweb.asm.ClassWriter.getCommonSuperClass;1043;;
Class.forName;java.lang.Object;org.objectweb.asm.ClassWriter.getCommonSuperClass;1049;;
Class.forName;java.lang.Object;sun.reflect.generics.factory.CoreReflectionFactory.makeNamedType;114;;
Class.forName;java.lang.RuntimeException;jdk.internal.org.objectweb.asm.ClassWriter.getCommonSuperClass;1061;;
Class.forName;java.lang.SecurityManager;org.objectweb.asm.ClassWriter.getCommonSuperClass;1043;;
Class.forName;java.lang.Short;com.sun.jmx.mbeanserver.DefaultMXBeanMappingFactory.<clinit>;204;;
Class.forName;java.lang.Short;com.sun.jmx.mbeanserver.MXBeanMapping.makeOpenClass;172;;
Class.forName;java.lang.Short;sun.reflect.generics.factory.CoreReflectionFactory.makeNamedType;114;;
Class.forName;java.lang.Short[];com.sun.jmx.mbeanserver.MXBeanMapping.makeOpenClass;172;;
Class.forName;java.lang.String;com.sun.jmx.mbeanserver.DefaultMXBeanMappingFactory.<clinit>;204;;
Class.forName;java.lang.String;com.sun.jmx.mbeanserver.MXBeanMapping.makeOpenClass;172;;
Class.forName;java.lang.String;java.lang.reflect.Proxy$ProxyBuilder.ensureVisible;879;;
Class.forName;java.lang.String;org.objectweb.asm.ClassWriter.getCommonSuperClass;1043;;
Class.forName;java.lang.String;org.objectweb.asm.ClassWriter.getCommonSuperClass;1049;;
Class.forName;java.lang.String;sun.reflect.generics.factory.CoreReflectionFactory.makeNamedType;114;;
Class.forName;java.lang.String[];com.sun.jmx.mbeanserver.DefaultMXBeanMappingFactory.makeArrayOrCollectionMapping;331;;
Class.forName;java.lang.String[];com.sun.jmx.mbeanserver.MXBeanMapping.makeOpenClass;172;;
Class.forName;java.lang.Void;com.sun.jmx.mbeanserver.DefaultMXBeanMappingFactory.<clinit>;204;;
Class.forName;java.lang.Void;com.sun.jmx.mbeanserver.MXBeanMapping.makeOpenClass;172;;
Class.forName;java.lang.annotation.Documented;java.lang.reflect.Proxy$ProxyBuilder.ensureVisible;879;;
Class.forName;java.lang.annotation.Documented;jdk.proxy1.$Proxy7.<clinit>;;;
Class.forName;java.lang.annotation.Documented;sun.reflect.generics.factory.CoreReflectionFactory.makeNamedType;114;;
Class.forName;java.lang.annotation.ElementType;java.lang.reflect.Proxy$ProxyBuilder.ensureVisible;879;;
Class.forName;java.lang.annotation.ElementType;sun.reflect.generics.factory.CoreReflectionFactory.makeNamedType;114;;
Class.forName;java.lang.annotation.Retention;java.lang.reflect.Proxy$ProxyBuilder.ensureVisible;879;;
Class.forName;java.lang.annotation.Retention;jdk.proxy1.$Proxy0.<clinit>;;;
Class.forName;java.lang.annotation.Retention;sun.reflect.generics.factory.CoreReflectionFactory.makeNamedType;114;;
Class.forName;java.lang.annotation.RetentionPolicy;java.lang.reflect.Proxy$ProxyBuilder.ensureVisible;879;;
Class.forName;java.lang.annotation.RetentionPolicy;sun.reflect.generics.factory.CoreReflectionFactory.makeNamedType;114;;
Class.forName;java.lang.annotation.Target;java.lang.reflect.Proxy$ProxyBuilder.ensureVisible;879;;
Class.forName;java.lang.annotation.Target;jdk.proxy1.$Proxy8.<clinit>;;;
Class.forName;java.lang.annotation.Target;sun.reflect.generics.factory.CoreReflectionFactory.makeNamedType;114;;
Class.forName;java.lang.management.ManagementPermission;com.sun.management.internal.DiagnosticCommandImpl$Wrapper.<init>;118;;
Class.forName;java.lang.management.MemoryUsage;sun.reflect.generics.factory.CoreReflectionFactory.makeNamedType;114;;
Class.forName;java.math.BigDecimal;com.sun.jmx.mbeanserver.DefaultMXBeanMappingFactory.<clinit>;204;;
Class.forName;java.math.BigDecimal;com.sun.jmx.mbeanserver.MXBeanMapping.makeOpenClass;172;;
Class.forName;java.math.BigDecimal;sun.reflect.generics.factory.CoreReflectionFactory.makeNamedType;114;;
Class.forName;java.math.BigInteger;com.sun.jmx.mbeanserver.DefaultMXBeanMappingFactory.<clinit>;204;;
Class.forName;java.math.BigInteger;com.sun.jmx.mbeanserver.MXBeanMapping.makeOpenClass;172;;
Class.forName;java.math.BigInteger;sun.reflect.generics.factory.CoreReflectionFactory.makeNamedType;114;;
Class.forName;java.net.Inet6AddressImpl;java.net.InetAddress.loadImpl;1713;;
Class.forName;java.net.InetAddress;sun.reflect.generics.factory.CoreReflectionFactory.makeNamedType;114;;
Class.forName;java.net.SocketPermission;org.objectweb.asm.ClassWriter.getCommonSuperClass;1043;;
Class.forName;java.net.URI;sun.reflect.generics.factory.CoreReflectionFactory.makeNamedType;114;;
Class.forName;java.net.URL;org.objectweb.asm.ClassWriter.getCommonSuperClass;1049;;
Class.forName;java.net.URL;sun.reflect.generics.factory.CoreReflectionFactory.makeNamedType;114;;
Class.forName;java.nio.charset.Charset;sun.reflect.generics.factory.CoreReflectionFactory.makeNamedType;114;;
Class.forName;java.nio.file.Path;sun.reflect.generics.factory.CoreReflectionFactory.makeNamedType;114;;
Class.forName;java.security.Permission;org.objectweb.asm.ClassWriter.getCommonSuperClass;1043;;
Class.forName;java.security.Permission;org.objectweb.asm.ClassWriter.getCommonSuperClass;1049;;
Class.forName;java.security.Provider;sun.reflect.generics.factory.CoreReflectionFactory.makeNamedType;114;;
Class.forName;java.util.Date;com.sun.jmx.mbeanserver.DefaultMXBeanMappingFactory.<clinit>;204;;
Class.forName;java.util.Date;com.sun.jmx.mbeanserver.MXBeanMapping.makeOpenClass;172;;
Class.forName;java.util.Iterator;org.objectweb.asm.ClassWriter.getCommonSuperClass;1049;;
Class.forName;java.util.List;sun.reflect.generics.factory.CoreReflectionFactory.makeNamedType;114;;
Class.forName;java.util.Map;sun.reflect.generics.factory.CoreReflectionFactory.makeNamedType;114;;
Class.forName;java.util.PropertyPermission;com.sun.management.internal.DiagnosticCommandImpl$Wrapper.<init>;118;;
Class.forName;java.util.UUID;sun.reflect.generics.factory.CoreReflectionFactory.makeNamedType;114;;
Class.forName;java.util.logging.LogManager;sun.management.ManagementFactoryHelper$LoggingMXBeanAccess$1.run;201;;
Class.forName;java.util.logging.LoggingMXBean;sun.management.ManagementFactoryHelper$LoggingMXBeanAccess$1.run;201;;
Class.forName;java.util.regex.Pattern;sun.reflect.generics.factory.CoreReflectionFactory.makeNamedType;114;;
Class.forName;javax.management.ObjectName;com.sun.jmx.mbeanserver.DefaultMXBeanMappingFactory.<clinit>;204;;
Class.forName;javax.management.ObjectName;com.sun.jmx.mbeanserver.MXBeanMapping.makeOpenClass;172;;
Class.forName;javax.management.openmbean.CompositeData;com.sun.jmx.mbeanserver.MXBeanMapping.makeOpenClass;172;;
Class.forName;javax.management.openmbean.CompositeData[];com.sun.jmx.mbeanserver.DefaultMXBeanMappingFactory.makeArrayOrCollectionMapping;331;;
Class.forName;javax.management.openmbean.CompositeData[];com.sun.jmx.mbeanserver.MXBeanMapping.makeOpenClass;172;;
Class.forName;javax.management.openmbean.TabularData;com.sun.jmx.mbeanserver.MXBeanMapping.makeOpenClass;172;;
Class.forName;jdk.internal.jrtfs.JrtFileSystemProvider;java.util.ServiceLoader$LazyClassPathLookupIterator.nextProviderClass;1217;;
Class.forName;jdk.internal.jrtfs.JrtFileSystemProvider;java.util.ServiceLoader.loadProvider;859;;
Class.forName;jdk.management.jfr.ConfigurationInfo;sun.reflect.generics.factory.CoreReflectionFactory.makeNamedType;114;;
Class.forName;jdk.management.jfr.EventTypeInfo;sun.reflect.generics.factory.CoreReflectionFactory.makeNamedType;114;;
Class.forName;jdk.management.jfr.RecordingInfo;sun.reflect.generics.factory.CoreReflectionFactory.makeNamedType;114;;
Class.forName;jdk.management.jfr.SettingDescriptorInfo;sun.reflect.generics.factory.CoreReflectionFactory.makeNamedType;114;;
Class.forName;jdk.management.jfr.internal.FlightRecorderMXBeanProvider;java.util.ServiceLoader.loadProvider;859;;
Class.forName;jdk.nio.zipfs.ZipFileSystemProvider;java.util.ServiceLoader.loadProvider;859;;
Class.forName;org.apache.logging.log4j.Level;sun.reflect.generics.factory.CoreReflectionFactory.makeNamedType;114;;
Class.forName;org.apache.logging.log4j.core.appender.rolling.action.Duration;sun.reflect.generics.factory.CoreReflectionFactory.makeNamedType;114;;
Class.forName;org.apache.logging.log4j.core.config.Order;java.lang.reflect.Proxy$ProxyBuilder.ensureVisible;879;;
Class.forName;org.apache.logging.log4j.core.config.Order;jdk.proxy2.$Proxy3.<clinit>;;;
Class.forName;org.apache.logging.log4j.core.config.Order;sun.reflect.generics.factory.CoreReflectionFactory.makeNamedType;114;;
Class.forName;org.apache.logging.log4j.core.config.plugins.Plugin;java.lang.reflect.Proxy$ProxyBuilder.ensureVisible;879;;
Class.forName;org.apache.logging.log4j.core.config.plugins.Plugin;jdk.proxy2.$Proxy1.<clinit>;;;
Class.forName;org.apache.logging.log4j.core.config.plugins.Plugin;sun.reflect.generics.factory.CoreReflectionFactory.makeNamedType;114;;
Class.forName;org.apache.logging.log4j.core.config.plugins.PluginAliases;java.lang.reflect.Proxy$ProxyBuilder.ensureVisible;879;;
Class.forName;org.apache.logging.log4j.core.config.plugins.PluginAliases;jdk.proxy2.$Proxy4.<clinit>;;;
Class.forName;org.apache.logging.log4j.core.config.plugins.PluginAliases;sun.reflect.generics.factory.CoreReflectionFactory.makeNamedType;114;;
Class.forName;org.apache.logging.log4j.core.config.plugins.PluginAttribute;java.lang.reflect.Proxy$ProxyBuilder.ensureVisible;879;;
Class.forName;org.apache.logging.log4j.core.config.plugins.PluginAttribute;jdk.proxy2.$Proxy15.<clinit>;;;
Class.forName;org.apache.logging.log4j.core.config.plugins.PluginAttribute;sun.reflect.generics.factory.CoreReflectionFactory.makeNamedType;114;;
Class.forName;org.apache.logging.log4j.core.config.plugins.PluginBuilderAttribute;java.lang.reflect.Proxy$ProxyBuilder.ensureVisible;879;;
Class.forName;org.apache.logging.log4j.core.config.plugins.PluginBuilderAttribute;jdk.proxy2.$Proxy6.<clinit>;;;
Class.forName;org.apache.logging.log4j.core.config.plugins.PluginBuilderAttribute;sun.reflect.generics.factory.CoreReflectionFactory.makeNamedType;114;;
Class.forName;org.apache.logging.log4j.core.config.plugins.PluginBuilderFactory;java.lang.reflect.Proxy$ProxyBuilder.ensureVisible;879;;
Class.forName;org.apache.logging.log4j.core.config.plugins.PluginBuilderFactory;jdk.proxy2.$Proxy5.<clinit>;;;
Class.forName;org.apache.logging.log4j.core.config.plugins.PluginBuilderFactory;sun.reflect.generics.factory.CoreReflectionFactory.makeNamedType;114;;
Class.forName;org.apache.logging.log4j.core.config.plugins.PluginConfiguration;java.lang.reflect.Proxy$ProxyBuilder.ensureVisible;879;;
Class.forName;org.apache.logging.log4j.core.config.plugins.PluginConfiguration;jdk.proxy2.$Proxy11.<clinit>;;;
Class.forName;org.apache.logging.log4j.core.config.plugins.PluginConfiguration;sun.reflect.generics.factory.CoreReflectionFactory.makeNamedType;114;;
Class.forName;org.apache.logging.log4j.core.config.plugins.PluginElement;java.lang.reflect.Proxy$ProxyBuilder.ensureVisible;879;;
Class.forName;org.apache.logging.log4j.core.config.plugins.PluginElement;jdk.proxy2.$Proxy10.<clinit>;;;
Class.forName;org.apache.logging.log4j.core.config.plugins.PluginElement;sun.reflect.generics.factory.CoreReflectionFactory.makeNamedType;114;;
Class.forName;org.apache.logging.log4j.core.config.plugins.PluginFactory;java.lang.reflect.Proxy$ProxyBuilder.ensureVisible;879;;
Class.forName;org.apache.logging.log4j.core.config.plugins.PluginFactory;jdk.proxy2.$Proxy14.<clinit>;;;
Class.forName;org.apache.logging.log4j.core.config.plugins.PluginFactory;sun.reflect.generics.factory.CoreReflectionFactory.makeNamedType;114;;
Class.forName;org.apache.logging.log4j.core.config.plugins.PluginVisitorStrategy;java.lang.reflect.Proxy$ProxyBuilder.ensureVisible;879;;
Class.forName;org.apache.logging.log4j.core.config.plugins.PluginVisitorStrategy;jdk.proxy2.$Proxy9.<clinit>;;;
Class.forName;org.apache.logging.log4j.core.config.plugins.PluginVisitorStrategy;sun.reflect.generics.factory.CoreReflectionFactory.makeNamedType;114;;
Class.forName;org.apache.logging.log4j.core.config.plugins.convert.TypeConverter;sun.reflect.generics.factory.CoreReflectionFactory.makeNamedType;114;;
Class.forName;org.apache.logging.log4j.core.config.plugins.validation.Constraint;java.lang.reflect.Proxy$ProxyBuilder.ensureVisible;879;;
Class.forName;org.apache.logging.log4j.core.config.plugins.validation.Constraint;jdk.proxy2.$Proxy13.<clinit>;;;
Class.forName;org.apache.logging.log4j.core.config.plugins.validation.Constraint;sun.reflect.generics.factory.CoreReflectionFactory.makeNamedType;114;;
Class.forName;org.apache.logging.log4j.core.config.plugins.validation.ConstraintValidator;sun.reflect.generics.factory.CoreReflectionFactory.makeNamedType;114;;
Class.forName;org.apache.logging.log4j.core.config.plugins.validation.constraints.Required;java.lang.reflect.Proxy$ProxyBuilder.ensureVisible;879;;
Class.forName;org.apache.logging.log4j.core.config.plugins.validation.constraints.Required;jdk.proxy2.$Proxy12.<clinit>;;;
Class.forName;org.apache.logging.log4j.core.config.plugins.validation.constraints.Required;sun.reflect.generics.factory.CoreReflectionFactory.makeNamedType;114;;
Class.forName;org.apache.logging.log4j.core.config.plugins.validation.validators.RequiredValidator;sun.reflect.generics.factory.CoreReflectionFactory.makeNamedType;114;;
Class.forName;org.apache.logging.log4j.core.config.plugins.visitors.PluginAttributeVisitor;sun.reflect.generics.factory.CoreReflectionFactory.makeNamedType;114;;
Class.forName;org.apache.logging.log4j.core.config.plugins.visitors.PluginBuilderAttributeVisitor;sun.reflect.generics.factory.CoreReflectionFactory.makeNamedType;114;;
Class.forName;org.apache.logging.log4j.core.config.plugins.visitors.PluginConfigurationVisitor;sun.reflect.generics.factory.CoreReflectionFactory.makeNamedType;114;;
Class.forName;org.apache.logging.log4j.core.config.plugins.visitors.PluginElementVisitor;sun.reflect.generics.factory.CoreReflectionFactory.makeNamedType;114;;
Class.forName;org.apache.logging.log4j.core.impl.Log4jProvider;java.util.ServiceLoader$LazyClassPathLookupIterator.nextProviderClass;1217;;
Class.forName;org.apache.logging.log4j.core.impl.ThreadContextDataProvider;java.util.ServiceLoader$LazyClassPathLookupIterator.nextProviderClass;1217;;
Class.forName;org.apache.logging.log4j.core.pattern.ConverterKeys;java.lang.reflect.Proxy$ProxyBuilder.ensureVisible;879;;
Class.forName;org.apache.logging.log4j.core.pattern.ConverterKeys;jdk.proxy2.$Proxy2.<clinit>;;;
Class.forName;org.apache.logging.log4j.core.pattern.ConverterKeys;sun.reflect.generics.factory.CoreReflectionFactory.makeNamedType;114;;
Class.forName;org.apache.logging.log4j.core.util.CronExpression;sun.reflect.generics.factory.CoreReflectionFactory.makeNamedType;114;;
Class.forName;org.apache.logging.log4j.util.EnvironmentPropertySource;java.util.ServiceLoader$LazyClassPathLookupIterator.nextProviderClass;1217;;
Class.forName;org.apache.logging.log4j.util.SystemPropertiesPropertySource;java.util.ServiceLoader$LazyClassPathLookupIterator.nextProviderClass;1217;;
Class.forName;org.apache.logging.log4j.util.internal.DefaultObjectInputFilter;org.apache.logging.log4j.util.SortedArrayStringMap.<clinit>;104;;
Class.forName;org.biojava.nbio.aaproperties.CommandPrompt;org.dacapo.harness.BioJava.<init>;15;;
Class.forName;org.dacapo.harness.BioJava;org.dacapo.harness.TestHarness.findClass;274;;
Class.forName;sun.security.provider.MD5;java.security.Provider$Service.getImplClass;1933;;
Class.forName;sun.security.provider.SHA;java.security.Provider$Service.getImplClass;1933;;
Class.forName;sun.text.resources.cldr.FormatData;sun.util.resources.Bundles.findBundleOf;205;;
Class.forName;sun.text.resources.cldr.FormatData_en;sun.util.resources.Bundles.findBundleOf;205;;
Class.forName;sun.text.resources.cldr.FormatData_en_US;sun.util.resources.Bundles.findBundleOf;205;;
Class.forName;sun.text.resources.cldr.ext.FormatData_en_001;sun.util.resources.provider.LocaleDataProvider.loadResourceBundle;54;;
Class.forName;sun.text.resources.cldr.ext.FormatData_en_AU;sun.util.resources.provider.LocaleDataProvider.loadResourceBundle;54;;
Class.forName;sun.util.cldr.CLDRLocaleProviderAdapter;sun.util.locale.provider.LocaleProviderAdapter.forType;187;;
Class.forName;sun.util.logging.internal.LoggingProviderImpl;java.util.ServiceLoader.loadProvider;859;;
Class.forName;sun.util.resources.cldr.CalendarData;sun.util.resources.Bundles.findBundleOf;205;;
Class.forName;sun.util.resources.cldr.provider.CLDRLocaleDataMetaInfo;java.util.ServiceLoader.loadProvider;859;;
Class.forName;sun.util.resources.provider.LocaleDataProvider;java.util.ServiceLoader.loadProvider;859;;
Class.newInstance;java.net.Inet6AddressImpl;java.net.InetAddress.loadImpl;1713;;
Class.newInstance;javax.management.MBeanServerBuilder;javax.management.MBeanServerFactory.newBuilder;461;;
Class.newInstance;jdk.internal.reflect.GeneratedConstructorAccessor1;jdk.internal.reflect.MethodAccessorGenerator$1.run;405;;
Class.newInstance;jdk.internal.reflect.GeneratedConstructorAccessor2;jdk.internal.reflect.MethodAccessorGenerator$1.run;405;;
Class.newInstance;jdk.internal.reflect.GeneratedConstructorAccessor3;jdk.internal.reflect.MethodAccessorGenerator$1.run;405;;
Class.newInstance;jdk.internal.reflect.GeneratedConstructorAccessor4;jdk.internal.reflect.MethodAccessorGenerator$1.run;405;;
Class.newInstance;jdk.internal.reflect.GeneratedConstructorAccessor5;jdk.internal.reflect.MethodAccessorGenerator$1.run;405;;
Class.newInstance;jdk.internal.reflect.GeneratedConstructorAccessor6;jdk.internal.reflect.MethodAccessorGenerator$1.run;405;;
Class.newInstance;org.apache.logging.log4j.core.config.plugins.visitors.PluginAttributeVisitor;org.apache.logging.log4j.core.config.plugins.visitors.PluginVisitors.findVisitor;50;;
Class.newInstance;org.apache.logging.log4j.core.config.plugins.visitors.PluginBuilderAttributeVisitor;org.apache.logging.log4j.core.config.plugins.visitors.PluginVisitors.findVisitor;50;;
Class.newInstance;org.apache.logging.log4j.core.config.plugins.visitors.PluginConfigurationVisitor;org.apache.logging.log4j.core.config.plugins.visitors.PluginVisitors.findVisitor;50;;
Class.newInstance;org.apache.logging.log4j.core.config.plugins.visitors.PluginElementVisitor;org.apache.logging.log4j.core.config.plugins.visitors.PluginVisitors.findVisitor;50;;
Class.newInstance;org.apache.logging.log4j.core.impl.Log4jContextFactory;org.apache.logging.log4j.LogManager.<clinit>;95;;
Class.newInstance;org.apache.logging.log4j.message.DefaultFlowMessageFactory;org.apache.logging.log4j.spi.AbstractLogger.createDefaultFlowMessageFactory;244;;
Class.newInstance;org.apache.logging.log4j.message.ReusableMessageFactory;org.apache.logging.log4j.spi.AbstractLogger.createDefaultMessageFactory;228;;
Class.newInstance;sun.text.resources.cldr.ext.FormatData_en_001;sun.util.resources.provider.LocaleDataProvider.loadResourceBundle;58;;
Class.newInstance;sun.text.resources.cldr.ext.FormatData_en_AU;sun.util.resources.provider.LocaleDataProvider.loadResourceBundle;58;;
Constructor.newInstance;<com.sun.management.internal.PlatformMBeanProviderImpl$$Lambda$68: void <init>()>;java.lang.invoke.InnerClassLambdaMetafactory.buildCallSite;261;isAccessible=true;
Constructor.newInstance;<com.sun.management.internal.PlatformMBeanProviderImpl: void <init>()>;java.util.ServiceLoader$ProviderImpl.newInstance;789;isAccessible=true;
Constructor.newInstance;<com.sun.org.apache.xerces.internal.jaxp.DocumentBuilderFactoryImpl: void <init>()>;javax.xml.parsers.FactoryFinder.newInstance;188;isAccessible=false;
Constructor.newInstance;<com.sun.org.apache.xerces.internal.jaxp.datatype.DatatypeFactoryImpl: void <init>()>;javax.xml.datatype.FactoryFinder.newInstance;189;isAccessible=false;
Constructor.newInstance;<java.lang.Class$$Lambda$135: void <init>()>;java.lang.invoke.InnerClassLambdaMetafactory.buildCallSite;261;isAccessible=true;
Constructor.newInstance;<java.lang.Module$$Lambda$24: void <init>()>;java.lang.invoke.InnerClassLambdaMetafactory.buildCallSite;261;isAccessible=true;
Constructor.newInstance;<java.lang.System$LoggerFinder$$Lambda$107: void <init>()>;java.lang.invoke.InnerClassLambdaMetafactory.buildCallSite;261;isAccessible=true;
Constructor.newInstance;<java.lang.invoke.VarHandleByteArrayAsInts$ArrayHandle$$Lambda$40: void <init>()>;java.lang.invoke.InnerClassLambdaMetafactory.buildCallSite;261;isAccessible=true;
Constructor.newInstance;<java.lang.invoke.VarHandleByteArrayAsLongs$ArrayHandle$$Lambda$41: void <init>()>;java.lang.invoke.InnerClassLambdaMetafactory.buildCallSite;261;isAccessible=true;
Constructor.newInstance;<java.lang.management.DefaultPlatformMBeanProvider$5$$Lambda$125: void <init>()>;java.lang.invoke.InnerClassLambdaMetafactory.buildCallSite;261;isAccessible=true;
Constructor.newInstance;<java.lang.management.ManagementFactory$$Lambda$112: void <init>()>;java.lang.invoke.InnerClassLambdaMetafactory.buildCallSite;261;isAccessible=true;
Constructor.newInstance;<java.lang.management.ManagementFactory$$Lambda$113: void <init>()>;java.lang.invoke.InnerClassLambdaMetafactory.buildCallSite;261;isAccessible=true;
Constructor.newInstance;<java.lang.management.ManagementFactory$$Lambda$114: void <init>()>;java.lang.invoke.InnerClassLambdaMetafactory.buildCallSite;261;isAccessible=true;
Constructor.newInstance;<java.lang.management.ManagementFactory$$Lambda$67: void <init>()>;java.lang.invoke.InnerClassLambdaMetafactory.buildCallSite;261;isAccessible=true;
Constructor.newInstance;<java.lang.management.ManagementPermission: void <init>(java.lang.String)>;com.sun.management.internal.DiagnosticCommandImpl$Wrapper.<init>;122;isAccessible=false;
Constructor.newInstance;<java.lang.module.ModuleDescriptor$Builder$$Lambda$34: void <init>()>;java.lang.invoke.InnerClassLambdaMetafactory.buildCallSite;261;isAccessible=true;
Constructor.newInstance;<java.lang.reflect.Executable$$Lambda$18: void <init>()>;java.lang.invoke.InnerClassLambdaMetafactory.buildCallSite;261;isAccessible=true;
Constructor.newInstance;<java.lang.reflect.Proxy$$Lambda$76: void <init>()>;java.lang.invoke.InnerClassLambdaMetafactory.buildCallSite;261;isAccessible=true;
Constructor.newInstance;<java.lang.reflect.Proxy$ProxyBuilder$$Lambda$77: void <init>()>;java.lang.invoke.InnerClassLambdaMetafactory.buildCallSite;261;isAccessible=true;
Constructor.newInstance;<java.lang.reflect.ProxyGenerator$$Lambda$80: void <init>()>;java.lang.invoke.InnerClassLambdaMetafactory.buildCallSite;261;isAccessible=true;
Constructor.newInstance;<java.lang.reflect.ProxyGenerator$$Lambda$81: void <init>()>;java.lang.invoke.InnerClassLambdaMetafactory.buildCallSite;261;isAccessible=true;
Constructor.newInstance;<java.nio.file.Files$$Lambda$30: void <init>()>;java.lang.invoke.InnerClassLambdaMetafactory.buildCallSite;261;isAccessible=true;
Constructor.newInstance;<java.text.DecimalFormatSymbols$$Lambda$59: void <init>()>;java.lang.invoke.InnerClassLambdaMetafactory.buildCallSite;261;isAccessible=true;
Constructor.newInstance;<java.util.PropertyPermission: void <init>(java.lang.String,java.lang.String)>;com.sun.management.internal.DiagnosticCommandImpl$Wrapper.<init>;133;isAccessible=false;
Constructor.newInstance;<java.util.function.Function$$Lambda$27: void <init>()>;java.lang.invoke.InnerClassLambdaMetafactory.buildCallSite;261;isAccessible=true;
Constructor.newInstance;<java.util.logging.Level$$Lambda$41: void <init>()>;java.lang.invoke.InnerClassLambdaMetafactory.buildCallSite;261;isAccessible=true;
Constructor.newInstance;<java.util.logging.Level$KnownLevel$$Lambda$111: void <init>()>;java.lang.invoke.InnerClassLambdaMetafactory.buildCallSite;261;isAccessible=true;
Constructor.newInstance;<java.util.logging.Level$KnownLevel$$Lambda$39: void <init>()>;java.lang.invoke.InnerClassLambdaMetafactory.buildCallSite;261;isAccessible=true;
Constructor.newInstance;<java.util.logging.Level$KnownLevel$$Lambda$40: void <init>()>;java.lang.invoke.InnerClassLambdaMetafactory.buildCallSite;261;isAccessible=true;
Constructor.newInstance;<java.util.regex.CharPredicates$$Lambda$20: void <init>()>;java.lang.invoke.InnerClassLambdaMetafactory.buildCallSite;261;isAccessible=true;
Constructor.newInstance;<java.util.regex.CharPredicates$$Lambda$47: void <init>()>;java.lang.invoke.InnerClassLambdaMetafactory.buildCallSite;261;isAccessible=true;
Constructor.newInstance;<java.util.regex.Pattern$$Lambda$43: void <init>()>;java.lang.invoke.InnerClassLambdaMetafactory.buildCallSite;261;isAccessible=true;
Constructor.newInstance;<java.util.stream.Collectors$$Lambda$126: void <init>()>;java.lang.invoke.InnerClassLambdaMetafactory.buildCallSite;261;isAccessible=true;
Constructor.newInstance;<java.util.stream.Collectors$$Lambda$128: void <init>()>;java.lang.invoke.InnerClassLambdaMetafactory.buildCallSite;261;isAccessible=true;
Constructor.newInstance;<java.util.stream.Collectors$$Lambda$138: void <init>()>;java.lang.invoke.InnerClassLambdaMetafactory.buildCallSite;261;isAccessible=true;
Constructor.newInstance;<java.util.stream.Collectors$$Lambda$139: void <init>()>;java.lang.invoke.InnerClassLambdaMetafactory.buildCallSite;261;isAccessible=true;
Constructor.newInstance;<java.util.stream.Collectors$$Lambda$34: void <init>()>;java.lang.invoke.InnerClassLambdaMetafactory.buildCallSite;261;isAccessible=true;
Constructor.newInstance;<java.util.stream.Collectors$$Lambda$35: void <init>()>;java.lang.invoke.InnerClassLambdaMetafactory.buildCallSite;261;isAccessible=true;
Constructor.newInstance;<java.util.stream.Collectors$$Lambda$36: void <init>()>;java.lang.invoke.InnerClassLambdaMetafactory.buildCallSite;261;isAccessible=true;
Constructor.newInstance;<java.util.stream.Collectors$$Lambda$37: void <init>()>;java.lang.invoke.InnerClassLambdaMetafactory.buildCallSite;261;isAccessible=true;
Constructor.newInstance;<java.util.stream.Collectors$$Lambda$44: void <init>()>;java.lang.invoke.InnerClassLambdaMetafactory.buildCallSite;261;isAccessible=true;
Constructor.newInstance;<java.util.stream.Collectors$$Lambda$45: void <init>()>;java.lang.invoke.InnerClassLambdaMetafactory.buildCallSite;261;isAccessible=true;
Constructor.newInstance;<java.util.stream.Collectors$$Lambda$46: void <init>()>;java.lang.invoke.InnerClassLambdaMetafactory.buildCallSite;261;isAccessible=true;
Constructor.newInstance;<java.util.stream.Collectors$$Lambda$69: void <init>()>;java.lang.invoke.InnerClassLambdaMetafactory.buildCallSite;261;isAccessible=true;
Constructor.newInstance;<java.util.stream.Collectors$$Lambda$70: void <init>()>;java.lang.invoke.InnerClassLambdaMetafactory.buildCallSite;261;isAccessible=true;
Constructor.newInstance;<java.util.stream.Collectors$$Lambda$71: void <init>()>;java.lang.invoke.InnerClassLambdaMetafactory.buildCallSite;261;isAccessible=true;
Constructor.newInstance;<java.util.stream.FindOps$FindSink$OfInt$$Lambda$60: void <init>()>;java.lang.invoke.InnerClassLambdaMetafactory.buildCallSite;261;isAccessible=true;
Constructor.newInstance;<java.util.stream.FindOps$FindSink$OfInt$$Lambda$61: void <init>()>;java.lang.invoke.InnerClassLambdaMetafactory.buildCallSite;261;isAccessible=true;
Constructor.newInstance;<java.util.stream.FindOps$FindSink$OfInt$$Lambda$62: void <init>()>;java.lang.invoke.InnerClassLambdaMetafactory.buildCallSite;261;isAccessible=true;
Constructor.newInstance;<java.util.stream.FindOps$FindSink$OfInt$$Lambda$63: void <init>()>;java.lang.invoke.InnerClassLambdaMetafactory.buildCallSite;261;isAccessible=true;
Constructor.newInstance;<jdk.internal.jrtfs.JrtFileSystemProvider: void <init>()>;java.util.ServiceLoader$ProviderImpl.newInstance;789;isAccessible=true;
Constructor.newInstance;<jdk.internal.platform.CgroupSubsystemFactory$$Lambda$121: void <init>()>;java.lang.invoke.InnerClassLambdaMetafactory.buildCallSite;261;isAccessible=true;
Constructor.newInstance;<jdk.internal.platform.cgroupv1.CgroupV1Subsystem$$Lambda$122: void <init>()>;java.lang.invoke.InnerClassLambdaMetafactory.buildCallSite;261;isAccessible=true;
Constructor.newInstance;<jdk.jfr.internal.dcmd.DCmdCheck$$Lambda$132: void <init>()>;java.lang.invoke.InnerClassLambdaMetafactory.buildCallSite;261;isAccessible=true;
Constructor.newInstance;<jdk.jfr.internal.dcmd.DCmdDump$$Lambda$131: void <init>()>;java.lang.invoke.InnerClassLambdaMetafactory.buildCallSite;261;isAccessible=true;
Constructor.newInstance;<jdk.jfr.internal.dcmd.DCmdStart$$Lambda$130: void <init>()>;java.lang.invoke.InnerClassLambdaMetafactory.buildCallSite;261;isAccessible=true;
Constructor.newInstance;<jdk.jfr.internal.dcmd.DCmdStop$$Lambda$129: void <init>()>;java.lang.invoke.InnerClassLambdaMetafactory.buildCallSite;261;isAccessible=true;
Constructor.newInstance;<jdk.management.jfr.internal.FlightRecorderMXBeanProvider: void <init>()>;java.util.ServiceLoader$ProviderImpl.newInstance;789;isAccessible=true;
Constructor.newInstance;<jdk.nio.zipfs.ZipFileSystem$$Lambda$26: void <init>()>;java.lang.invoke.InnerClassLambdaMetafactory.buildCallSite;261;isAccessible=true;
Constructor.newInstance;<jdk.nio.zipfs.ZipFileSystemProvider: void <init>()>;java.util.ServiceLoader$ProviderImpl.newInstance;789;isAccessible=true;
Constructor.newInstance;<jdk.proxy1.$Proxy0: void <init>(java.lang.reflect.InvocationHandler)>;java.lang.reflect.Proxy.newProxyInstance;1053;isAccessible=true;
Constructor.newInstance;<jdk.proxy1.$Proxy16: void <init>(java.lang.reflect.InvocationHandler)>;java.lang.reflect.Proxy.newProxyInstance;1053;isAccessible=true;
Constructor.newInstance;<jdk.proxy1.$Proxy7: void <init>(java.lang.reflect.InvocationHandler)>;java.lang.reflect.Proxy.newProxyInstance;1053;isAccessible=true;
Constructor.newInstance;<jdk.proxy1.$Proxy8: void <init>(java.lang.reflect.InvocationHandler)>;java.lang.reflect.Proxy.newProxyInstance;1053;isAccessible=true;
Constructor.newInstance;<jdk.proxy2.$Proxy10: void <init>(java.lang.reflect.InvocationHandler)>;java.lang.reflect.Proxy.newProxyInstance;1053;isAccessible=true;
Constructor.newInstance;<jdk.proxy2.$Proxy11: void <init>(java.lang.reflect.InvocationHandler)>;java.lang.reflect.Proxy.newProxyInstance;1053;isAccessible=true;
Constructor.newInstance;<jdk.proxy2.$Proxy12: void <init>(java.lang.reflect.InvocationHandler)>;java.lang.reflect.Proxy.newProxyInstance;1053;isAccessible=true;
Constructor.newInstance;<jdk.proxy2.$Proxy13: void <init>(java.lang.reflect.InvocationHandler)>;java.lang.reflect.Proxy.newProxyInstance;1053;isAccessible=true;
Constructor.newInstance;<jdk.proxy2.$Proxy14: void <init>(java.lang.reflect.InvocationHandler)>;java.lang.reflect.Proxy.newProxyInstance;1053;isAccessible=true;
Constructor.newInstance;<jdk.proxy2.$Proxy15: void <init>(java.lang.reflect.InvocationHandler)>;java.lang.reflect.Proxy.newProxyInstance;1053;isAccessible=true;
Constructor.newInstance;<jdk.proxy2.$Proxy1: void <init>(java.lang.reflect.InvocationHandler)>;java.lang.reflect.Proxy.newProxyInstance;1053;isAccessible=true;
Constructor.newInstance;<jdk.proxy2.$Proxy2: void <init>(java.lang.reflect.InvocationHandler)>;java.lang.reflect.Proxy.newProxyInstance;1053;isAccessible=true;
Constructor.newInstance;<jdk.proxy2.$Proxy3: void <init>(java.lang.reflect.InvocationHandler)>;java.lang.reflect.Proxy.newProxyInstance;1053;isAccessible=true;
Constructor.newInstance;<jdk.proxy2.$Proxy4: void <init>(java.lang.reflect.InvocationHandler)>;java.lang.reflect.Proxy.newProxyInstance;1053;isAccessible=true;
Constructor.newInstance;<jdk.proxy2.$Proxy5: void <init>(java.lang.reflect.InvocationHandler)>;java.lang.reflect.Proxy.newProxyInstance;1053;isAccessible=true;
Constructor.newInstance;<jdk.proxy2.$Proxy6: void <init>(java.lang.reflect.InvocationHandler)>;java.lang.reflect.Proxy.newProxyInstance;1053;isAccessible=true;
Constructor.newInstance;<jdk.proxy2.$Proxy9: void <init>(java.lang.reflect.InvocationHandler)>;java.lang.reflect.Proxy.newProxyInstance;1053;isAccessible=true;
Constructor.newInstance;<jdk.xml.internal.SecuritySupport$$Lambda$48: void <init>()>;java.lang.invoke.InnerClassLambdaMetafactory.buildCallSite;261;isAccessible=true;
Constructor.newInstance;<org.apache.logging.log4j.core.LoggerContext$$Lambda$103: void <init>()>;java.lang.invoke.InnerClassLambdaMetafactory.buildCallSite;261;isAccessible=true;
Constructor.newInstance;<org.apache.logging.log4j.core.config.json.JsonConfigurationFactory: void <init>()>;org.apache.logging.log4j.core.util.ReflectionUtil.instantiate;189;isAccessible=false;
Constructor.newInstance;<org.apache.logging.log4j.core.config.plugins.convert.TypeConverters$BigDecimalConverter: void <init>()>;org.apache.logging.log4j.core.util.ReflectionUtil.instantiate;189;isAccessible=false;
Constructor.newInstance;<org.apache.logging.log4j.core.config.plugins.convert.TypeConverters$BigIntegerConverter: void <init>()>;org.apache.logging.log4j.core.util.ReflectionUtil.instantiate;189;isAccessible=false;
Constructor.newInstance;<org.apache.logging.log4j.core.config.plugins.convert.TypeConverters$BooleanConverter: void <init>()>;org.apache.logging.log4j.core.util.ReflectionUtil.instantiate;189;isAccessible=false;
Constructor.newInstance;<org.apache.logging.log4j.core.config.plugins.convert.TypeConverters$ByteArrayConverter: void <init>()>;org.apache.logging.log4j.core.util.ReflectionUtil.instantiate;189;isAccessible=false;
Constructor.newInstance;<org.apache.logging.log4j.core.config.plugins.convert.TypeConverters$ByteConverter: void <init>()>;org.apache.logging.log4j.core.util.ReflectionUtil.instantiate;189;isAccessible=false;
Constructor.newInstance;<org.apache.logging.log4j.core.config.plugins.convert.TypeConverters$CharArrayConverter: void <init>()>;org.apache.logging.log4j.core.util.ReflectionUtil.instantiate;189;isAccessible=false;
Constructor.newInstance;<org.apache.logging.log4j.core.config.plugins.convert.TypeConverters$CharacterConverter: void <init>()>;org.apache.logging.log4j.core.util.ReflectionUtil.instantiate;189;isAccessible=false;
Constructor.newInstance;<org.apache.logging.log4j.core.config.plugins.convert.TypeConverters$CharsetConverter: void <init>()>;org.apache.logging.log4j.core.util.ReflectionUtil.instantiate;189;isAccessible=false;
Constructor.newInstance;<org.apache.logging.log4j.core.config.plugins.convert.TypeConverters$ClassConverter: void <init>()>;org.apache.logging.log4j.core.util.ReflectionUtil.instantiate;189;isAccessible=false;
Constructor.newInstance;<org.apache.logging.log4j.core.config.plugins.convert.TypeConverters$CronExpressionConverter: void <init>()>;org.apache.logging.log4j.core.util.ReflectionUtil.instantiate;189;isAccessible=false;
Constructor.newInstance;<org.apache.logging.log4j.core.config.plugins.convert.TypeConverters$DoubleConverter: void <init>()>;org.apache.logging.log4j.core.util.ReflectionUtil.instantiate;189;isAccessible=false;
Constructor.newInstance;<org.apache.logging.log4j.core.config.plugins.convert.TypeConverters$DurationConverter: void <init>()>;org.apache.logging.log4j.core.util.ReflectionUtil.instantiate;189;isAccessible=false;
Constructor.newInstance;<org.apache.logging.log4j.core.config.plugins.convert.TypeConverters$FileConverter: void <init>()>;org.apache.logging.log4j.core.util.ReflectionUtil.instantiate;189;isAccessible=false;
Constructor.newInstance;<org.apache.logging.log4j.core.config.plugins.convert.TypeConverters$FloatConverter: void <init>()>;org.apache.logging.log4j.core.util.ReflectionUtil.instantiate;189;isAccessible=false;
Constructor.newInstance;<org.apache.logging.log4j.core.config.plugins.convert.TypeConverters$InetAddressConverter: void <init>()>;org.apache.logging.log4j.core.util.ReflectionUtil.instantiate;189;isAccessible=false;
Constructor.newInstance;<org.apache.logging.log4j.core.config.plugins.convert.TypeConverters$IntegerConverter: void <init>()>;org.apache.logging.log4j.core.util.ReflectionUtil.instantiate;189;isAccessible=false;
Constructor.newInstance;<org.apache.logging.log4j.core.config.plugins.convert.TypeConverters$LevelConverter: void <init>()>;org.apache.logging.log4j.core.util.ReflectionUtil.instantiate;189;isAccessible=false;
Constructor.newInstance;<org.apache.logging.log4j.core.config.plugins.convert.TypeConverters$LongConverter: void <init>()>;org.apache.logging.log4j.core.util.ReflectionUtil.instantiate;189;isAccessible=false;
Constructor.newInstance;<org.apache.logging.log4j.core.config.plugins.convert.TypeConverters$PathConverter: void <init>()>;org.apache.logging.log4j.core.util.ReflectionUtil.instantiate;189;isAccessible=false;
Constructor.newInstance;<org.apache.logging.log4j.core.config.plugins.convert.TypeConverters$PatternConverter: void <init>()>;org.apache.logging.log4j.core.util.ReflectionUtil.instantiate;189;isAccessible=false;
Constructor.newInstance;<org.apache.logging.log4j.core.config.plugins.convert.TypeConverters$SecurityProviderConverter: void <init>()>;org.apache.logging.log4j.core.util.ReflectionUtil.instantiate;189;isAccessible=false;
Constructor.newInstance;<org.apache.logging.log4j.core.config.plugins.convert.TypeConverters$ShortConverter: void <init>()>;org.apache.logging.log4j.core.util.ReflectionUtil.instantiate;189;isAccessible=false;
Constructor.newInstance;<org.apache.logging.log4j.core.config.plugins.convert.TypeConverters$StringConverter: void <init>()>;org.apache.logging.log4j.core.util.ReflectionUtil.instantiate;189;isAccessible=false;
Constructor.newInstance;<org.apache.logging.log4j.core.config.plugins.convert.TypeConverters$UriConverter: void <init>()>;org.apache.logging.log4j.core.util.ReflectionUtil.instantiate;189;isAccessible=false;
Constructor.newInstance;<org.apache.logging.log4j.core.config.plugins.convert.TypeConverters$UrlConverter: void <init>()>;org.apache.logging.log4j.core.util.ReflectionUtil.instantiate;189;isAccessible=false;
Constructor.newInstance;<org.apache.logging.log4j.core.config.plugins.convert.TypeConverters$UuidConverter: void <init>()>;org.apache.logging.log4j.core.util.ReflectionUtil.instantiate;189;isAccessible=false;
Constructor.newInstance;<org.apache.logging.log4j.core.config.plugins.processor.PluginCache$$Lambda$61: void <init>()>;java.lang.invoke.InnerClassLambdaMetafactory.buildCallSite;261;isAccessible=true;
Constructor.newInstance;<org.apache.logging.log4j.core.config.plugins.validation.validators.RequiredValidator: void <init>()>;org.apache.logging.log4j.core.util.ReflectionUtil.instantiate;189;isAccessible=false;
Constructor.newInstance;<org.apache.logging.log4j.core.config.properties.PropertiesConfigurationFactory: void <init>()>;org.apache.logging.log4j.core.util.ReflectionUtil.instantiate;189;isAccessible=false;
Constructor.newInstance;<org.apache.logging.log4j.core.config.xml.XmlConfigurationFactory: void <init>()>;org.apache.logging.log4j.core.util.ReflectionUtil.instantiate;189;isAccessible=false;
Constructor.newInstance;<org.apache.logging.log4j.core.config.yaml.YamlConfigurationFactory: void <init>()>;org.apache.logging.log4j.core.util.ReflectionUtil.instantiate;189;isAccessible=false;
Constructor.newInstance;<org.apache.logging.log4j.core.impl.Log4jProvider: void <init>()>;java.util.ServiceLoader$ProviderImpl.newInstance;789;isAccessible=false;
Constructor.newInstance;<org.apache.logging.log4j.core.impl.ThreadContextDataProvider: void <init>()>;java.util.ServiceLoader$ProviderImpl.newInstance;789;isAccessible=false;
Constructor.newInstance;<org.apache.logging.log4j.core.lookup.ContextMapLookup: void <init>()>;org.apache.logging.log4j.core.util.ReflectionUtil.instantiate;189;isAccessible=false;
Constructor.newInstance;<org.apache.logging.log4j.core.lookup.DateLookup: void <init>()>;org.apache.logging.log4j.core.util.ReflectionUtil.instantiate;189;isAccessible=false;
Constructor.newInstance;<org.apache.logging.log4j.core.lookup.EnvironmentLookup: void <init>()>;org.apache.logging.log4j.core.util.ReflectionUtil.instantiate;189;isAccessible=false;
Constructor.newInstance;<org.apache.logging.log4j.core.lookup.EventLookup: void <init>()>;org.apache.logging.log4j.core.util.ReflectionUtil.instantiate;189;isAccessible=false;
Constructor.newInstance;<org.apache.logging.log4j.core.lookup.JavaLookup: void <init>()>;org.apache.logging.log4j.core.util.ReflectionUtil.instantiate;189;isAccessible=false;
Constructor.newInstance;<org.apache.logging.log4j.core.lookup.JmxRuntimeInputArgumentsLookup: void <init>()>;org.apache.logging.log4j.core.util.ReflectionUtil.instantiate;189;isAccessible=false;
Constructor.newInstance;<org.apache.logging.log4j.core.lookup.Log4jLookup: void <init>()>;org.apache.logging.log4j.core.util.ReflectionUtil.instantiate;189;isAccessible=false;
Constructor.newInstance;<org.apache.logging.log4j.core.lookup.LowerLookup: void <init>()>;org.apache.logging.log4j.core.util.ReflectionUtil.instantiate;189;isAccessible=false;
Constructor.newInstance;<org.apache.logging.log4j.core.lookup.MainMapLookup: void <init>()>;org.apache.logging.log4j.core.util.ReflectionUtil.instantiate;189;isAccessible=false;
Constructor.newInstance;<org.apache.logging.log4j.core.lookup.MapLookup: void <init>()>;org.apache.logging.log4j.core.util.ReflectionUtil.instantiate;189;isAccessible=false;
Constructor.newInstance;<org.apache.logging.log4j.core.lookup.MarkerLookup: void <init>()>;org.apache.logging.log4j.core.util.ReflectionUtil.instantiate;189;isAccessible=false;
Constructor.newInstance;<org.apache.logging.log4j.core.lookup.ResourceBundleLookup: void <init>()>;org.apache.logging.log4j.core.util.ReflectionUtil.instantiate;189;isAccessible=false;
Constructor.newInstance;<org.apache.logging.log4j.core.lookup.StructuredDataLookup: void <init>()>;org.apache.logging.log4j.core.util.ReflectionUtil.instantiate;189;isAccessible=false;
Constructor.newInstance;<org.apache.logging.log4j.core.lookup.SystemPropertiesLookup: void <init>()>;org.apache.logging.log4j.core.util.ReflectionUtil.instantiate;189;isAccessible=false;
Constructor.newInstance;<org.apache.logging.log4j.core.lookup.UpperLookup: void <init>()>;org.apache.logging.log4j.core.util.ReflectionUtil.instantiate;189;isAccessible=false;
Constructor.newInstance;<org.apache.logging.log4j.core.util.datetime.FastDateParser$$Lambda$106: void <init>()>;java.lang.invoke.InnerClassLambdaMetafactory.buildCallSite;261;isAccessible=true;
Constructor.newInstance;<org.apache.logging.log4j.util.EnvironmentPropertySource: void <init>()>;java.util.ServiceLoader$ProviderImpl.newInstance;789;isAccessible=false;
Constructor.newInstance;<org.apache.logging.log4j.util.PropertiesUtil$Environment$$Lambda$50: void <init>()>;java.lang.invoke.InnerClassLambdaMetafactory.buildCallSite;261;isAccessible=true;
Constructor.newInstance;<org.apache.logging.log4j.util.SortedArrayStringMap$$Lambda$64: void <init>()>;java.lang.invoke.InnerClassLambdaMetafactory.buildCallSite;261;isAccessible=true;
Constructor.newInstance;<org.apache.logging.log4j.util.StackLocator$$Lambda$58: void <init>()>;java.lang.invoke.InnerClassLambdaMetafactory.buildCallSite;261;isAccessible=true;
Constructor.newInstance;<org.apache.logging.log4j.util.Strings$$Lambda$55: void <init>()>;java.lang.invoke.InnerClassLambdaMetafactory.buildCallSite;261;isAccessible=true;
Constructor.newInstance;<org.apache.logging.log4j.util.SystemPropertiesPropertySource: void <init>()>;java.util.ServiceLoader$ProviderImpl.newInstance;789;isAccessible=false;
Constructor.newInstance;<org.apache.logging.slf4j.Log4jLoggerFactory$$Lambda$56: void <init>()>;java.lang.invoke.InnerClassLambdaMetafactory.buildCallSite;261;isAccessible=true;
Constructor.newInstance;<org.biojava.nbio.aaproperties.PeptideProperties$$Lambda$136: void <init>()>;java.lang.invoke.InnerClassLambdaMetafactory.buildCallSite;261;isAccessible=true;
Constructor.newInstance;<org.biojava.nbio.aaproperties.PeptideProperties$$Lambda$137: void <init>()>;java.lang.invoke.InnerClassLambdaMetafactory.buildCallSite;261;isAccessible=true;
Constructor.newInstance;<org.dacapo.harness.Benchmark$$Lambda$39: void <init>()>;java.lang.invoke.InnerClassLambdaMetafactory.buildCallSite;261;isAccessible=true;
Constructor.newInstance;<org.dacapo.harness.BioJava: void <init>(org.dacapo.parser.Config,java.io.File,java.io.File)>;org.dacapo.harness.TestHarness.runBenchmark;218;isAccessible=false;
Constructor.newInstance;<org.dacapo.harness.CommandLineArgs$$Lambda$31: void <init>()>;java.lang.invoke.InnerClassLambdaMetafactory.buildCallSite;261;isAccessible=true;
Constructor.newInstance;<org.dacapo.harness.CommandLineArgs$$Lambda$32: void <init>()>;java.lang.invoke.InnerClassLambdaMetafactory.buildCallSite;261;isAccessible=true;
Constructor.newInstance;<org.dacapo.harness.CommandLineArgs$$Lambda$33: void <init>()>;java.lang.invoke.InnerClassLambdaMetafactory.buildCallSite;261;isAccessible=true;
Constructor.newInstance;<sun.management.ManagementFactoryHelper$$Lambda$133: void <init>()>;java.lang.invoke.InnerClassLambdaMetafactory.buildCallSite;261;isAccessible=true;
Constructor.newInstance;<sun.security.provider.MD5: void <init>()>;java.security.Provider$Service.newInstanceOf;1879;isAccessible=false;
Constructor.newInstance;<sun.security.provider.SHA: void <init>()>;java.security.Provider$Service.newInstanceOf;1879;isAccessible=false;
Constructor.newInstance;<sun.text.resources.cldr.FormatData: void <init>()>;java.util.ResourceBundle$ResourceBundleProviderHelper.newResourceBundle;3586;isAccessible=true;
Constructor.newInstance;<sun.text.resources.cldr.FormatData_en: void <init>()>;java.util.ResourceBundle$ResourceBundleProviderHelper.newResourceBundle;3586;isAccessible=true;
Constructor.newInstance;<sun.util.cldr.CLDRLocaleProviderAdapter$$Lambda$51: void <init>()>;java.lang.invoke.InnerClassLambdaMetafactory.buildCallSite;261;isAccessible=true;
Constructor.newInstance;<sun.util.cldr.CLDRLocaleProviderAdapter: void <init>()>;sun.util.locale.provider.LocaleProviderAdapter.forType;188;isAccessible=false;
Constructor.newInstance;<sun.util.logging.internal.LoggingProviderImpl: void <init>()>;java.util.ServiceLoader$ProviderImpl.newInstance;789;isAccessible=true;
Constructor.newInstance;<sun.util.resources.cldr.CalendarData: void <init>()>;java.util.ResourceBundle$ResourceBundleProviderHelper.newResourceBundle;3586;isAccessible=true;
Constructor.newInstance;<sun.util.resources.cldr.provider.CLDRLocaleDataMetaInfo: void <init>()>;java.util.ServiceLoader$ProviderImpl.newInstance;789;isAccessible=true;
Constructor.newInstance;<sun.util.resources.provider.LocaleDataProvider: void <init>()>;java.util.ServiceLoader$ProviderImpl.newInstance;789;isAccessible=true;
Field.get*;<java.lang.Boolean: java.lang.Class TYPE>;com.sun.jmx.mbeanserver.DefaultMXBeanMappingFactory.<clinit>;216;isAccessible=false;
Field.get*;<java.lang.Byte: java.lang.Class TYPE>;com.sun.jmx.mbeanserver.DefaultMXBeanMappingFactory.<clinit>;216;isAccessible=false;
Field.get*;<java.lang.Character: java.lang.Class TYPE>;com.sun.jmx.mbeanserver.DefaultMXBeanMappingFactory.<clinit>;216;isAccessible=false;
Field.get*;<java.lang.Double: java.lang.Class TYPE>;com.sun.jmx.mbeanserver.DefaultMXBeanMappingFactory.<clinit>;216;isAccessible=false;
Field.get*;<java.lang.Float: java.lang.Class TYPE>;com.sun.jmx.mbeanserver.DefaultMXBeanMappingFactory.<clinit>;216;isAccessible=false;
Field.get*;<java.lang.Integer: java.lang.Class TYPE>;com.sun.jmx.mbeanserver.DefaultMXBeanMappingFactory.<clinit>;216;isAccessible=false;
Field.get*;<java.lang.Long: java.lang.Class TYPE>;com.sun.jmx.mbeanserver.DefaultMXBeanMappingFactory.<clinit>;216;isAccessible=false;
Field.get*;<java.lang.Short: java.lang.Class TYPE>;com.sun.jmx.mbeanserver.DefaultMXBeanMappingFactory.<clinit>;216;isAccessible=false;
Field.get*;<java.lang.Void: java.lang.Class TYPE>;com.sun.jmx.mbeanserver.DefaultMXBeanMappingFactory.<clinit>;216;isAccessible=false;
Field.get*;<org.apache.logging.log4j.core.appender.AbstractAppender$Builder: boolean ignoreExceptions>;org.apache.logging.log4j.core.config.plugins.util.PluginBuilder.injectFields;198;isAccessible=true;
Field.get*;<org.apache.logging.log4j.core.appender.AbstractAppender$Builder: java.lang.String name>;org.apache.logging.log4j.core.config.plugins.util.PluginBuilder.injectFields;198;isAccessible=true;
Field.get*;<org.apache.logging.log4j.core.appender.AbstractAppender$Builder: org.apache.logging.log4j.core.Layout layout>;org.apache.logging.log4j.core.config.plugins.util.PluginBuilder.injectFields;198;isAccessible=true;
Field.get*;<org.apache.logging.log4j.core.appender.AbstractAppender$Builder: org.apache.logging.log4j.core.config.Configuration configuration>;org.apache.logging.log4j.core.config.plugins.util.PluginBuilder.injectFields;198;isAccessible=true;
Field.get*;<org.apache.logging.log4j.core.appender.AbstractOutputStreamAppender$Builder: boolean bufferedIo>;org.apache.logging.log4j.core.config.plugins.util.PluginBuilder.injectFields;198;isAccessible=true;
Field.get*;<org.apache.logging.log4j.core.appender.AbstractOutputStreamAppender$Builder: boolean immediateFlush>;org.apache.logging.log4j.core.config.plugins.util.PluginBuilder.injectFields;198;isAccessible=true;
Field.get*;<org.apache.logging.log4j.core.appender.AbstractOutputStreamAppender$Builder: int bufferSize>;org.apache.logging.log4j.core.config.plugins.util.PluginBuilder.injectFields;198;isAccessible=true;
Field.get*;<org.apache.logging.log4j.core.appender.ConsoleAppender$Builder: boolean direct>;org.apache.logging.log4j.core.config.plugins.util.PluginBuilder.injectFields;198;isAccessible=true;
Field.get*;<org.apache.logging.log4j.core.appender.ConsoleAppender$Builder: boolean follow>;org.apache.logging.log4j.core.config.plugins.util.PluginBuilder.injectFields;198;isAccessible=true;
Field.get*;<org.apache.logging.log4j.core.appender.ConsoleAppender$Builder: org.apache.logging.log4j.core.appender.ConsoleAppender$Target target>;org.apache.logging.log4j.core.config.plugins.util.PluginBuilder.injectFields;198;isAccessible=true;
Field.get*;<org.apache.logging.log4j.core.config.LoggerConfig$RootLogger$Builder: boolean additivity>;org.apache.logging.log4j.core.config.plugins.util.PluginBuilder.injectFields;198;isAccessible=true;
Field.get*;<org.apache.logging.log4j.core.config.LoggerConfig$RootLogger$Builder: java.lang.String includeLocation>;org.apache.logging.log4j.core.config.plugins.util.PluginBuilder.injectFields;198;isAccessible=true;
Field.get*;<org.apache.logging.log4j.core.config.LoggerConfig$RootLogger$Builder: java.lang.String levelAndRefs>;org.apache.logging.log4j.core.config.plugins.util.PluginBuilder.injectFields;198;isAccessible=true;
Field.get*;<org.apache.logging.log4j.core.config.LoggerConfig$RootLogger$Builder: org.apache.logging.log4j.Level level>;org.apache.logging.log4j.core.config.plugins.util.PluginBuilder.injectFields;198;isAccessible=true;
Field.get*;<org.apache.logging.log4j.core.config.LoggerConfig$RootLogger$Builder: org.apache.logging.log4j.core.Filter filter>;org.apache.logging.log4j.core.config.plugins.util.PluginBuilder.injectFields;198;isAccessible=true;
Field.get*;<org.apache.logging.log4j.core.config.LoggerConfig$RootLogger$Builder: org.apache.logging.log4j.core.config.AppenderRef[] refs>;org.apache.logging.log4j.core.config.plugins.util.PluginBuilder.injectFields;198;isAccessible=true;
Field.get*;<org.apache.logging.log4j.core.config.LoggerConfig$RootLogger$Builder: org.apache.logging.log4j.core.config.Configuration config>;org.apache.logging.log4j.core.config.plugins.util.PluginBuilder.injectFields;198;isAccessible=true;
Field.get*;<org.apache.logging.log4j.core.config.LoggerConfig$RootLogger$Builder: org.apache.logging.log4j.core.config.Property[] properties>;org.apache.logging.log4j.core.config.plugins.util.PluginBuilder.injectFields;198;isAccessible=true;
Field.get*;<org.apache.logging.log4j.core.filter.AbstractFilterable$Builder: org.apache.logging.log4j.core.Filter filter>;org.apache.logging.log4j.core.config.plugins.util.PluginBuilder.injectFields;198;isAccessible=true;
Field.get*;<org.apache.logging.log4j.core.filter.AbstractFilterable$Builder: org.apache.logging.log4j.core.config.Property[] propertyArray>;org.apache.logging.log4j.core.config.plugins.util.PluginBuilder.injectFields;198;isAccessible=true;
Field.get*;<org.apache.logging.log4j.core.layout.PatternLayout$Builder: boolean alwaysWriteExceptions>;org.apache.logging.log4j.core.config.plugins.util.PluginBuilder.injectFields;198;isAccessible=true;
Field.get*;<org.apache.logging.log4j.core.layout.PatternLayout$Builder: boolean disableAnsi>;org.apache.logging.log4j.core.config.plugins.util.PluginBuilder.injectFields;198;isAccessible=true;
Field.get*;<org.apache.logging.log4j.core.layout.PatternLayout$Builder: boolean noConsoleNoAnsi>;org.apache.logging.log4j.core.config.plugins.util.PluginBuilder.injectFields;198;isAccessible=true;
Field.get*;<org.apache.logging.log4j.core.layout.PatternLayout$Builder: java.lang.String footer>;org.apache.logging.log4j.core.config.plugins.util.PluginBuilder.injectFields;198;isAccessible=true;
Field.get*;<org.apache.logging.log4j.core.layout.PatternLayout$Builder: java.lang.String header>;org.apache.logging.log4j.core.config.plugins.util.PluginBuilder.injectFields;198;isAccessible=true;
Field.get*;<org.apache.logging.log4j.core.layout.PatternLayout$Builder: java.lang.String pattern>;org.apache.logging.log4j.core.config.plugins.util.PluginBuilder.injectFields;198;isAccessible=true;
Field.get*;<org.apache.logging.log4j.core.layout.PatternLayout$Builder: java.nio.charset.Charset charset>;org.apache.logging.log4j.core.config.plugins.util.PluginBuilder.injectFields;198;isAccessible=true;
Field.get*;<org.apache.logging.log4j.core.layout.PatternLayout$Builder: org.apache.logging.log4j.core.config.Configuration configuration>;org.apache.logging.log4j.core.config.plugins.util.PluginBuilder.injectFields;198;isAccessible=true;
Field.get*;<org.apache.logging.log4j.core.layout.PatternLayout$Builder: org.apache.logging.log4j.core.layout.PatternSelector patternSelector>;org.apache.logging.log4j.core.config.plugins.util.PluginBuilder.injectFields;198;isAccessible=true;
Field.get*;<org.apache.logging.log4j.core.layout.PatternLayout$Builder: org.apache.logging.log4j.core.pattern.RegexReplacement regexReplacement>;org.apache.logging.log4j.core.config.plugins.util.PluginBuilder.injectFields;198;isAccessible=true;
Field.set*;<org.apache.logging.log4j.core.appender.AbstractAppender$Builder: java.lang.String name>;org.apache.logging.log4j.core.config.plugins.util.PluginBuilder.injectFields;192;isAccessible=true;
Field.set*;<org.apache.logging.log4j.core.appender.AbstractAppender$Builder: org.apache.logging.log4j.core.Layout layout>;org.apache.logging.log4j.core.config.plugins.util.PluginBuilder.injectFields;192;isAccessible=true;
Field.set*;<org.apache.logging.log4j.core.appender.AbstractAppender$Builder: org.apache.logging.log4j.core.config.Configuration configuration>;org.apache.logging.log4j.core.config.plugins.util.PluginBuilder.injectFields;192;isAccessible=true;
Field.set*;<org.apache.logging.log4j.core.appender.ConsoleAppender$Builder: org.apache.logging.log4j.core.appender.ConsoleAppender$Target target>;org.apache.logging.log4j.core.config.plugins.util.PluginBuilder.injectFields;192;isAccessible=true;
Field.set*;<org.apache.logging.log4j.core.config.LoggerConfig$RootLogger$Builder: org.apache.logging.log4j.Level level>;org.apache.logging.log4j.core.config.plugins.util.PluginBuilder.injectFields;192;isAccessible=true;
Field.set*;<org.apache.logging.log4j.core.config.LoggerConfig$RootLogger$Builder: org.apache.logging.log4j.core.config.AppenderRef[] refs>;org.apache.logging.log4j.core.config.plugins.util.PluginBuilder.injectFields;192;isAccessible=true;
Field.set*;<org.apache.logging.log4j.core.config.LoggerConfig$RootLogger$Builder: org.apache.logging.log4j.core.config.Configuration config>;org.apache.logging.log4j.core.config.plugins.util.PluginBuilder.injectFields;192;isAccessible=true;
Field.set*;<org.apache.logging.log4j.core.config.LoggerConfig$RootLogger$Builder: org.apache.logging.log4j.core.config.Property[] properties>;org.apache.logging.log4j.core.config.plugins.util.PluginBuilder.injectFields;192;isAccessible=true;
Field.set*;<org.apache.logging.log4j.core.filter.AbstractFilterable$Builder: org.apache.logging.log4j.core.config.Property[] propertyArray>;org.apache.logging.log4j.core.config.plugins.util.PluginBuilder.injectFields;192;isAccessible=true;
Field.set*;<org.apache.logging.log4j.core.layout.PatternLayout$Builder: java.lang.String pattern>;org.apache.logging.log4j.core.config.plugins.util.PluginBuilder.injectFields;192;isAccessible=true;
Field.set*;<org.apache.logging.log4j.core.layout.PatternLayout$Builder: org.apache.logging.log4j.core.config.Configuration configuration>;org.apache.logging.log4j.core.config.plugins.util.PluginBuilder.injectFields;192;isAccessible=true;
Method.invoke;<java.lang.StackWalker$Option: java.lang.StackWalker$Option[] values()>;java.lang.Class.getEnumConstantsShared;;isAccessible=true;
Method.invoke;<java.lang.annotation.ElementType: java.lang.annotation.ElementType[] values()>;java.lang.Class.getEnumConstantsShared;;isAccessible=true;
Method.invoke;<java.lang.annotation.RetentionPolicy: java.lang.annotation.RetentionPolicy[] values()>;java.lang.Class.getEnumConstantsShared;;isAccessible=true;
Method.invoke;<java.nio.file.attribute.PosixFilePermission: java.nio.file.attribute.PosixFilePermission[] values()>;java.lang.Class.getEnumConstantsShared;;isAccessible=true;
Method.invoke;<java.util.logging.LogManager: java.util.logging.LoggingMXBean getLoggingMXBean()>;sun.management.ManagementFactoryHelper$LoggingMXBeanAccess.getMXBeanImplementation;243;isAccessible=false;
Method.invoke;<org.apache.logging.log4j.core.appender.ConsoleAppender$Target: org.apache.logging.log4j.core.appender.ConsoleAppender$Target[] values()>;java.lang.Class.getEnumConstantsShared;;isAccessible=true;
Method.invoke;<org.apache.logging.log4j.core.appender.ConsoleAppender: org.apache.logging.log4j.core.appender.ConsoleAppender$Builder newBuilder()>;org.apache.logging.log4j.core.config.plugins.util.PluginBuilder.createBuilder;159;isAccessible=false;
Method.invoke;<org.apache.logging.log4j.core.config.AppenderRef: org.apache.logging.log4j.core.config.AppenderRef createAppenderRef(java.lang.String,org.apache.logging.log4j.Level,org.apache.logging.log4j.core.Filter)>;org.apache.logging.log4j.core.config.plugins.util.PluginBuilder.build;138;isAccessible=false;
Method.invoke;<org.apache.logging.log4j.core.config.AppendersPlugin: java.util.concurrent.ConcurrentMap createAppenders(org.apache.logging.log4j.core.Appender[])>;org.apache.logging.log4j.core.config.plugins.util.PluginBuilder.build;138;isAccessible=false;
Method.invoke;<org.apache.logging.log4j.core.config.LoggerConfig$RootLogger: org.apache.logging.log4j.core.config.LoggerConfig$RootLogger$Builder newRootBuilder()>;org.apache.logging.log4j.core.config.plugins.util.PluginBuilder.createBuilder;159;isAccessible=false;
Method.invoke;<org.apache.logging.log4j.core.config.LoggersPlugin: org.apache.logging.log4j.core.config.Loggers createLoggers(org.apache.logging.log4j.core.config.LoggerConfig[])>;org.apache.logging.log4j.core.config.plugins.util.PluginBuilder.build;138;isAccessible=false;
Method.invoke;<org.apache.logging.log4j.core.layout.PatternLayout: org.apache.logging.log4j.core.layout.PatternLayout$Builder newBuilder()>;org.apache.logging.log4j.core.config.plugins.util.PluginBuilder.createBuilder;159;isAccessible=false;
Method.invoke;<org.apache.logging.log4j.core.pattern.DatePatternConverter: org.apache.logging.log4j.core.pattern.DatePatternConverter newInstance(java.lang.String[])>;org.apache.logging.log4j.core.pattern.PatternParser.createConverter;590;isAccessible=false;
Method.invoke;<org.apache.logging.log4j.core.pattern.LevelPatternConverter: org.apache.logging.log4j.core.pattern.LevelPatternConverter newInstance(java.lang.String[])>;org.apache.logging.log4j.core.pattern.PatternParser.createConverter;590;isAccessible=false;
Method.invoke;<org.apache.logging.log4j.core.pattern.LineSeparatorPatternConverter: org.apache.logging.log4j.core.pattern.LineSeparatorPatternConverter newInstance(java.lang.String[])>;org.apache.logging.log4j.core.pattern.PatternParser.createConverter;590;isAccessible=false;
Method.invoke;<org.apache.logging.log4j.core.pattern.LoggerPatternConverter: org.apache.logging.log4j.core.pattern.LoggerPatternConverter newInstance(java.lang.String[])>;org.apache.logging.log4j.core.pattern.PatternParser.createConverter;590;isAccessible=false;
Method.invoke;<org.apache.logging.log4j.core.pattern.MessagePatternConverter: org.apache.logging.log4j.core.pattern.MessagePatternConverter newInstance(org.apache.logging.log4j.core.config.Configuration,java.lang.String[])>;org.apache.logging.log4j.core.pattern.PatternParser.createConverter;590;isAccessible=false;
Method.invoke;<org.apache.logging.log4j.core.pattern.ThreadNamePatternConverter: org.apache.logging.log4j.core.pattern.ThreadNamePatternConverter newInstance(java.lang.String[])>;org.apache.logging.log4j.core.pattern.PatternParser.createConverter;590;isAccessible=false;
Method.invoke;<org.apache.logging.log4j.spi.StandardLevel: org.apache.logging.log4j.spi.StandardLevel[] values()>;java.lang.Class.getEnumConstantsShared;;isAccessible=true;
Method.invoke;<org.biojava.nbio.aaproperties.CommandPrompt: void main(java.lang.String[])>;org.dacapo.harness.BioJava.iterate;27;isAccessible=false;
Method.invoke;<org.dacapo.harness.TestHarness: void main(java.lang.String[])>;Harness.main;39;isAccessible=false;
